Archive member included because of file (symbol)

d:/quatur_edu/nios2eds/bin/gnu/h-i686-mingw32/bin/../lib/gcc/nios2-elf/4.1.2/../../../../nios2-elf/lib/mno-hw-mul\libsmallc.a(lib_a-printf.o)
                              obj/default/main.o (printf)
d:/quatur_edu/nios2eds/bin/gnu/h-i686-mingw32/bin/../lib/gcc/nios2-elf/4.1.2/../../../../nios2-elf/lib/mno-hw-mul\libsmallc.a(lib_a-puts.o)
                              obj/default/main.o (puts)
d:/quatur_edu/nios2eds/bin/gnu/h-i686-mingw32/bin/../lib/gcc/nios2-elf/4.1.2/../../../../nios2-elf/lib/mno-hw-mul\libsmallc.a(lib_a-strlen.o)
                              d:/quatur_edu/nios2eds/bin/gnu/h-i686-mingw32/bin/../lib/gcc/nios2-elf/4.1.2/../../../../nios2-elf/lib/mno-hw-mul\libsmallc.a(lib_a-puts.o) (strlen)
d:/quatur_edu/nios2eds/bin/gnu/h-i686-mingw32/bin/../lib/gcc/nios2-elf/4.1.2/../../../../nios2-elf/lib/mno-hw-mul\libsmallc.a(lib_a-vfprintf.o)
                              d:/quatur_edu/nios2eds/bin/gnu/h-i686-mingw32/bin/../lib/gcc/nios2-elf/4.1.2/../../../../nios2-elf/lib/mno-hw-mul\libsmallc.a(lib_a-printf.o) (___vfprintf_internal_r)
d:/quatur_edu/nios2eds/bin/gnu/h-i686-mingw32/bin/../lib/gcc/nios2-elf/4.1.2/../../../../nios2-elf/lib/mno-hw-mul\libsmallc.a(lib_a-fvwrite_small_dev.o)
                              d:/quatur_edu/nios2eds/bin/gnu/h-i686-mingw32/bin/../lib/gcc/nios2-elf/4.1.2/../../../../nios2-elf/lib/mno-hw-mul\libsmallc.a(lib_a-printf.o) (__sfvwrite_small_dev)
d:/quatur_edu/nios2eds/bin/gnu/h-i686-mingw32/bin/../lib/gcc/nios2-elf/4.1.2/../../../../nios2-elf/lib/mno-hw-mul\libsmallc.a(lib_a-impure.o)
                              d:/quatur_edu/nios2eds/bin/gnu/h-i686-mingw32/bin/../lib/gcc/nios2-elf/4.1.2/../../../../nios2-elf/lib/mno-hw-mul\libsmallc.a(lib_a-printf.o) (_impure_ptr)
d:/quatur_edu/nios2eds/bin/gnu/h-i686-mingw32/bin/../lib/gcc/nios2-elf/4.1.2/../../../../nios2-elf/lib/mno-hw-mul\libsmallc.a(lib_a-writer.o)
                              d:/quatur_edu/nios2eds/bin/gnu/h-i686-mingw32/bin/../lib/gcc/nios2-elf/4.1.2/../../../../nios2-elf/lib/mno-hw-mul\libsmallc.a(lib_a-fvwrite_small_dev.o) (_write_r)
d:/quatur_edu/nios2eds/bin/gnu/h-i686-mingw32/bin/../lib/gcc/nios2-elf/4.1.2/../../../../nios2-elf/lib/mno-hw-mul\libsmallc.a(lib_a-int_errno.o)
                              d:/quatur_edu/nios2eds/bin/gnu/h-i686-mingw32/bin/../lib/gcc/nios2-elf/4.1.2/../../../../nios2-elf/lib/mno-hw-mul\libsmallc.a(lib_a-writer.o) (errno)
d:/quatur_edu/nios2eds/bin/gnu/h-i686-mingw32/bin/../lib/gcc/nios2-elf/4.1.2/mno-hw-mul\libgcc.a(lib2-divmod.o)
                              d:/quatur_edu/nios2eds/bin/gnu/h-i686-mingw32/bin/../lib/gcc/nios2-elf/4.1.2/../../../../nios2-elf/lib/mno-hw-mul\libsmallc.a(lib_a-vfprintf.o) (__udivsi3)
d:/quatur_edu/nios2eds/bin/gnu/h-i686-mingw32/bin/../lib/gcc/nios2-elf/4.1.2/mno-hw-mul\libgcc.a(lib2-mul.o)
                              d:/quatur_edu/nios2eds/bin/gnu/h-i686-mingw32/bin/../lib/gcc/nios2-elf/4.1.2/../../../../nios2-elf/lib/mno-hw-mul\libsmallc.a(lib_a-vfprintf.o) (__mulsi3)
../edge_bsp/\libhal_bsp.a(alt_iic.o)
                              obj/default/main.o (alt_ic_isr_register)
../edge_bsp/\libhal_bsp.a(alt_iic_isr_register.o)
                              ../edge_bsp/\libhal_bsp.a(alt_iic.o) (alt_iic_isr_register)
../edge_bsp/\libhal_bsp.a(alt_irq_entry.o)
                              ../edge_bsp/\libhal_bsp.a(alt_iic_isr_register.o) (alt_irq_entry)
../edge_bsp/\libhal_bsp.a(alt_irq_handler.o)
                              ../edge_bsp/\libhal_bsp.a(alt_iic_isr_register.o) (alt_irq_handler)
../edge_bsp/\libhal_bsp.a(alt_irq_vars.o)
                              ../edge_bsp/\libhal_bsp.a(alt_iic.o) (alt_irq_active)
../edge_bsp/\libhal_bsp.a(alt_load.o)
                              ../edge_bsp//obj/HAL/src/crt0.o (alt_load)
../edge_bsp/\libhal_bsp.a(alt_main.o)
                              ../edge_bsp//obj/HAL/src/crt0.o (alt_main)
../edge_bsp/\libhal_bsp.a(alt_write.o)
                              d:/quatur_edu/nios2eds/bin/gnu/h-i686-mingw32/bin/../lib/gcc/nios2-elf/4.1.2/../../../../nios2-elf/lib/mno-hw-mul\libsmallc.a(lib_a-writer.o) (write)
../edge_bsp/\libhal_bsp.a(alt_sys_init.o)
                              ../edge_bsp/\libhal_bsp.a(alt_main.o) (alt_irq_init)
../edge_bsp/\libhal_bsp.a(altera_avalon_jtag_uart_fd.o)
                              ../edge_bsp/\libhal_bsp.a(alt_sys_init.o) (altera_avalon_jtag_uart_read_fd)
../edge_bsp/\libhal_bsp.a(altera_avalon_jtag_uart_read.o)
                              ../edge_bsp/\libhal_bsp.a(altera_avalon_jtag_uart_fd.o) (altera_avalon_jtag_uart_read)
../edge_bsp/\libhal_bsp.a(altera_avalon_jtag_uart_write.o)
                              ../edge_bsp/\libhal_bsp.a(altera_avalon_jtag_uart_fd.o) (altera_avalon_jtag_uart_write)
../edge_bsp/\libhal_bsp.a(alt_close.o)
                              ../edge_bsp/\libhal_bsp.a(alt_main.o) (close)
../edge_bsp/\libhal_bsp.a(alt_dcache_flush_all.o)
                              ../edge_bsp/\libhal_bsp.a(alt_load.o) (alt_dcache_flush_all)
../edge_bsp/\libhal_bsp.a(alt_dev.o)
                              ../edge_bsp/\libhal_bsp.a(alt_sys_init.o) (alt_dev_list)
../edge_bsp/\libhal_bsp.a(alt_dev_llist_insert.o)
                              ../edge_bsp/\libhal_bsp.a(alt_sys_init.o) (alt_dev_llist_insert)
../edge_bsp/\libhal_bsp.a(alt_do_ctors.o)
                              ../edge_bsp/\libhal_bsp.a(alt_main.o) (_do_ctors)
../edge_bsp/\libhal_bsp.a(alt_do_dtors.o)
                              ../edge_bsp/\libhal_bsp.a(alt_main.o) (_do_dtors)
../edge_bsp/\libhal_bsp.a(alt_errno.o)
                              ../edge_bsp/\libhal_bsp.a(alt_write.o) (alt_errno)
../edge_bsp/\libhal_bsp.a(alt_exception_entry.o)
                              ../edge_bsp/\libhal_bsp.a(alt_irq_entry.o) (alt_exception)
../edge_bsp/\libhal_bsp.a(alt_icache_flush_all.o)
                              ../edge_bsp/\libhal_bsp.a(alt_load.o) (alt_icache_flush_all)
../edge_bsp/\libhal_bsp.a(alt_io_redirect.o)
                              ../edge_bsp/\libhal_bsp.a(alt_main.o) (alt_io_redirect)
../edge_bsp/\libhal_bsp.a(alt_open.o)
                              ../edge_bsp/\libhal_bsp.a(alt_io_redirect.o) (open)
../edge_bsp/\libhal_bsp.a(alt_release_fd.o)
                              ../edge_bsp/\libhal_bsp.a(alt_close.o) (alt_release_fd)
../edge_bsp/\libhal_bsp.a(altera_nios2_qsys_irq.o)
                              ../edge_bsp/\libhal_bsp.a(alt_sys_init.o) (altera_nios2_qsys_irq_init)
../edge_bsp/\libhal_bsp.a(alt_find_dev.o)
                              ../edge_bsp/\libhal_bsp.a(alt_open.o) (alt_find_dev)
../edge_bsp/\libhal_bsp.a(alt_find_file.o)
                              ../edge_bsp/\libhal_bsp.a(alt_open.o) (alt_find_file)
../edge_bsp/\libhal_bsp.a(alt_get_fd.o)
                              ../edge_bsp/\libhal_bsp.a(alt_open.o) (alt_get_fd)
d:/quatur_edu/nios2eds/bin/gnu/h-i686-mingw32/bin/../lib/gcc/nios2-elf/4.1.2/../../../../nios2-elf/lib/mno-hw-mul\libsmallc.a(lib_a-atexit.o)
                              ../edge_bsp/\libhal_bsp.a(alt_main.o) (atexit)
d:/quatur_edu/nios2eds/bin/gnu/h-i686-mingw32/bin/../lib/gcc/nios2-elf/4.1.2/../../../../nios2-elf/lib/mno-hw-mul\libsmallc.a(lib_a-exit.o)
                              ../edge_bsp/\libhal_bsp.a(alt_main.o) (exit)
d:/quatur_edu/nios2eds/bin/gnu/h-i686-mingw32/bin/../lib/gcc/nios2-elf/4.1.2/../../../../nios2-elf/lib/mno-hw-mul\libsmallc.a(lib_a-memcmp.o)
                              ../edge_bsp/\libhal_bsp.a(alt_find_dev.o) (memcmp)
d:/quatur_edu/nios2eds/bin/gnu/h-i686-mingw32/bin/../lib/gcc/nios2-elf/4.1.2/../../../../nios2-elf/lib/mno-hw-mul\libsmallc.a(lib_a-__atexit.o)
                              d:/quatur_edu/nios2eds/bin/gnu/h-i686-mingw32/bin/../lib/gcc/nios2-elf/4.1.2/../../../../nios2-elf/lib/mno-hw-mul\libsmallc.a(lib_a-atexit.o) (__register_exitproc)
d:/quatur_edu/nios2eds/bin/gnu/h-i686-mingw32/bin/../lib/gcc/nios2-elf/4.1.2/../../../../nios2-elf/lib/mno-hw-mul\libsmallc.a(lib_a-__call_atexit.o)
                              d:/quatur_edu/nios2eds/bin/gnu/h-i686-mingw32/bin/../lib/gcc/nios2-elf/4.1.2/../../../../nios2-elf/lib/mno-hw-mul\libsmallc.a(lib_a-exit.o) (__call_exitprocs)
../edge_bsp/\libhal_bsp.a(alt_exit.o)
                              d:/quatur_edu/nios2eds/bin/gnu/h-i686-mingw32/bin/../lib/gcc/nios2-elf/4.1.2/../../../../nios2-elf/lib/mno-hw-mul\libsmallc.a(lib_a-exit.o) (_exit)

Allocating common symbols
Common symbol       size              file

alt_irq             0x100             ../edge_bsp/\libhal_bsp.a(alt_irq_handler.o)
errno               0x4               d:/quatur_edu/nios2eds/bin/gnu/h-i686-mingw32/bin/../lib/gcc/nios2-elf/4.1.2/../../../../nios2-elf/lib/mno-hw-mul\libsmallc.a(lib_a-int_errno.o)
_atexit0            0x8c              d:/quatur_edu/nios2eds/bin/gnu/h-i686-mingw32/bin/../lib/gcc/nios2-elf/4.1.2/../../../../nios2-elf/lib/mno-hw-mul\libsmallc.a(lib_a-atexit.o)

Memory Configuration

Name             Origin             Length             Attributes
reset            0x00000000         0x00000020
onchip_memory2_0 0x00000020         0x00007fe0
*default*        0x00000000         0xffffffff

Linker script and memory map

LOAD ../edge_bsp//obj/HAL/src/crt0.o
LOAD obj/default/main.o
LOAD d:/quatur_edu/nios2eds/bin/gnu/h-i686-mingw32/bin/../lib/gcc/nios2-elf/4.1.2/../../../../nios2-elf/lib/mno-hw-mul\libstdc++.a
LOAD d:/quatur_edu/nios2eds/bin/gnu/h-i686-mingw32/bin/../lib/gcc/nios2-elf/4.1.2/../../../../nios2-elf/lib/mno-hw-mul\libm.a
LOAD d:/quatur_edu/nios2eds/bin/gnu/h-i686-mingw32/bin/../lib/gcc/nios2-elf/4.1.2/mno-hw-mul\libgcc.a
START GROUP
LOAD d:/quatur_edu/nios2eds/bin/gnu/h-i686-mingw32/bin/../lib/gcc/nios2-elf/4.1.2/../../../../nios2-elf/lib/mno-hw-mul\libsmallc.a
LOAD d:/quatur_edu/nios2eds/bin/gnu/h-i686-mingw32/bin/../lib/gcc/nios2-elf/4.1.2/mno-hw-mul\libgcc.a
LOAD ../edge_bsp/\libhal_bsp.a
END GROUP
LOAD d:/quatur_edu/nios2eds/bin/gnu/h-i686-mingw32/bin/../lib/gcc/nios2-elf/4.1.2/mno-hw-mul\libgcc.a
                0x00000000                __alt_mem_onchip_memory2_0 = 0x0

.entry          0x00000000       0x20
 *(.entry)
 .entry         0x00000000       0x20 ../edge_bsp//obj/HAL/src/crt0.o
                0x00000000                __reset

.exceptions     0x00000020      0x194
                0x00000020                PROVIDE (__ram_exceptions_start, ABSOLUTE (.))
                0x00000020                . = ALIGN (0x20)
 *(.irq)
 *(.exceptions.entry.label)
 .exceptions.entry.label
                0x00000020        0x0 ../edge_bsp/\libhal_bsp.a(alt_irq_entry.o)
                0x00000020                alt_irq_entry
 .exceptions.entry.label
                0x00000020        0x0 ../edge_bsp/\libhal_bsp.a(alt_exception_entry.o)
                0x00000020                alt_exception
 *(.exceptions.entry.user)
 *(.exceptions.entry)
 .exceptions.entry
                0x00000020       0x54 ../edge_bsp/\libhal_bsp.a(alt_exception_entry.o)
 *(.exceptions.irqtest.user)
 *(.exceptions.irqtest)
 .exceptions.irqtest
                0x00000074       0x10 ../edge_bsp/\libhal_bsp.a(alt_irq_entry.o)
 *(.exceptions.irqhandler.user)
 *(.exceptions.irqhandler)
 .exceptions.irqhandler
                0x00000084        0x4 ../edge_bsp/\libhal_bsp.a(alt_irq_entry.o)
 *(.exceptions.irqreturn.user)
 *(.exceptions.irqreturn)
 .exceptions.irqreturn
                0x00000088        0x4 ../edge_bsp/\libhal_bsp.a(alt_irq_entry.o)
 *(.exceptions.notirq.label)
 .exceptions.notirq.label
                0x0000008c        0x0 ../edge_bsp/\libhal_bsp.a(alt_irq_entry.o)
 *(.exceptions.notirq.user)
 *(.exceptions.notirq)
 .exceptions.notirq
                0x0000008c        0x8 ../edge_bsp/\libhal_bsp.a(alt_exception_entry.o)
 *(.exceptions.soft.user)
 *(.exceptions.soft)
 *(.exceptions.unknown.user)
 *(.exceptions.unknown)
 .exceptions.unknown
                0x00000094        0x4 ../edge_bsp/\libhal_bsp.a(alt_exception_entry.o)
 *(.exceptions.exit.label)
 .exceptions.exit.label
                0x00000098        0x0 ../edge_bsp/\libhal_bsp.a(alt_irq_entry.o)
 .exceptions.exit.label
                0x00000098        0x0 ../edge_bsp/\libhal_bsp.a(alt_exception_entry.o)
 *(.exceptions.exit.user)
 *(.exceptions.exit)
 .exceptions.exit
                0x00000098       0x54 ../edge_bsp/\libhal_bsp.a(alt_exception_entry.o)
 *(.exceptions)
 .exceptions    0x000000ec       0xc8 ../edge_bsp/\libhal_bsp.a(alt_irq_handler.o)
                0x000000ec                alt_irq_handler
                0x000001b4                PROVIDE (__ram_exceptions_end, ABSOLUTE (.))
                0x00000020                PROVIDE (__flash_exceptions_start, LOADADDR (.exceptions))

.text           0x000001b4     0x25c0
                0x000001b4                PROVIDE (stext, ABSOLUTE (.))
 *(.interp)
 *(.hash)
 *(.dynsym)
 *(.dynstr)
 *(.gnu.version)
 *(.gnu.version_d)
 *(.gnu.version_r)
 *(.rel.init)
 *(.rela.init)
 *(.rel.text .rel.text.* .rel.gnu.linkonce.t.*)
 *(.rela.text .rela.text.* .rela.gnu.linkonce.t.*)
 *(.rel.fini)
 *(.rela.fini)
 *(.rel.rodata .rel.rodata.* .rel.gnu.linkonce.r.*)
 *(.rela.rodata .rela.rodata.* .rela.gnu.linkonce.r.*)
 *(.rel.data .rel.data.* .rel.gnu.linkonce.d.*)
 *(.rela.data .rela.data.* .rela.gnu.linkonce.d.*)
 *(.rel.tdata .rel.tdata.* .rel.gnu.linkonce.td.*)
 *(.rela.tdata .rela.tdata.* .rela.gnu.linkonce.td.*)
 *(.rel.tbss .rel.tbss.* .rel.gnu.linkonce.tb.*)
 *(.rela.tbss .rela.tbss.* .rela.gnu.linkonce.tb.*)
 *(.rel.ctors)
 *(.rela.ctors)
 *(.rel.dtors)
 *(.rela.dtors)
 *(.rel.got)
 *(.rela.got)
 *(.rel.sdata .rel.sdata.* .rel.gnu.linkonce.s.*)
 *(.rela.sdata .rela.sdata.* .rela.gnu.linkonce.s.*)
 *(.rel.sbss .rel.sbss.* .rel.gnu.linkonce.sb.*)
 *(.rela.sbss .rela.sbss.* .rela.gnu.linkonce.sb.*)
 *(.rel.sdata2 .rel.sdata2.* .rel.gnu.linkonce.s2.*)
 *(.rela.sdata2 .rela.sdata2.* .rela.gnu.linkonce.s2.*)
 *(.rel.sbss2 .rel.sbss2.* .rel.gnu.linkonce.sb2.*)
 *(.rela.sbss2 .rela.sbss2.* .rela.gnu.linkonce.sb2.*)
 *(.rel.bss .rel.bss.* .rel.gnu.linkonce.b.*)
 *(.rela.bss .rela.bss.* .rela.gnu.linkonce.b.*)
 *(.rel.plt)
 *(.rela.plt)
 *(.rel.dyn)
 *(.init)
 *(.plt)
 *(.text .stub .text.* .gnu.linkonce.t.*)
 .text          0x000001b4       0x3c ../edge_bsp//obj/HAL/src/crt0.o
                0x000001b4                _start
 .text          0x000001f0      0x2a4 obj/default/main.o
                0x000003c0                main
 .text          0x00000494       0x98 d:/quatur_edu/nios2eds/bin/gnu/h-i686-mingw32/bin/../lib/gcc/nios2-elf/4.1.2/../../../../nios2-elf/lib/mno-hw-mul\libsmallc.a(lib_a-printf.o)
                0x00000494                printf
                0x000004e8                _printf_r
 .text          0x0000052c       0xa4 d:/quatur_edu/nios2eds/bin/gnu/h-i686-mingw32/bin/../lib/gcc/nios2-elf/4.1.2/../../../../nios2-elf/lib/mno-hw-mul\libsmallc.a(lib_a-puts.o)
                0x0000052c                _puts_r
                0x000005bc                puts
 .text          0x000005d0       0x20 d:/quatur_edu/nios2eds/bin/gnu/h-i686-mingw32/bin/../lib/gcc/nios2-elf/4.1.2/../../../../nios2-elf/lib/mno-hw-mul\libsmallc.a(lib_a-strlen.o)
                0x000005d0                strlen
 .text          0x000005f0      0x740 d:/quatur_edu/nios2eds/bin/gnu/h-i686-mingw32/bin/../lib/gcc/nios2-elf/4.1.2/../../../../nios2-elf/lib/mno-hw-mul\libsmallc.a(lib_a-vfprintf.o)
                0x00000670                ___vfprintf_internal_r
                0x00000d0c                __vfprintf_internal
 .text          0x00000d30       0xbc d:/quatur_edu/nios2eds/bin/gnu/h-i686-mingw32/bin/../lib/gcc/nios2-elf/4.1.2/../../../../nios2-elf/lib/mno-hw-mul\libsmallc.a(lib_a-fvwrite_small_dev.o)
                0x00000d30                __sfvwrite_small_dev
 .text          0x00000dec        0x0 d:/quatur_edu/nios2eds/bin/gnu/h-i686-mingw32/bin/../lib/gcc/nios2-elf/4.1.2/../../../../nios2-elf/lib/mno-hw-mul\libsmallc.a(lib_a-impure.o)
 .text          0x00000dec       0x78 d:/quatur_edu/nios2eds/bin/gnu/h-i686-mingw32/bin/../lib/gcc/nios2-elf/4.1.2/../../../../nios2-elf/lib/mno-hw-mul\libsmallc.a(lib_a-writer.o)
                0x00000dec                _write_r
 .text          0x00000e64        0x0 d:/quatur_edu/nios2eds/bin/gnu/h-i686-mingw32/bin/../lib/gcc/nios2-elf/4.1.2/../../../../nios2-elf/lib/mno-hw-mul\libsmallc.a(lib_a-int_errno.o)
 .text          0x00000e64      0x14c d:/quatur_edu/nios2eds/bin/gnu/h-i686-mingw32/bin/../lib/gcc/nios2-elf/4.1.2/mno-hw-mul\libgcc.a(lib2-divmod.o)
                0x00000ee0                __divsi3
                0x00000f40                __modsi3
                0x00000fa0                __udivsi3
                0x00000fa8                __umodsi3
 .text          0x00000fb0       0x38 d:/quatur_edu/nios2eds/bin/gnu/h-i686-mingw32/bin/../lib/gcc/nios2-elf/4.1.2/mno-hw-mul\libgcc.a(lib2-mul.o)
                0x00000fb0                __mulsi3
 .text          0x00000fe8      0x1d4 ../edge_bsp/\libhal_bsp.a(alt_iic.o)
                0x00000fe8                alt_ic_isr_register
                0x00001038                alt_ic_irq_enable
                0x000010d4                alt_ic_irq_disable
                0x00001174                alt_ic_irq_enabled
 .text          0x000011bc       0xf8 ../edge_bsp/\libhal_bsp.a(alt_iic_isr_register.o)
                0x000011bc                alt_iic_isr_register
 .text          0x000012b4        0x0 ../edge_bsp/\libhal_bsp.a(alt_irq_entry.o)
 .text          0x000012b4        0x0 ../edge_bsp/\libhal_bsp.a(alt_irq_handler.o)
 .text          0x000012b4        0x0 ../edge_bsp/\libhal_bsp.a(alt_irq_vars.o)
 .text          0x000012b4       0xec ../edge_bsp/\libhal_bsp.a(alt_load.o)
                0x000012b4                alt_load
 .text          0x000013a0       0x6c ../edge_bsp/\libhal_bsp.a(alt_main.o)
                0x000013a0                alt_main
 .text          0x0000140c      0x184 ../edge_bsp/\libhal_bsp.a(alt_write.o)
                0x0000140c                write
 .text          0x00001590       0x9c ../edge_bsp/\libhal_bsp.a(alt_sys_init.o)
                0x00001590                alt_irq_init
                0x000015c4                alt_sys_init
 .text          0x0000162c       0xb0 ../edge_bsp/\libhal_bsp.a(altera_avalon_jtag_uart_fd.o)
                0x0000162c                altera_avalon_jtag_uart_read_fd
                0x00001684                altera_avalon_jtag_uart_write_fd
 .text          0x000016dc      0x104 ../edge_bsp/\libhal_bsp.a(altera_avalon_jtag_uart_read.o)
                0x000016dc                altera_avalon_jtag_uart_read
 .text          0x000017e0       0xa4 ../edge_bsp/\libhal_bsp.a(altera_avalon_jtag_uart_write.o)
                0x000017e0                altera_avalon_jtag_uart_write
 .text          0x00001884      0x160 ../edge_bsp/\libhal_bsp.a(alt_close.o)
                0x00001884                close
 .text          0x000019e4       0x1c ../edge_bsp/\libhal_bsp.a(alt_dcache_flush_all.o)
                0x000019e4                alt_dcache_flush_all
 .text          0x00001a00       0x2c ../edge_bsp/\libhal_bsp.a(alt_dev.o)
 .text          0x00001a2c      0x114 ../edge_bsp/\libhal_bsp.a(alt_dev_llist_insert.o)
                0x00001a2c                alt_dev_llist_insert
 .text          0x00001b40       0x64 ../edge_bsp/\libhal_bsp.a(alt_do_ctors.o)
                0x00001b40                _do_ctors
 .text          0x00001ba4       0x64 ../edge_bsp/\libhal_bsp.a(alt_do_dtors.o)
                0x00001ba4                _do_dtors
 .text          0x00001c08        0x0 ../edge_bsp/\libhal_bsp.a(alt_errno.o)
 .text          0x00001c08        0x0 ../edge_bsp/\libhal_bsp.a(alt_exception_entry.o)
 .text          0x00001c08       0x1c ../edge_bsp/\libhal_bsp.a(alt_icache_flush_all.o)
                0x00001c08                alt_icache_flush_all
 .text          0x00001c24      0x150 ../edge_bsp/\libhal_bsp.a(alt_io_redirect.o)
                0x00001cfc                alt_io_redirect
 .text          0x00001d74      0x2e4 ../edge_bsp/\libhal_bsp.a(alt_open.o)
                0x00001e6c                open
 .text          0x00002058       0x78 ../edge_bsp/\libhal_bsp.a(alt_release_fd.o)
                0x00002058                alt_release_fd
 .text          0x000020d0       0x20 ../edge_bsp/\libhal_bsp.a(altera_nios2_qsys_irq.o)
                0x000020d0                altera_nios2_qsys_irq_init
 .text          0x000020f0       0x94 ../edge_bsp/\libhal_bsp.a(alt_find_dev.o)
                0x000020f0                alt_find_dev
 .text          0x00002184      0x120 ../edge_bsp/\libhal_bsp.a(alt_find_file.o)
                0x00002184                alt_find_file
 .text          0x000022a4       0xd0 ../edge_bsp/\libhal_bsp.a(alt_get_fd.o)
                0x000022a4                alt_get_fd
 .text          0x00002374       0x14 d:/quatur_edu/nios2eds/bin/gnu/h-i686-mingw32/bin/../lib/gcc/nios2-elf/4.1.2/../../../../nios2-elf/lib/mno-hw-mul\libsmallc.a(lib_a-atexit.o)
                0x00002374                atexit
 .text          0x00002388       0x20 d:/quatur_edu/nios2eds/bin/gnu/h-i686-mingw32/bin/../lib/gcc/nios2-elf/4.1.2/../../../../nios2-elf/lib/mno-hw-mul\libsmallc.a(lib_a-exit.o)
                0x00002388                exit
 .text          0x000023a8       0x3c d:/quatur_edu/nios2eds/bin/gnu/h-i686-mingw32/bin/../lib/gcc/nios2-elf/4.1.2/../../../../nios2-elf/lib/mno-hw-mul\libsmallc.a(lib_a-memcmp.o)
                0x000023a8                memcmp
 .text          0x000023e4      0x16c d:/quatur_edu/nios2eds/bin/gnu/h-i686-mingw32/bin/../lib/gcc/nios2-elf/4.1.2/../../../../nios2-elf/lib/mno-hw-mul\libsmallc.a(lib_a-__atexit.o)
                0x000023e4                __register_exitproc
 .text          0x00002550      0x1c0 d:/quatur_edu/nios2eds/bin/gnu/h-i686-mingw32/bin/../lib/gcc/nios2-elf/4.1.2/../../../../nios2-elf/lib/mno-hw-mul\libsmallc.a(lib_a-__call_atexit.o)
                0x00002554                __call_exitprocs
 .text          0x00002710       0x60 ../edge_bsp/\libhal_bsp.a(alt_exit.o)
                0x00002750                _exit
 *(.gnu.warning.*)
 *(.fini)
                0x00002770                PROVIDE (__etext, ABSOLUTE (.))
                0x00002770                PROVIDE (_etext, ABSOLUTE (.))
                0x00002770                PROVIDE (etext, ABSOLUTE (.))
 *(.eh_frame_hdr)
                0x00002770                . = ALIGN (0x4)
                0x00002770                PROVIDE (__preinit_array_start, ABSOLUTE (.))
 *(.preinit_array)
                0x00002770                PROVIDE (__preinit_array_end, ABSOLUTE (.))
                0x00002770                PROVIDE (__init_array_start, ABSOLUTE (.))
 *(.init_array)
                0x00002770                PROVIDE (__init_array_end, ABSOLUTE (.))
                0x00002770                PROVIDE (__fini_array_start, ABSOLUTE (.))
 *(.fini_array)
                0x00002770                PROVIDE (__fini_array_end, ABSOLUTE (.))
 *(.eh_frame)
 *(.gcc_except_table)
 *(.dynamic)
                0x00002770                PROVIDE (__CTOR_LIST__, ABSOLUTE (.))
 *(.ctors)
 *(SORT(.ctors.*))
 .ctors.65535   0x00002770        0x4 d:/quatur_edu/nios2eds/bin/gnu/h-i686-mingw32/bin/../lib/gcc/nios2-elf/4.1.2/../../../../nios2-elf/lib/mno-hw-mul\libsmallc.a(lib_a-__call_atexit.o)
                0x00002774                PROVIDE (__CTOR_END__, ABSOLUTE (.))
                0x00002774                PROVIDE (__DTOR_LIST__, ABSOLUTE (.))
 *(.dtors)
 *(SORT(.dtors.*))
                0x00002774                PROVIDE (__DTOR_END__, ABSOLUTE (.))
 *(.jcr)
                0x00002774                . = ALIGN (0x4)

.rodata         0x00002774       0xfc
                0x00002774                PROVIDE (__ram_rodata_start, ABSOLUTE (.))
                0x00002774                . = ALIGN (0x4)
 *(.rodata .rodata.* .gnu.linkonce.r.*)
 .rodata        0x00002774       0xc4 obj/default/main.o
 .rodata.str1.4
                0x00002838        0x4 d:/quatur_edu/nios2eds/bin/gnu/h-i686-mingw32/bin/../lib/gcc/nios2-elf/4.1.2/../../../../nios2-elf/lib/mno-hw-mul\libsmallc.a(lib_a-puts.o)
 .rodata        0x0000283c       0x14 ../edge_bsp/\libhal_bsp.a(alt_main.o)
 .rodata        0x00002850       0x14 ../edge_bsp/\libhal_bsp.a(alt_sys_init.o)
 .rodata        0x00002864        0xc ../edge_bsp/\libhal_bsp.a(alt_dev.o)
 *(.rodata1)
                0x00002870                . = ALIGN (0x4)
                0x00002870                PROVIDE (__ram_rodata_end, ABSOLUTE (.))
                0x00002774                PROVIDE (__flash_rodata_start, LOADADDR (.rodata))

.rwdata         0x00002870      0x2d8 load address 0x00002b48
                0x00002870                PROVIDE (__ram_rwdata_start, ABSOLUTE (.))
                0x00002870                . = ALIGN (0x4)
 *(.got.plt)
 *(.got)
 *(.data1)
 *(.data .data.* .gnu.linkonce.d.*)
 .data          0x00002870        0x0 ../edge_bsp//obj/HAL/src/crt0.o
 .data          0x00002870        0x0 obj/default/main.o
 .data          0x00002870        0x0 d:/quatur_edu/nios2eds/bin/gnu/h-i686-mingw32/bin/../lib/gcc/nios2-elf/4.1.2/../../../../nios2-elf/lib/mno-hw-mul\libsmallc.a(lib_a-printf.o)
 .data          0x00002870        0x0 d:/quatur_edu/nios2eds/bin/gnu/h-i686-mingw32/bin/../lib/gcc/nios2-elf/4.1.2/../../../../nios2-elf/lib/mno-hw-mul\libsmallc.a(lib_a-puts.o)
 .data          0x00002870        0x0 d:/quatur_edu/nios2eds/bin/gnu/h-i686-mingw32/bin/../lib/gcc/nios2-elf/4.1.2/../../../../nios2-elf/lib/mno-hw-mul\libsmallc.a(lib_a-strlen.o)
 .data          0x00002870        0x0 d:/quatur_edu/nios2eds/bin/gnu/h-i686-mingw32/bin/../lib/gcc/nios2-elf/4.1.2/../../../../nios2-elf/lib/mno-hw-mul\libsmallc.a(lib_a-vfprintf.o)
 .data          0x00002870        0x0 d:/quatur_edu/nios2eds/bin/gnu/h-i686-mingw32/bin/../lib/gcc/nios2-elf/4.1.2/../../../../nios2-elf/lib/mno-hw-mul\libsmallc.a(lib_a-fvwrite_small_dev.o)
 .data          0x00002870       0xe0 d:/quatur_edu/nios2eds/bin/gnu/h-i686-mingw32/bin/../lib/gcc/nios2-elf/4.1.2/../../../../nios2-elf/lib/mno-hw-mul\libsmallc.a(lib_a-impure.o)
 .data          0x00002950        0x0 d:/quatur_edu/nios2eds/bin/gnu/h-i686-mingw32/bin/../lib/gcc/nios2-elf/4.1.2/../../../../nios2-elf/lib/mno-hw-mul\libsmallc.a(lib_a-writer.o)
 .data          0x00002950        0x0 d:/quatur_edu/nios2eds/bin/gnu/h-i686-mingw32/bin/../lib/gcc/nios2-elf/4.1.2/../../../../nios2-elf/lib/mno-hw-mul\libsmallc.a(lib_a-int_errno.o)
 .data          0x00002950        0x0 d:/quatur_edu/nios2eds/bin/gnu/h-i686-mingw32/bin/../lib/gcc/nios2-elf/4.1.2/mno-hw-mul\libgcc.a(lib2-divmod.o)
 .data          0x00002950        0x0 d:/quatur_edu/nios2eds/bin/gnu/h-i686-mingw32/bin/../lib/gcc/nios2-elf/4.1.2/mno-hw-mul\libgcc.a(lib2-mul.o)
 .data          0x00002950        0x0 ../edge_bsp/\libhal_bsp.a(alt_iic.o)
 .data          0x00002950        0x0 ../edge_bsp/\libhal_bsp.a(alt_iic_isr_register.o)
 .data          0x00002950        0x0 ../edge_bsp/\libhal_bsp.a(alt_irq_entry.o)
 .data          0x00002950        0x0 ../edge_bsp/\libhal_bsp.a(alt_irq_handler.o)
 .data          0x00002950        0x0 ../edge_bsp/\libhal_bsp.a(alt_irq_vars.o)
 .data          0x00002950        0x0 ../edge_bsp/\libhal_bsp.a(alt_load.o)
 .data          0x00002950        0x0 ../edge_bsp/\libhal_bsp.a(alt_main.o)
 .data          0x00002950        0x0 ../edge_bsp/\libhal_bsp.a(alt_write.o)
 .data          0x00002950       0x2c ../edge_bsp/\libhal_bsp.a(alt_sys_init.o)
 .data          0x0000297c        0x0 ../edge_bsp/\libhal_bsp.a(altera_avalon_jtag_uart_fd.o)
 .data          0x0000297c        0x0 ../edge_bsp/\libhal_bsp.a(altera_avalon_jtag_uart_read.o)
 .data          0x0000297c        0x0 ../edge_bsp/\libhal_bsp.a(altera_avalon_jtag_uart_write.o)
 .data          0x0000297c        0x0 ../edge_bsp/\libhal_bsp.a(alt_close.o)
 .data          0x0000297c        0x0 ../edge_bsp/\libhal_bsp.a(alt_dcache_flush_all.o)
 .data          0x0000297c      0x1a8 ../edge_bsp/\libhal_bsp.a(alt_dev.o)
                0x0000297c                alt_dev_null
                0x000029a4                alt_fd_list
 .data          0x00002b24        0x0 ../edge_bsp/\libhal_bsp.a(alt_dev_llist_insert.o)
 .data          0x00002b24        0x0 ../edge_bsp/\libhal_bsp.a(alt_do_ctors.o)
 .data          0x00002b24        0x0 ../edge_bsp/\libhal_bsp.a(alt_do_dtors.o)
 .data          0x00002b24        0x0 ../edge_bsp/\libhal_bsp.a(alt_errno.o)
 .data          0x00002b24        0x0 ../edge_bsp/\libhal_bsp.a(alt_exception_entry.o)
 .data          0x00002b24        0x0 ../edge_bsp/\libhal_bsp.a(alt_icache_flush_all.o)
 .data          0x00002b24        0x0 ../edge_bsp/\libhal_bsp.a(alt_io_redirect.o)
 .data          0x00002b24        0x0 ../edge_bsp/\libhal_bsp.a(alt_open.o)
 .data          0x00002b24        0x0 ../edge_bsp/\libhal_bsp.a(alt_release_fd.o)
 .data          0x00002b24        0x0 ../edge_bsp/\libhal_bsp.a(altera_nios2_qsys_irq.o)
 .data          0x00002b24        0x0 ../edge_bsp/\libhal_bsp.a(alt_find_dev.o)
 .data          0x00002b24        0x0 ../edge_bsp/\libhal_bsp.a(alt_find_file.o)
 .data          0x00002b24        0x0 ../edge_bsp/\libhal_bsp.a(alt_get_fd.o)
 .data          0x00002b24        0x0 d:/quatur_edu/nios2eds/bin/gnu/h-i686-mingw32/bin/../lib/gcc/nios2-elf/4.1.2/../../../../nios2-elf/lib/mno-hw-mul\libsmallc.a(lib_a-atexit.o)
 .data          0x00002b24        0x0 d:/quatur_edu/nios2eds/bin/gnu/h-i686-mingw32/bin/../lib/gcc/nios2-elf/4.1.2/../../../../nios2-elf/lib/mno-hw-mul\libsmallc.a(lib_a-exit.o)
 .data          0x00002b24        0x0 d:/quatur_edu/nios2eds/bin/gnu/h-i686-mingw32/bin/../lib/gcc/nios2-elf/4.1.2/../../../../nios2-elf/lib/mno-hw-mul\libsmallc.a(lib_a-memcmp.o)
 .data          0x00002b24        0x0 d:/quatur_edu/nios2eds/bin/gnu/h-i686-mingw32/bin/../lib/gcc/nios2-elf/4.1.2/../../../../nios2-elf/lib/mno-hw-mul\libsmallc.a(lib_a-__atexit.o)
 .data          0x00002b24        0x0 d:/quatur_edu/nios2eds/bin/gnu/h-i686-mingw32/bin/../lib/gcc/nios2-elf/4.1.2/../../../../nios2-elf/lib/mno-hw-mul\libsmallc.a(lib_a-__call_atexit.o)
 .data          0x00002b24        0x0 ../edge_bsp/\libhal_bsp.a(alt_exit.o)
                0x0000ab24                _gp = ABSOLUTE ((. + 0x8000))
                0x0000ab24                PROVIDE (gp, _gp)
 *(.rwdata .rwdata.*)
 *(.sdata .sdata.* .gnu.linkonce.s.*)
 .sdata         0x00002b24        0x8 d:/quatur_edu/nios2eds/bin/gnu/h-i686-mingw32/bin/../lib/gcc/nios2-elf/4.1.2/../../../../nios2-elf/lib/mno-hw-mul\libsmallc.a(lib_a-impure.o)
                0x00002b24                _impure_ptr
                0x00002b28                _global_impure_ptr
 .sdata         0x00002b2c        0x4 ../edge_bsp/\libhal_bsp.a(alt_irq_vars.o)
                0x00002b2c                alt_priority_mask
 .sdata         0x00002b30       0x14 ../edge_bsp/\libhal_bsp.a(alt_dev.o)
                0x00002b30                alt_fs_list
                0x00002b38                alt_dev_list
                0x00002b40                alt_max_fd
 .sdata         0x00002b44        0x4 ../edge_bsp/\libhal_bsp.a(alt_errno.o)
                0x00002b44                alt_errno
 *(.sdata2 .sdata2.* .gnu.linkonce.s2.*)
                0x00002b48                . = ALIGN (0x4)
                0x00002b48                _edata = ABSOLUTE (.)
                0x00002b48                PROVIDE (edata, ABSOLUTE (.))
                0x00002b48                PROVIDE (__ram_rwdata_end, ABSOLUTE (.))
                0x00002b48                PROVIDE (__flash_rwdata_start, LOADADDR (.rwdata))

.bss            0x00002e20      0x1ac
                0x00002e20                __bss_start = ABSOLUTE (.)
                0x00002e20                PROVIDE (__sbss_start, ABSOLUTE (.))
                0x00002e20                PROVIDE (___sbss_start, ABSOLUTE (.))
 *(.dynsbss)
 *(.sbss .sbss.* .gnu.linkonce.sb.*)
 .sbss          0x00002e20        0xc obj/default/main.o
 .sbss          0x00002e2c        0x4 d:/quatur_edu/nios2eds/bin/gnu/h-i686-mingw32/bin/../lib/gcc/nios2-elf/4.1.2/../../../../nios2-elf/lib/mno-hw-mul\libsmallc.a(lib_a-int_errno.o)
                0x00002e2c                errno
 .sbss          0x00002e30        0x4 ../edge_bsp/\libhal_bsp.a(alt_irq_vars.o)
                0x00002e30                alt_irq_active
 .sbss          0x00002e34        0xc ../edge_bsp/\libhal_bsp.a(alt_main.o)
                0x00002e34                alt_argc
                0x00002e38                alt_argv
                0x00002e3c                alt_envp
 *(.sbss2 .sbss2.* .gnu.linkonce.sb2.*)
 *(.scommon)
                0x00002e40                PROVIDE (__sbss_end, ABSOLUTE (.))
                0x00002e40                PROVIDE (___sbss_end, ABSOLUTE (.))
 *(.dynbss)
 *(.bss .bss.* .gnu.linkonce.b.*)
 .bss           0x00002e40        0x0 ../edge_bsp//obj/HAL/src/crt0.o
 .bss           0x00002e40        0x0 obj/default/main.o
 .bss           0x00002e40        0x0 d:/quatur_edu/nios2eds/bin/gnu/h-i686-mingw32/bin/../lib/gcc/nios2-elf/4.1.2/../../../../nios2-elf/lib/mno-hw-mul\libsmallc.a(lib_a-printf.o)
 .bss           0x00002e40        0x0 d:/quatur_edu/nios2eds/bin/gnu/h-i686-mingw32/bin/../lib/gcc/nios2-elf/4.1.2/../../../../nios2-elf/lib/mno-hw-mul\libsmallc.a(lib_a-puts.o)
 .bss           0x00002e40        0x0 d:/quatur_edu/nios2eds/bin/gnu/h-i686-mingw32/bin/../lib/gcc/nios2-elf/4.1.2/../../../../nios2-elf/lib/mno-hw-mul\libsmallc.a(lib_a-strlen.o)
 .bss           0x00002e40        0x0 d:/quatur_edu/nios2eds/bin/gnu/h-i686-mingw32/bin/../lib/gcc/nios2-elf/4.1.2/../../../../nios2-elf/lib/mno-hw-mul\libsmallc.a(lib_a-vfprintf.o)
 .bss           0x00002e40        0x0 d:/quatur_edu/nios2eds/bin/gnu/h-i686-mingw32/bin/../lib/gcc/nios2-elf/4.1.2/../../../../nios2-elf/lib/mno-hw-mul\libsmallc.a(lib_a-fvwrite_small_dev.o)
 .bss           0x00002e40        0x0 d:/quatur_edu/nios2eds/bin/gnu/h-i686-mingw32/bin/../lib/gcc/nios2-elf/4.1.2/../../../../nios2-elf/lib/mno-hw-mul\libsmallc.a(lib_a-impure.o)
 .bss           0x00002e40        0x0 d:/quatur_edu/nios2eds/bin/gnu/h-i686-mingw32/bin/../lib/gcc/nios2-elf/4.1.2/../../../../nios2-elf/lib/mno-hw-mul\libsmallc.a(lib_a-writer.o)
 .bss           0x00002e40        0x0 d:/quatur_edu/nios2eds/bin/gnu/h-i686-mingw32/bin/../lib/gcc/nios2-elf/4.1.2/../../../../nios2-elf/lib/mno-hw-mul\libsmallc.a(lib_a-int_errno.o)
 .bss           0x00002e40        0x0 d:/quatur_edu/nios2eds/bin/gnu/h-i686-mingw32/bin/../lib/gcc/nios2-elf/4.1.2/mno-hw-mul\libgcc.a(lib2-divmod.o)
 .bss           0x00002e40        0x0 d:/quatur_edu/nios2eds/bin/gnu/h-i686-mingw32/bin/../lib/gcc/nios2-elf/4.1.2/mno-hw-mul\libgcc.a(lib2-mul.o)
 .bss           0x00002e40        0x0 ../edge_bsp/\libhal_bsp.a(alt_iic.o)
 .bss           0x00002e40        0x0 ../edge_bsp/\libhal_bsp.a(alt_iic_isr_register.o)
 .bss           0x00002e40        0x0 ../edge_bsp/\libhal_bsp.a(alt_irq_entry.o)
 .bss           0x00002e40        0x0 ../edge_bsp/\libhal_bsp.a(alt_irq_handler.o)
 .bss           0x00002e40        0x0 ../edge_bsp/\libhal_bsp.a(alt_irq_vars.o)
 .bss           0x00002e40        0x0 ../edge_bsp/\libhal_bsp.a(alt_load.o)
 .bss           0x00002e40        0x0 ../edge_bsp/\libhal_bsp.a(alt_main.o)
 .bss           0x00002e40        0x0 ../edge_bsp/\libhal_bsp.a(alt_write.o)
 .bss           0x00002e40        0x0 ../edge_bsp/\libhal_bsp.a(alt_sys_init.o)
 .bss           0x00002e40        0x0 ../edge_bsp/\libhal_bsp.a(altera_avalon_jtag_uart_fd.o)
 .bss           0x00002e40        0x0 ../edge_bsp/\libhal_bsp.a(altera_avalon_jtag_uart_read.o)
 .bss           0x00002e40        0x0 ../edge_bsp/\libhal_bsp.a(altera_avalon_jtag_uart_write.o)
 .bss           0x00002e40        0x0 ../edge_bsp/\libhal_bsp.a(alt_close.o)
 .bss           0x00002e40        0x0 ../edge_bsp/\libhal_bsp.a(alt_dcache_flush_all.o)
 .bss           0x00002e40        0x0 ../edge_bsp/\libhal_bsp.a(alt_dev.o)
 .bss           0x00002e40        0x0 ../edge_bsp/\libhal_bsp.a(alt_dev_llist_insert.o)
 .bss           0x00002e40        0x0 ../edge_bsp/\libhal_bsp.a(alt_do_ctors.o)
 .bss           0x00002e40        0x0 ../edge_bsp/\libhal_bsp.a(alt_do_dtors.o)
 .bss           0x00002e40        0x0 ../edge_bsp/\libhal_bsp.a(alt_errno.o)
 .bss           0x00002e40        0x0 ../edge_bsp/\libhal_bsp.a(alt_exception_entry.o)
 .bss           0x00002e40        0x0 ../edge_bsp/\libhal_bsp.a(alt_icache_flush_all.o)
 .bss           0x00002e40        0x0 ../edge_bsp/\libhal_bsp.a(alt_io_redirect.o)
 .bss           0x00002e40        0x0 ../edge_bsp/\libhal_bsp.a(alt_open.o)
 .bss           0x00002e40        0x0 ../edge_bsp/\libhal_bsp.a(alt_release_fd.o)
 .bss           0x00002e40        0x0 ../edge_bsp/\libhal_bsp.a(altera_nios2_qsys_irq.o)
 .bss           0x00002e40        0x0 ../edge_bsp/\libhal_bsp.a(alt_find_dev.o)
 .bss           0x00002e40        0x0 ../edge_bsp/\libhal_bsp.a(alt_find_file.o)
 .bss           0x00002e40        0x0 ../edge_bsp/\libhal_bsp.a(alt_get_fd.o)
 .bss           0x00002e40        0x0 d:/quatur_edu/nios2eds/bin/gnu/h-i686-mingw32/bin/../lib/gcc/nios2-elf/4.1.2/../../../../nios2-elf/lib/mno-hw-mul\libsmallc.a(lib_a-atexit.o)
 .bss           0x00002e40        0x0 d:/quatur_edu/nios2eds/bin/gnu/h-i686-mingw32/bin/../lib/gcc/nios2-elf/4.1.2/../../../../nios2-elf/lib/mno-hw-mul\libsmallc.a(lib_a-exit.o)
 .bss           0x00002e40        0x0 d:/quatur_edu/nios2eds/bin/gnu/h-i686-mingw32/bin/../lib/gcc/nios2-elf/4.1.2/../../../../nios2-elf/lib/mno-hw-mul\libsmallc.a(lib_a-memcmp.o)
 .bss           0x00002e40        0x0 d:/quatur_edu/nios2eds/bin/gnu/h-i686-mingw32/bin/../lib/gcc/nios2-elf/4.1.2/../../../../nios2-elf/lib/mno-hw-mul\libsmallc.a(lib_a-__atexit.o)
 .bss           0x00002e40        0x0 d:/quatur_edu/nios2eds/bin/gnu/h-i686-mingw32/bin/../lib/gcc/nios2-elf/4.1.2/../../../../nios2-elf/lib/mno-hw-mul\libsmallc.a(lib_a-__call_atexit.o)
 .bss           0x00002e40        0x0 ../edge_bsp/\libhal_bsp.a(alt_exit.o)
 *(COMMON)
 COMMON         0x00002e40      0x100 ../edge_bsp/\libhal_bsp.a(alt_irq_handler.o)
                0x00002e40                alt_irq
 COMMON         0x00002f40       0x8c d:/quatur_edu/nios2eds/bin/gnu/h-i686-mingw32/bin/../lib/gcc/nios2-elf/4.1.2/../../../../nios2-elf/lib/mno-hw-mul\libsmallc.a(lib_a-atexit.o)
                0x00002f40                _atexit0
                0x00002fcc                . = ALIGN (0x4)
                0x00002fcc                __bss_end = ABSOLUTE (.)

.onchip_memory2_0
                0x00002fcc        0x0
                0x00002fcc                PROVIDE (_alt_partition_onchip_memory2_0_start, ABSOLUTE (.))
 *(.onchip_memory2_0. onchip_memory2_0.*)
                0x00002fcc                . = ALIGN (0x4)
                0x00002fcc                PROVIDE (_alt_partition_onchip_memory2_0_end, ABSOLUTE (.))
                0x00002fcc                _end = ABSOLUTE (.)
                0x00002fcc                end = ABSOLUTE (.)
                0x00002fcc                __alt_stack_base = ABSOLUTE (.)
                0x00002fcc                PROVIDE (_alt_partition_onchip_memory2_0_load_addr, LOADADDR (.onchip_memory2_0))

.stab
 *(.stab)

.stabstr
 *(.stabstr)

.stab.excl
 *(.stab.excl)

.stab.exclstr
 *(.stab.exclstr)

.stab.index
 *(.stab.index)

.stab.indexstr
 *(.stab.indexstr)

.comment        0x00000000       0x26
 *(.comment)
 .comment       0x00000000       0x26 obj/default/main.o
                                 0x27 (size before relaxing)
 .comment       0x00000000       0x27 d:/quatur_edu/nios2eds/bin/gnu/h-i686-mingw32/bin/../lib/gcc/nios2-elf/4.1.2/../../../../nios2-elf/lib/mno-hw-mul\libsmallc.a(lib_a-printf.o)
 .comment       0x00000000       0x27 d:/quatur_edu/nios2eds/bin/gnu/h-i686-mingw32/bin/../lib/gcc/nios2-elf/4.1.2/../../../../nios2-elf/lib/mno-hw-mul\libsmallc.a(lib_a-puts.o)
 .comment       0x00000000       0x27 d:/quatur_edu/nios2eds/bin/gnu/h-i686-mingw32/bin/../lib/gcc/nios2-elf/4.1.2/../../../../nios2-elf/lib/mno-hw-mul\libsmallc.a(lib_a-strlen.o)
 .comment       0x00000000       0x27 d:/quatur_edu/nios2eds/bin/gnu/h-i686-mingw32/bin/../lib/gcc/nios2-elf/4.1.2/../../../../nios2-elf/lib/mno-hw-mul\libsmallc.a(lib_a-vfprintf.o)
 .comment       0x00000000       0x27 d:/quatur_edu/nios2eds/bin/gnu/h-i686-mingw32/bin/../lib/gcc/nios2-elf/4.1.2/../../../../nios2-elf/lib/mno-hw-mul\libsmallc.a(lib_a-fvwrite_small_dev.o)
 .comment       0x00000000       0x27 d:/quatur_edu/nios2eds/bin/gnu/h-i686-mingw32/bin/../lib/gcc/nios2-elf/4.1.2/../../../../nios2-elf/lib/mno-hw-mul\libsmallc.a(lib_a-impure.o)
 .comment       0x00000000       0x27 d:/quatur_edu/nios2eds/bin/gnu/h-i686-mingw32/bin/../lib/gcc/nios2-elf/4.1.2/../../../../nios2-elf/lib/mno-hw-mul\libsmallc.a(lib_a-writer.o)
 .comment       0x00000000       0x27 d:/quatur_edu/nios2eds/bin/gnu/h-i686-mingw32/bin/../lib/gcc/nios2-elf/4.1.2/../../../../nios2-elf/lib/mno-hw-mul\libsmallc.a(lib_a-int_errno.o)
 .comment       0x00000000       0x27 d:/quatur_edu/nios2eds/bin/gnu/h-i686-mingw32/bin/../lib/gcc/nios2-elf/4.1.2/mno-hw-mul\libgcc.a(lib2-divmod.o)
 .comment       0x00000000       0x27 d:/quatur_edu/nios2eds/bin/gnu/h-i686-mingw32/bin/../lib/gcc/nios2-elf/4.1.2/mno-hw-mul\libgcc.a(lib2-mul.o)
 .comment       0x00000000       0x27 ../edge_bsp/\libhal_bsp.a(alt_iic.o)
 .comment       0x00000000       0x27 ../edge_bsp/\libhal_bsp.a(alt_iic_isr_register.o)
 .comment       0x00000000       0x27 ../edge_bsp/\libhal_bsp.a(alt_irq_handler.o)
 .comment       0x00000000       0x27 ../edge_bsp/\libhal_bsp.a(alt_irq_vars.o)
 .comment       0x00000000       0x27 ../edge_bsp/\libhal_bsp.a(alt_load.o)
 .comment       0x00000000       0x27 ../edge_bsp/\libhal_bsp.a(alt_main.o)
 .comment       0x00000000       0x27 ../edge_bsp/\libhal_bsp.a(alt_write.o)
 .comment       0x00000000       0x27 ../edge_bsp/\libhal_bsp.a(alt_sys_init.o)
 .comment       0x00000000       0x27 ../edge_bsp/\libhal_bsp.a(altera_avalon_jtag_uart_fd.o)
 .comment       0x00000000       0x27 ../edge_bsp/\libhal_bsp.a(altera_avalon_jtag_uart_read.o)
 .comment       0x00000000       0x27 ../edge_bsp/\libhal_bsp.a(altera_avalon_jtag_uart_write.o)
 .comment       0x00000000       0x27 ../edge_bsp/\libhal_bsp.a(alt_close.o)
 .comment       0x00000000       0x27 ../edge_bsp/\libhal_bsp.a(alt_dcache_flush_all.o)
 .comment       0x00000000       0x27 ../edge_bsp/\libhal_bsp.a(alt_dev.o)
 .comment       0x00000000       0x27 ../edge_bsp/\libhal_bsp.a(alt_dev_llist_insert.o)
 .comment       0x00000000       0x27 ../edge_bsp/\libhal_bsp.a(alt_do_ctors.o)
 .comment       0x00000000       0x27 ../edge_bsp/\libhal_bsp.a(alt_do_dtors.o)
 .comment       0x00000000       0x27 ../edge_bsp/\libhal_bsp.a(alt_errno.o)
 .comment       0x00000000       0x27 ../edge_bsp/\libhal_bsp.a(alt_icache_flush_all.o)
 .comment       0x00000000       0x27 ../edge_bsp/\libhal_bsp.a(alt_io_redirect.o)
 .comment       0x00000000       0x27 ../edge_bsp/\libhal_bsp.a(alt_open.o)
 .comment       0x00000000       0x27 ../edge_bsp/\libhal_bsp.a(alt_release_fd.o)
 .comment       0x00000000       0x27 ../edge_bsp/\libhal_bsp.a(altera_nios2_qsys_irq.o)
 .comment       0x00000000       0x27 ../edge_bsp/\libhal_bsp.a(alt_find_dev.o)
 .comment       0x00000000       0x27 ../edge_bsp/\libhal_bsp.a(alt_find_file.o)
 .comment       0x00000000       0x27 ../edge_bsp/\libhal_bsp.a(alt_get_fd.o)
 .comment       0x00000000       0x27 d:/quatur_edu/nios2eds/bin/gnu/h-i686-mingw32/bin/../lib/gcc/nios2-elf/4.1.2/../../../../nios2-elf/lib/mno-hw-mul\libsmallc.a(lib_a-atexit.o)
 .comment       0x00000000       0x27 d:/quatur_edu/nios2eds/bin/gnu/h-i686-mingw32/bin/../lib/gcc/nios2-elf/4.1.2/../../../../nios2-elf/lib/mno-hw-mul\libsmallc.a(lib_a-exit.o)
 .comment       0x00000000       0x27 d:/quatur_edu/nios2eds/bin/gnu/h-i686-mingw32/bin/../lib/gcc/nios2-elf/4.1.2/../../../../nios2-elf/lib/mno-hw-mul\libsmallc.a(lib_a-memcmp.o)
 .comment       0x00000000       0x27 d:/quatur_edu/nios2eds/bin/gnu/h-i686-mingw32/bin/../lib/gcc/nios2-elf/4.1.2/../../../../nios2-elf/lib/mno-hw-mul\libsmallc.a(lib_a-__atexit.o)
 .comment       0x00000000       0x27 d:/quatur_edu/nios2eds/bin/gnu/h-i686-mingw32/bin/../lib/gcc/nios2-elf/4.1.2/../../../../nios2-elf/lib/mno-hw-mul\libsmallc.a(lib_a-__call_atexit.o)
 .comment       0x00000000       0x27 ../edge_bsp/\libhal_bsp.a(alt_exit.o)

.debug
 *(.debug)

.line
 *(.line)

.debug_srcinfo
 *(.debug_srcinfo)

.debug_sfnames
 *(.debug_sfnames)

.debug_aranges  0x00000000      0x578
 *(.debug_aranges)
 .debug_aranges
                0x00000000       0x28 ../edge_bsp//obj/HAL/src/crt0.o
 .debug_aranges
                0x00000028       0x20 obj/default/main.o
 .debug_aranges
                0x00000048       0x20 d:/quatur_edu/nios2eds/bin/gnu/h-i686-mingw32/bin/../lib/gcc/nios2-elf/4.1.2/../../../../nios2-elf/lib/mno-hw-mul\libsmallc.a(lib_a-printf.o)
 .debug_aranges
                0x00000068       0x20 d:/quatur_edu/nios2eds/bin/gnu/h-i686-mingw32/bin/../lib/gcc/nios2-elf/4.1.2/../../../../nios2-elf/lib/mno-hw-mul\libsmallc.a(lib_a-puts.o)
 .debug_aranges
                0x00000088       0x20 d:/quatur_edu/nios2eds/bin/gnu/h-i686-mingw32/bin/../lib/gcc/nios2-elf/4.1.2/../../../../nios2-elf/lib/mno-hw-mul\libsmallc.a(lib_a-strlen.o)
 .debug_aranges
                0x000000a8       0x20 d:/quatur_edu/nios2eds/bin/gnu/h-i686-mingw32/bin/../lib/gcc/nios2-elf/4.1.2/../../../../nios2-elf/lib/mno-hw-mul\libsmallc.a(lib_a-vfprintf.o)
 .debug_aranges
                0x000000c8       0x20 d:/quatur_edu/nios2eds/bin/gnu/h-i686-mingw32/bin/../lib/gcc/nios2-elf/4.1.2/../../../../nios2-elf/lib/mno-hw-mul\libsmallc.a(lib_a-fvwrite_small_dev.o)
 .debug_aranges
                0x000000e8       0x20 d:/quatur_edu/nios2eds/bin/gnu/h-i686-mingw32/bin/../lib/gcc/nios2-elf/4.1.2/../../../../nios2-elf/lib/mno-hw-mul\libsmallc.a(lib_a-writer.o)
 .debug_aranges
                0x00000108       0x20 d:/quatur_edu/nios2eds/bin/gnu/h-i686-mingw32/bin/../lib/gcc/nios2-elf/4.1.2/mno-hw-mul\libgcc.a(lib2-divmod.o)
 .debug_aranges
                0x00000128       0x20 d:/quatur_edu/nios2eds/bin/gnu/h-i686-mingw32/bin/../lib/gcc/nios2-elf/4.1.2/mno-hw-mul\libgcc.a(lib2-mul.o)
 .debug_aranges
                0x00000148       0x20 ../edge_bsp/\libhal_bsp.a(alt_iic.o)
 .debug_aranges
                0x00000168       0x20 ../edge_bsp/\libhal_bsp.a(alt_iic_isr_register.o)
 .debug_aranges
                0x00000188       0x30 ../edge_bsp/\libhal_bsp.a(alt_irq_entry.o)
 .debug_aranges
                0x000001b8       0x28 ../edge_bsp/\libhal_bsp.a(alt_irq_handler.o)
 .debug_aranges
                0x000001e0       0x20 ../edge_bsp/\libhal_bsp.a(alt_load.o)
 .debug_aranges
                0x00000200       0x20 ../edge_bsp/\libhal_bsp.a(alt_main.o)
 .debug_aranges
                0x00000220       0x20 ../edge_bsp/\libhal_bsp.a(alt_write.o)
 .debug_aranges
                0x00000240       0x20 ../edge_bsp/\libhal_bsp.a(alt_sys_init.o)
 .debug_aranges
                0x00000260       0x20 ../edge_bsp/\libhal_bsp.a(altera_avalon_jtag_uart_fd.o)
 .debug_aranges
                0x00000280       0x20 ../edge_bsp/\libhal_bsp.a(altera_avalon_jtag_uart_read.o)
 .debug_aranges
                0x000002a0       0x20 ../edge_bsp/\libhal_bsp.a(altera_avalon_jtag_uart_write.o)
 .debug_aranges
                0x000002c0       0x20 ../edge_bsp/\libhal_bsp.a(alt_close.o)
 .debug_aranges
                0x000002e0       0x20 ../edge_bsp/\libhal_bsp.a(alt_dcache_flush_all.o)
 .debug_aranges
                0x00000300       0x20 ../edge_bsp/\libhal_bsp.a(alt_dev.o)
 .debug_aranges
                0x00000320       0x20 ../edge_bsp/\libhal_bsp.a(alt_dev_llist_insert.o)
 .debug_aranges
                0x00000340       0x20 ../edge_bsp/\libhal_bsp.a(alt_do_ctors.o)
 .debug_aranges
                0x00000360       0x20 ../edge_bsp/\libhal_bsp.a(alt_do_dtors.o)
 .debug_aranges
                0x00000380       0x38 ../edge_bsp/\libhal_bsp.a(alt_exception_entry.o)
 .debug_aranges
                0x000003b8       0x20 ../edge_bsp/\libhal_bsp.a(alt_icache_flush_all.o)
 .debug_aranges
                0x000003d8       0x20 ../edge_bsp/\libhal_bsp.a(alt_io_redirect.o)
 .debug_aranges
                0x000003f8       0x20 ../edge_bsp/\libhal_bsp.a(alt_open.o)
 .debug_aranges
                0x00000418       0x20 ../edge_bsp/\libhal_bsp.a(alt_release_fd.o)
 .debug_aranges
                0x00000438       0x20 ../edge_bsp/\libhal_bsp.a(altera_nios2_qsys_irq.o)
 .debug_aranges
                0x00000458       0x20 ../edge_bsp/\libhal_bsp.a(alt_find_dev.o)
 .debug_aranges
                0x00000478       0x20 ../edge_bsp/\libhal_bsp.a(alt_find_file.o)
 .debug_aranges
                0x00000498       0x20 ../edge_bsp/\libhal_bsp.a(alt_get_fd.o)
 .debug_aranges
                0x000004b8       0x20 d:/quatur_edu/nios2eds/bin/gnu/h-i686-mingw32/bin/../lib/gcc/nios2-elf/4.1.2/../../../../nios2-elf/lib/mno-hw-mul\libsmallc.a(lib_a-atexit.o)
 .debug_aranges
                0x000004d8       0x20 d:/quatur_edu/nios2eds/bin/gnu/h-i686-mingw32/bin/../lib/gcc/nios2-elf/4.1.2/../../../../nios2-elf/lib/mno-hw-mul\libsmallc.a(lib_a-exit.o)
 .debug_aranges
                0x000004f8       0x20 d:/quatur_edu/nios2eds/bin/gnu/h-i686-mingw32/bin/../lib/gcc/nios2-elf/4.1.2/../../../../nios2-elf/lib/mno-hw-mul\libsmallc.a(lib_a-memcmp.o)
 .debug_aranges
                0x00000518       0x20 d:/quatur_edu/nios2eds/bin/gnu/h-i686-mingw32/bin/../lib/gcc/nios2-elf/4.1.2/../../../../nios2-elf/lib/mno-hw-mul\libsmallc.a(lib_a-__atexit.o)
 .debug_aranges
                0x00000538       0x20 d:/quatur_edu/nios2eds/bin/gnu/h-i686-mingw32/bin/../lib/gcc/nios2-elf/4.1.2/../../../../nios2-elf/lib/mno-hw-mul\libsmallc.a(lib_a-__call_atexit.o)
 .debug_aranges
                0x00000558       0x20 ../edge_bsp/\libhal_bsp.a(alt_exit.o)

.debug_pubnames
                0x00000000      0x780
 *(.debug_pubnames)
 .debug_pubnames
                0x00000000       0x1b obj/default/main.o
 .debug_pubnames
                0x0000001b       0x2b d:/quatur_edu/nios2eds/bin/gnu/h-i686-mingw32/bin/../lib/gcc/nios2-elf/4.1.2/../../../../nios2-elf/lib/mno-hw-mul\libsmallc.a(lib_a-printf.o)
 .debug_pubnames
                0x00000046       0x27 d:/quatur_edu/nios2eds/bin/gnu/h-i686-mingw32/bin/../lib/gcc/nios2-elf/4.1.2/../../../../nios2-elf/lib/mno-hw-mul\libsmallc.a(lib_a-puts.o)
 .debug_pubnames
                0x0000006d       0x1d d:/quatur_edu/nios2eds/bin/gnu/h-i686-mingw32/bin/../lib/gcc/nios2-elf/4.1.2/../../../../nios2-elf/lib/mno-hw-mul\libsmallc.a(lib_a-strlen.o)
 .debug_pubnames
                0x0000008a       0x45 d:/quatur_edu/nios2eds/bin/gnu/h-i686-mingw32/bin/../lib/gcc/nios2-elf/4.1.2/../../../../nios2-elf/lib/mno-hw-mul\libsmallc.a(lib_a-vfprintf.o)
 .debug_pubnames
                0x000000cf       0x2b d:/quatur_edu/nios2eds/bin/gnu/h-i686-mingw32/bin/../lib/gcc/nios2-elf/4.1.2/../../../../nios2-elf/lib/mno-hw-mul\libsmallc.a(lib_a-fvwrite_small_dev.o)
 .debug_pubnames
                0x000000fa       0x39 d:/quatur_edu/nios2eds/bin/gnu/h-i686-mingw32/bin/../lib/gcc/nios2-elf/4.1.2/../../../../nios2-elf/lib/mno-hw-mul\libsmallc.a(lib_a-impure.o)
 .debug_pubnames
                0x00000133       0x1f d:/quatur_edu/nios2eds/bin/gnu/h-i686-mingw32/bin/../lib/gcc/nios2-elf/4.1.2/../../../../nios2-elf/lib/mno-hw-mul\libsmallc.a(lib_a-writer.o)
 .debug_pubnames
                0x00000152       0x1c d:/quatur_edu/nios2eds/bin/gnu/h-i686-mingw32/bin/../lib/gcc/nios2-elf/4.1.2/../../../../nios2-elf/lib/mno-hw-mul\libsmallc.a(lib_a-int_errno.o)
 .debug_pubnames
                0x0000016e       0x48 d:/quatur_edu/nios2eds/bin/gnu/h-i686-mingw32/bin/../lib/gcc/nios2-elf/4.1.2/mno-hw-mul\libgcc.a(lib2-divmod.o)
 .debug_pubnames
                0x000001b6       0x1f d:/quatur_edu/nios2eds/bin/gnu/h-i686-mingw32/bin/../lib/gcc/nios2-elf/4.1.2/mno-hw-mul\libgcc.a(lib2-mul.o)
 .debug_pubnames
                0x000001d5       0x6e ../edge_bsp/\libhal_bsp.a(alt_iic.o)
 .debug_pubnames
                0x00000243       0x2b ../edge_bsp/\libhal_bsp.a(alt_iic_isr_register.o)
 .debug_pubnames
                0x0000026e       0x32 ../edge_bsp/\libhal_bsp.a(alt_irq_handler.o)
 .debug_pubnames
                0x000002a0       0x3b ../edge_bsp/\libhal_bsp.a(alt_irq_vars.o)
 .debug_pubnames
                0x000002db       0x1f ../edge_bsp/\libhal_bsp.a(alt_load.o)
 .debug_pubnames
                0x000002fa       0x46 ../edge_bsp/\libhal_bsp.a(alt_main.o)
 .debug_pubnames
                0x00000340       0x1c ../edge_bsp/\libhal_bsp.a(alt_write.o)
 .debug_pubnames
                0x0000035c       0x34 ../edge_bsp/\libhal_bsp.a(alt_sys_init.o)
 .debug_pubnames
                0x00000390       0x5b ../edge_bsp/\libhal_bsp.a(altera_avalon_jtag_uart_fd.o)
 .debug_pubnames
                0x000003eb       0x33 ../edge_bsp/\libhal_bsp.a(altera_avalon_jtag_uart_read.o)
 .debug_pubnames
                0x0000041e       0x34 ../edge_bsp/\libhal_bsp.a(altera_avalon_jtag_uart_write.o)
 .debug_pubnames
                0x00000452       0x1c ../edge_bsp/\libhal_bsp.a(alt_close.o)
 .debug_pubnames
                0x0000046e       0x2b ../edge_bsp/\libhal_bsp.a(alt_dcache_flush_all.o)
 .debug_pubnames
                0x00000499       0x63 ../edge_bsp/\libhal_bsp.a(alt_dev.o)
 .debug_pubnames
                0x000004fc       0x2b ../edge_bsp/\libhal_bsp.a(alt_dev_llist_insert.o)
 .debug_pubnames
                0x00000527       0x20 ../edge_bsp/\libhal_bsp.a(alt_do_ctors.o)
 .debug_pubnames
                0x00000547       0x20 ../edge_bsp/\libhal_bsp.a(alt_do_dtors.o)
 .debug_pubnames
                0x00000567       0x20 ../edge_bsp/\libhal_bsp.a(alt_errno.o)
 .debug_pubnames
                0x00000587       0x2b ../edge_bsp/\libhal_bsp.a(alt_icache_flush_all.o)
 .debug_pubnames
                0x000005b2       0x26 ../edge_bsp/\libhal_bsp.a(alt_io_redirect.o)
 .debug_pubnames
                0x000005d8       0x1b ../edge_bsp/\libhal_bsp.a(alt_open.o)
 .debug_pubnames
                0x000005f3       0x25 ../edge_bsp/\libhal_bsp.a(alt_release_fd.o)
 .debug_pubnames
                0x00000618       0x31 ../edge_bsp/\libhal_bsp.a(altera_nios2_qsys_irq.o)
 .debug_pubnames
                0x00000649       0x23 ../edge_bsp/\libhal_bsp.a(alt_find_dev.o)
 .debug_pubnames
                0x0000066c       0x24 ../edge_bsp/\libhal_bsp.a(alt_find_file.o)
 .debug_pubnames
                0x00000690       0x21 ../edge_bsp/\libhal_bsp.a(alt_get_fd.o)
 .debug_pubnames
                0x000006b1       0x2a d:/quatur_edu/nios2eds/bin/gnu/h-i686-mingw32/bin/../lib/gcc/nios2-elf/4.1.2/../../../../nios2-elf/lib/mno-hw-mul\libsmallc.a(lib_a-atexit.o)
 .debug_pubnames
                0x000006db       0x1b d:/quatur_edu/nios2eds/bin/gnu/h-i686-mingw32/bin/../lib/gcc/nios2-elf/4.1.2/../../../../nios2-elf/lib/mno-hw-mul\libsmallc.a(lib_a-exit.o)
 .debug_pubnames
                0x000006f6       0x1d d:/quatur_edu/nios2eds/bin/gnu/h-i686-mingw32/bin/../lib/gcc/nios2-elf/4.1.2/../../../../nios2-elf/lib/mno-hw-mul\libsmallc.a(lib_a-memcmp.o)
 .debug_pubnames
                0x00000713       0x2a d:/quatur_edu/nios2eds/bin/gnu/h-i686-mingw32/bin/../lib/gcc/nios2-elf/4.1.2/../../../../nios2-elf/lib/mno-hw-mul\libsmallc.a(lib_a-__atexit.o)
 .debug_pubnames
                0x0000073d       0x27 d:/quatur_edu/nios2eds/bin/gnu/h-i686-mingw32/bin/../lib/gcc/nios2-elf/4.1.2/../../../../nios2-elf/lib/mno-hw-mul\libsmallc.a(lib_a-__call_atexit.o)
 .debug_pubnames
                0x00000764       0x1c ../edge_bsp/\libhal_bsp.a(alt_exit.o)

.debug_info     0x00000000     0x9cad
 *(.debug_info .gnu.linkonce.wi.*)
 .debug_info    0x00000000       0x6d ../edge_bsp//obj/HAL/src/crt0.o
 .debug_info    0x0000006d      0x317 obj/default/main.o
 .debug_info    0x00000384      0x6c8 d:/quatur_edu/nios2eds/bin/gnu/h-i686-mingw32/bin/../lib/gcc/nios2-elf/4.1.2/../../../../nios2-elf/lib/mno-hw-mul\libsmallc.a(lib_a-printf.o)
 .debug_info    0x00000a4c      0x685 d:/quatur_edu/nios2eds/bin/gnu/h-i686-mingw32/bin/../lib/gcc/nios2-elf/4.1.2/../../../../nios2-elf/lib/mno-hw-mul\libsmallc.a(lib_a-puts.o)
 .debug_info    0x000010d1       0xc2 d:/quatur_edu/nios2eds/bin/gnu/h-i686-mingw32/bin/../lib/gcc/nios2-elf/4.1.2/../../../../nios2-elf/lib/mno-hw-mul\libsmallc.a(lib_a-strlen.o)
 .debug_info    0x00001193      0x9b6 d:/quatur_edu/nios2eds/bin/gnu/h-i686-mingw32/bin/../lib/gcc/nios2-elf/4.1.2/../../../../nios2-elf/lib/mno-hw-mul\libsmallc.a(lib_a-vfprintf.o)
 .debug_info    0x00001b49      0x68e d:/quatur_edu/nios2eds/bin/gnu/h-i686-mingw32/bin/../lib/gcc/nios2-elf/4.1.2/../../../../nios2-elf/lib/mno-hw-mul\libsmallc.a(lib_a-fvwrite_small_dev.o)
 .debug_info    0x000021d7      0x636 d:/quatur_edu/nios2eds/bin/gnu/h-i686-mingw32/bin/../lib/gcc/nios2-elf/4.1.2/../../../../nios2-elf/lib/mno-hw-mul\libsmallc.a(lib_a-impure.o)
 .debug_info    0x0000280d      0x68c d:/quatur_edu/nios2eds/bin/gnu/h-i686-mingw32/bin/../lib/gcc/nios2-elf/4.1.2/../../../../nios2-elf/lib/mno-hw-mul\libsmallc.a(lib_a-writer.o)
 .debug_info    0x00002e99       0x8c d:/quatur_edu/nios2eds/bin/gnu/h-i686-mingw32/bin/../lib/gcc/nios2-elf/4.1.2/../../../../nios2-elf/lib/mno-hw-mul\libsmallc.a(lib_a-int_errno.o)
 .debug_info    0x00002f25      0x21c d:/quatur_edu/nios2eds/bin/gnu/h-i686-mingw32/bin/../lib/gcc/nios2-elf/4.1.2/mno-hw-mul\libgcc.a(lib2-divmod.o)
 .debug_info    0x00003141       0xf3 d:/quatur_edu/nios2eds/bin/gnu/h-i686-mingw32/bin/../lib/gcc/nios2-elf/4.1.2/mno-hw-mul\libgcc.a(lib2-mul.o)
 .debug_info    0x00003234      0x485 ../edge_bsp/\libhal_bsp.a(alt_iic.o)
 .debug_info    0x000036b9      0x306 ../edge_bsp/\libhal_bsp.a(alt_iic_isr_register.o)
 .debug_info    0x000039bf       0x76 ../edge_bsp/\libhal_bsp.a(alt_irq_entry.o)
 .debug_info    0x00003a35      0x267 ../edge_bsp/\libhal_bsp.a(alt_irq_handler.o)
 .debug_info    0x00003c9c      0x159 ../edge_bsp/\libhal_bsp.a(alt_irq_vars.o)
 .debug_info    0x00003df5      0x26a ../edge_bsp/\libhal_bsp.a(alt_load.o)
 .debug_info    0x0000405f      0x217 ../edge_bsp/\libhal_bsp.a(alt_main.o)
 .debug_info    0x00004276      0x685 ../edge_bsp/\libhal_bsp.a(alt_write.o)
 .debug_info    0x000048fb      0x56b ../edge_bsp/\libhal_bsp.a(alt_sys_init.o)
 .debug_info    0x00004e66      0x5ab ../edge_bsp/\libhal_bsp.a(altera_avalon_jtag_uart_fd.o)
 .debug_info    0x00005411      0x2fb ../edge_bsp/\libhal_bsp.a(altera_avalon_jtag_uart_read.o)
 .debug_info    0x0000570c      0x2d8 ../edge_bsp/\libhal_bsp.a(altera_avalon_jtag_uart_write.o)
 .debug_info    0x000059e4      0x459 ../edge_bsp/\libhal_bsp.a(alt_close.o)
 .debug_info    0x00005e3d      0x14e ../edge_bsp/\libhal_bsp.a(alt_dcache_flush_all.o)
 .debug_info    0x00005f8b      0x671 ../edge_bsp/\libhal_bsp.a(alt_dev.o)
 .debug_info    0x000065fc      0x294 ../edge_bsp/\libhal_bsp.a(alt_dev_llist_insert.o)
 .debug_info    0x00006890       0xec ../edge_bsp/\libhal_bsp.a(alt_do_ctors.o)
 .debug_info    0x0000697c       0xeb ../edge_bsp/\libhal_bsp.a(alt_do_dtors.o)
 .debug_info    0x00006a67      0x141 ../edge_bsp/\libhal_bsp.a(alt_errno.o)
 .debug_info    0x00006ba8       0x7c ../edge_bsp/\libhal_bsp.a(alt_exception_entry.o)
 .debug_info    0x00006c24      0x14e ../edge_bsp/\libhal_bsp.a(alt_icache_flush_all.o)
 .debug_info    0x00006d72      0x687 ../edge_bsp/\libhal_bsp.a(alt_io_redirect.o)
 .debug_info    0x000073f9      0x517 ../edge_bsp/\libhal_bsp.a(alt_open.o)
 .debug_info    0x00007910      0x3e4 ../edge_bsp/\libhal_bsp.a(alt_release_fd.o)
 .debug_info    0x00007cf4      0x155 ../edge_bsp/\libhal_bsp.a(altera_nios2_qsys_irq.o)
 .debug_info    0x00007e49      0x40a ../edge_bsp/\libhal_bsp.a(alt_find_dev.o)
 .debug_info    0x00008253      0x411 ../edge_bsp/\libhal_bsp.a(alt_find_file.o)
 .debug_info    0x00008664      0x452 ../edge_bsp/\libhal_bsp.a(alt_get_fd.o)
 .debug_info    0x00008ab6      0x186 d:/quatur_edu/nios2eds/bin/gnu/h-i686-mingw32/bin/../lib/gcc/nios2-elf/4.1.2/../../../../nios2-elf/lib/mno-hw-mul\libsmallc.a(lib_a-atexit.o)
 .debug_info    0x00008c3c       0x9f d:/quatur_edu/nios2eds/bin/gnu/h-i686-mingw32/bin/../lib/gcc/nios2-elf/4.1.2/../../../../nios2-elf/lib/mno-hw-mul\libsmallc.a(lib_a-exit.o)
 .debug_info    0x00008cdb       0xef d:/quatur_edu/nios2eds/bin/gnu/h-i686-mingw32/bin/../lib/gcc/nios2-elf/4.1.2/../../../../nios2-elf/lib/mno-hw-mul\libsmallc.a(lib_a-memcmp.o)
 .debug_info    0x00008dca      0x68f d:/quatur_edu/nios2eds/bin/gnu/h-i686-mingw32/bin/../lib/gcc/nios2-elf/4.1.2/../../../../nios2-elf/lib/mno-hw-mul\libsmallc.a(lib_a-__atexit.o)
 .debug_info    0x00009459      0x6d5 d:/quatur_edu/nios2eds/bin/gnu/h-i686-mingw32/bin/../lib/gcc/nios2-elf/4.1.2/../../../../nios2-elf/lib/mno-hw-mul\libsmallc.a(lib_a-__call_atexit.o)
 .debug_info    0x00009b2e      0x17f ../edge_bsp/\libhal_bsp.a(alt_exit.o)

.debug_abbrev   0x00000000     0x2570
 *(.debug_abbrev)
 .debug_abbrev  0x00000000       0x12 ../edge_bsp//obj/HAL/src/crt0.o
 .debug_abbrev  0x00000012       0xca obj/default/main.o
 .debug_abbrev  0x000000dc      0x179 d:/quatur_edu/nios2eds/bin/gnu/h-i686-mingw32/bin/../lib/gcc/nios2-elf/4.1.2/../../../../nios2-elf/lib/mno-hw-mul\libsmallc.a(lib_a-printf.o)
 .debug_abbrev  0x00000255      0x180 d:/quatur_edu/nios2eds/bin/gnu/h-i686-mingw32/bin/../lib/gcc/nios2-elf/4.1.2/../../../../nios2-elf/lib/mno-hw-mul\libsmallc.a(lib_a-puts.o)
 .debug_abbrev  0x000003d5       0x7a d:/quatur_edu/nios2eds/bin/gnu/h-i686-mingw32/bin/../lib/gcc/nios2-elf/4.1.2/../../../../nios2-elf/lib/mno-hw-mul\libsmallc.a(lib_a-strlen.o)
 .debug_abbrev  0x0000044f      0x263 d:/quatur_edu/nios2eds/bin/gnu/h-i686-mingw32/bin/../lib/gcc/nios2-elf/4.1.2/../../../../nios2-elf/lib/mno-hw-mul\libsmallc.a(lib_a-vfprintf.o)
 .debug_abbrev  0x000006b2      0x179 d:/quatur_edu/nios2eds/bin/gnu/h-i686-mingw32/bin/../lib/gcc/nios2-elf/4.1.2/../../../../nios2-elf/lib/mno-hw-mul\libsmallc.a(lib_a-fvwrite_small_dev.o)
 .debug_abbrev  0x0000082b      0x13f d:/quatur_edu/nios2eds/bin/gnu/h-i686-mingw32/bin/../lib/gcc/nios2-elf/4.1.2/../../../../nios2-elf/lib/mno-hw-mul\libsmallc.a(lib_a-impure.o)
 .debug_abbrev  0x0000096a      0x16c d:/quatur_edu/nios2eds/bin/gnu/h-i686-mingw32/bin/../lib/gcc/nios2-elf/4.1.2/../../../../nios2-elf/lib/mno-hw-mul\libsmallc.a(lib_a-writer.o)
 .debug_abbrev  0x00000ad6       0x3b d:/quatur_edu/nios2eds/bin/gnu/h-i686-mingw32/bin/../lib/gcc/nios2-elf/4.1.2/../../../../nios2-elf/lib/mno-hw-mul\libsmallc.a(lib_a-int_errno.o)
 .debug_abbrev  0x00000b11       0xe0 d:/quatur_edu/nios2eds/bin/gnu/h-i686-mingw32/bin/../lib/gcc/nios2-elf/4.1.2/mno-hw-mul\libgcc.a(lib2-divmod.o)
 .debug_abbrev  0x00000bf1       0x7b d:/quatur_edu/nios2eds/bin/gnu/h-i686-mingw32/bin/../lib/gcc/nios2-elf/4.1.2/mno-hw-mul\libgcc.a(lib2-mul.o)
 .debug_abbrev  0x00000c6c      0x134 ../edge_bsp/\libhal_bsp.a(alt_iic.o)
 .debug_abbrev  0x00000da0      0x14e ../edge_bsp/\libhal_bsp.a(alt_iic_isr_register.o)
 .debug_abbrev  0x00000eee       0x12 ../edge_bsp/\libhal_bsp.a(alt_irq_entry.o)
 .debug_abbrev  0x00000f00      0x10c ../edge_bsp/\libhal_bsp.a(alt_irq_handler.o)
 .debug_abbrev  0x0000100c       0x44 ../edge_bsp/\libhal_bsp.a(alt_irq_vars.o)
 .debug_abbrev  0x00001050       0x88 ../edge_bsp/\libhal_bsp.a(alt_load.o)
 .debug_abbrev  0x000010d8       0xb7 ../edge_bsp/\libhal_bsp.a(alt_main.o)
 .debug_abbrev  0x0000118f      0x100 ../edge_bsp/\libhal_bsp.a(alt_write.o)
 .debug_abbrev  0x0000128f      0x121 ../edge_bsp/\libhal_bsp.a(alt_sys_init.o)
 .debug_abbrev  0x000013b0       0xcb ../edge_bsp/\libhal_bsp.a(altera_avalon_jtag_uart_fd.o)
 .debug_abbrev  0x0000147b       0xb6 ../edge_bsp/\libhal_bsp.a(altera_avalon_jtag_uart_read.o)
 .debug_abbrev  0x00001531       0xb4 ../edge_bsp/\libhal_bsp.a(altera_avalon_jtag_uart_write.o)
 .debug_abbrev  0x000015e5       0xfb ../edge_bsp/\libhal_bsp.a(alt_close.o)
 .debug_abbrev  0x000016e0       0x3f ../edge_bsp/\libhal_bsp.a(alt_dcache_flush_all.o)
 .debug_abbrev  0x0000171f       0xc7 ../edge_bsp/\libhal_bsp.a(alt_dev.o)
 .debug_abbrev  0x000017e6       0xf6 ../edge_bsp/\libhal_bsp.a(alt_dev_llist_insert.o)
 .debug_abbrev  0x000018dc       0x76 ../edge_bsp/\libhal_bsp.a(alt_do_ctors.o)
 .debug_abbrev  0x00001952       0x76 ../edge_bsp/\libhal_bsp.a(alt_do_dtors.o)
 .debug_abbrev  0x000019c8       0x5e ../edge_bsp/\libhal_bsp.a(alt_errno.o)
 .debug_abbrev  0x00001a26       0x12 ../edge_bsp/\libhal_bsp.a(alt_exception_entry.o)
 .debug_abbrev  0x00001a38       0x3f ../edge_bsp/\libhal_bsp.a(alt_icache_flush_all.o)
 .debug_abbrev  0x00001a77       0xf0 ../edge_bsp/\libhal_bsp.a(alt_io_redirect.o)
 .debug_abbrev  0x00001b67      0x112 ../edge_bsp/\libhal_bsp.a(alt_open.o)
 .debug_abbrev  0x00001c79       0xc1 ../edge_bsp/\libhal_bsp.a(alt_release_fd.o)
 .debug_abbrev  0x00001d3a       0x3f ../edge_bsp/\libhal_bsp.a(altera_nios2_qsys_irq.o)
 .debug_abbrev  0x00001d79       0xcf ../edge_bsp/\libhal_bsp.a(alt_find_dev.o)
 .debug_abbrev  0x00001e48       0xcf ../edge_bsp/\libhal_bsp.a(alt_find_file.o)
 .debug_abbrev  0x00001f17       0xfb ../edge_bsp/\libhal_bsp.a(alt_get_fd.o)
 .debug_abbrev  0x00002012       0xc6 d:/quatur_edu/nios2eds/bin/gnu/h-i686-mingw32/bin/../lib/gcc/nios2-elf/4.1.2/../../../../nios2-elf/lib/mno-hw-mul\libsmallc.a(lib_a-atexit.o)
 .debug_abbrev  0x000020d8       0x4e d:/quatur_edu/nios2eds/bin/gnu/h-i686-mingw32/bin/../lib/gcc/nios2-elf/4.1.2/../../../../nios2-elf/lib/mno-hw-mul\libsmallc.a(lib_a-exit.o)
 .debug_abbrev  0x00002126       0x7c d:/quatur_edu/nios2eds/bin/gnu/h-i686-mingw32/bin/../lib/gcc/nios2-elf/4.1.2/../../../../nios2-elf/lib/mno-hw-mul\libsmallc.a(lib_a-memcmp.o)
 .debug_abbrev  0x000021a2      0x196 d:/quatur_edu/nios2eds/bin/gnu/h-i686-mingw32/bin/../lib/gcc/nios2-elf/4.1.2/../../../../nios2-elf/lib/mno-hw-mul\libsmallc.a(lib_a-__atexit.o)
 .debug_abbrev  0x00002338      0x1c6 d:/quatur_edu/nios2eds/bin/gnu/h-i686-mingw32/bin/../lib/gcc/nios2-elf/4.1.2/../../../../nios2-elf/lib/mno-hw-mul\libsmallc.a(lib_a-__call_atexit.o)
 .debug_abbrev  0x000024fe       0x72 ../edge_bsp/\libhal_bsp.a(alt_exit.o)

.debug_line     0x00000000     0x65f4
 *(.debug_line)
 .debug_line    0x00000000       0x66 ../edge_bsp//obj/HAL/src/crt0.o
 .debug_line    0x00000066      0x35b obj/default/main.o
 .debug_line    0x000003c1      0x2be d:/quatur_edu/nios2eds/bin/gnu/h-i686-mingw32/bin/../lib/gcc/nios2-elf/4.1.2/../../../../nios2-elf/lib/mno-hw-mul\libsmallc.a(lib_a-printf.o)
 .debug_line    0x0000067f      0x2b2 d:/quatur_edu/nios2eds/bin/gnu/h-i686-mingw32/bin/../lib/gcc/nios2-elf/4.1.2/../../../../nios2-elf/lib/mno-hw-mul\libsmallc.a(lib_a-puts.o)
 .debug_line    0x00000931      0x250 d:/quatur_edu/nios2eds/bin/gnu/h-i686-mingw32/bin/../lib/gcc/nios2-elf/4.1.2/../../../../nios2-elf/lib/mno-hw-mul\libsmallc.a(lib_a-strlen.o)
 .debug_line    0x00000b81      0x666 d:/quatur_edu/nios2eds/bin/gnu/h-i686-mingw32/bin/../lib/gcc/nios2-elf/4.1.2/../../../../nios2-elf/lib/mno-hw-mul\libsmallc.a(lib_a-vfprintf.o)
 .debug_line    0x000011e7      0x2a9 d:/quatur_edu/nios2eds/bin/gnu/h-i686-mingw32/bin/../lib/gcc/nios2-elf/4.1.2/../../../../nios2-elf/lib/mno-hw-mul\libsmallc.a(lib_a-fvwrite_small_dev.o)
 .debug_line    0x00001490      0x230 d:/quatur_edu/nios2eds/bin/gnu/h-i686-mingw32/bin/../lib/gcc/nios2-elf/4.1.2/../../../../nios2-elf/lib/mno-hw-mul\libsmallc.a(lib_a-impure.o)
 .debug_line    0x000016c0      0x29d d:/quatur_edu/nios2eds/bin/gnu/h-i686-mingw32/bin/../lib/gcc/nios2-elf/4.1.2/../../../../nios2-elf/lib/mno-hw-mul\libsmallc.a(lib_a-writer.o)
 .debug_line    0x0000195d      0x1e2 d:/quatur_edu/nios2eds/bin/gnu/h-i686-mingw32/bin/../lib/gcc/nios2-elf/4.1.2/../../../../nios2-elf/lib/mno-hw-mul\libsmallc.a(lib_a-int_errno.o)
 .debug_line    0x00001b3f      0x24f d:/quatur_edu/nios2eds/bin/gnu/h-i686-mingw32/bin/../lib/gcc/nios2-elf/4.1.2/mno-hw-mul\libgcc.a(lib2-divmod.o)
 .debug_line    0x00001d8e      0x11a d:/quatur_edu/nios2eds/bin/gnu/h-i686-mingw32/bin/../lib/gcc/nios2-elf/4.1.2/mno-hw-mul\libgcc.a(lib2-mul.o)
 .debug_line    0x00001ea8      0x2c0 ../edge_bsp/\libhal_bsp.a(alt_iic.o)
 .debug_line    0x00002168      0x241 ../edge_bsp/\libhal_bsp.a(alt_iic_isr_register.o)
 .debug_line    0x000023a9       0x6b ../edge_bsp/\libhal_bsp.a(alt_irq_entry.o)
 .debug_line    0x00002414      0x240 ../edge_bsp/\libhal_bsp.a(alt_irq_handler.o)
 .debug_line    0x00002654       0x72 ../edge_bsp/\libhal_bsp.a(alt_irq_vars.o)
 .debug_line    0x000026c6      0x217 ../edge_bsp/\libhal_bsp.a(alt_load.o)
 .debug_line    0x000028dd      0x2c2 ../edge_bsp/\libhal_bsp.a(alt_main.o)
 .debug_line    0x00002b9f      0x2c1 ../edge_bsp/\libhal_bsp.a(alt_write.o)
 .debug_line    0x00002e60      0x29e ../edge_bsp/\libhal_bsp.a(alt_sys_init.o)
 .debug_line    0x000030fe      0x1d3 ../edge_bsp/\libhal_bsp.a(altera_avalon_jtag_uart_fd.o)
 .debug_line    0x000032d1      0x33b ../edge_bsp/\libhal_bsp.a(altera_avalon_jtag_uart_read.o)
 .debug_line    0x0000360c      0x2fc ../edge_bsp/\libhal_bsp.a(altera_avalon_jtag_uart_write.o)
 .debug_line    0x00003908      0x291 ../edge_bsp/\libhal_bsp.a(alt_close.o)
 .debug_line    0x00003b99      0x1ad ../edge_bsp/\libhal_bsp.a(alt_dcache_flush_all.o)
 .debug_line    0x00003d46      0x24c ../edge_bsp/\libhal_bsp.a(alt_dev.o)
 .debug_line    0x00003f92      0x25a ../edge_bsp/\libhal_bsp.a(alt_dev_llist_insert.o)
 .debug_line    0x000041ec       0x83 ../edge_bsp/\libhal_bsp.a(alt_do_ctors.o)
 .debug_line    0x0000426f       0x83 ../edge_bsp/\libhal_bsp.a(alt_do_dtors.o)
 .debug_line    0x000042f2      0x1aa ../edge_bsp/\libhal_bsp.a(alt_errno.o)
 .debug_line    0x0000449c       0xab ../edge_bsp/\libhal_bsp.a(alt_exception_entry.o)
 .debug_line    0x00004547      0x1ad ../edge_bsp/\libhal_bsp.a(alt_icache_flush_all.o)
 .debug_line    0x000046f4      0x2ac ../edge_bsp/\libhal_bsp.a(alt_io_redirect.o)
 .debug_line    0x000049a0      0x2f7 ../edge_bsp/\libhal_bsp.a(alt_open.o)
 .debug_line    0x00004c97       0xed ../edge_bsp/\libhal_bsp.a(alt_release_fd.o)
 .debug_line    0x00004d84      0x1c6 ../edge_bsp/\libhal_bsp.a(altera_nios2_qsys_irq.o)
 .debug_line    0x00004f4a      0x263 ../edge_bsp/\libhal_bsp.a(alt_find_dev.o)
 .debug_line    0x000051ad      0x274 ../edge_bsp/\libhal_bsp.a(alt_find_file.o)
 .debug_line    0x00005421      0x28f ../edge_bsp/\libhal_bsp.a(alt_get_fd.o)
 .debug_line    0x000056b0      0x203 d:/quatur_edu/nios2eds/bin/gnu/h-i686-mingw32/bin/../lib/gcc/nios2-elf/4.1.2/../../../../nios2-elf/lib/mno-hw-mul\libsmallc.a(lib_a-atexit.o)
 .debug_line    0x000058b3      0x223 d:/quatur_edu/nios2eds/bin/gnu/h-i686-mingw32/bin/../lib/gcc/nios2-elf/4.1.2/../../../../nios2-elf/lib/mno-hw-mul\libsmallc.a(lib_a-exit.o)
 .debug_line    0x00005ad6      0x270 d:/quatur_edu/nios2eds/bin/gnu/h-i686-mingw32/bin/../lib/gcc/nios2-elf/4.1.2/../../../../nios2-elf/lib/mno-hw-mul\libsmallc.a(lib_a-memcmp.o)
 .debug_line    0x00005d46      0x350 d:/quatur_edu/nios2eds/bin/gnu/h-i686-mingw32/bin/../lib/gcc/nios2-elf/4.1.2/../../../../nios2-elf/lib/mno-hw-mul\libsmallc.a(lib_a-__atexit.o)
 .debug_line    0x00006096      0x360 d:/quatur_edu/nios2eds/bin/gnu/h-i686-mingw32/bin/../lib/gcc/nios2-elf/4.1.2/../../../../nios2-elf/lib/mno-hw-mul\libsmallc.a(lib_a-__call_atexit.o)
 .debug_line    0x000063f6      0x1fe ../edge_bsp/\libhal_bsp.a(alt_exit.o)

.debug_frame    0x00000000      0x990
 *(.debug_frame)
 .debug_frame   0x00000000       0xd4 obj/default/main.o
 .debug_frame   0x000000d4       0x40 d:/quatur_edu/nios2eds/bin/gnu/h-i686-mingw32/bin/../lib/gcc/nios2-elf/4.1.2/../../../../nios2-elf/lib/mno-hw-mul\libsmallc.a(lib_a-printf.o)
 .debug_frame   0x00000114       0x3c d:/quatur_edu/nios2eds/bin/gnu/h-i686-mingw32/bin/../lib/gcc/nios2-elf/4.1.2/../../../../nios2-elf/lib/mno-hw-mul\libsmallc.a(lib_a-puts.o)
 .debug_frame   0x00000150       0x20 d:/quatur_edu/nios2eds/bin/gnu/h-i686-mingw32/bin/../lib/gcc/nios2-elf/4.1.2/../../../../nios2-elf/lib/mno-hw-mul\libsmallc.a(lib_a-strlen.o)
 .debug_frame   0x00000170       0x64 d:/quatur_edu/nios2eds/bin/gnu/h-i686-mingw32/bin/../lib/gcc/nios2-elf/4.1.2/../../../../nios2-elf/lib/mno-hw-mul\libsmallc.a(lib_a-vfprintf.o)
 .debug_frame   0x000001d4       0x30 d:/quatur_edu/nios2eds/bin/gnu/h-i686-mingw32/bin/../lib/gcc/nios2-elf/4.1.2/../../../../nios2-elf/lib/mno-hw-mul\libsmallc.a(lib_a-fvwrite_small_dev.o)
 .debug_frame   0x00000204       0x2c d:/quatur_edu/nios2eds/bin/gnu/h-i686-mingw32/bin/../lib/gcc/nios2-elf/4.1.2/../../../../nios2-elf/lib/mno-hw-mul\libsmallc.a(lib_a-writer.o)
 .debug_frame   0x00000230       0x70 d:/quatur_edu/nios2eds/bin/gnu/h-i686-mingw32/bin/../lib/gcc/nios2-elf/4.1.2/mno-hw-mul\libgcc.a(lib2-divmod.o)
 .debug_frame   0x000002a0       0x20 d:/quatur_edu/nios2eds/bin/gnu/h-i686-mingw32/bin/../lib/gcc/nios2-elf/4.1.2/mno-hw-mul\libgcc.a(lib2-mul.o)
 .debug_frame   0x000002c0       0x80 ../edge_bsp/\libhal_bsp.a(alt_iic.o)
 .debug_frame   0x00000340       0x2c ../edge_bsp/\libhal_bsp.a(alt_iic_isr_register.o)
 .debug_frame   0x0000036c       0x2c ../edge_bsp/\libhal_bsp.a(alt_irq_handler.o)
 .debug_frame   0x00000398       0x48 ../edge_bsp/\libhal_bsp.a(alt_load.o)
 .debug_frame   0x000003e0       0x2c ../edge_bsp/\libhal_bsp.a(alt_main.o)
 .debug_frame   0x0000040c       0x48 ../edge_bsp/\libhal_bsp.a(alt_write.o)
 .debug_frame   0x00000454       0x64 ../edge_bsp/\libhal_bsp.a(alt_sys_init.o)
 .debug_frame   0x000004b8       0x48 ../edge_bsp/\libhal_bsp.a(altera_avalon_jtag_uart_fd.o)
 .debug_frame   0x00000500       0x2c ../edge_bsp/\libhal_bsp.a(altera_avalon_jtag_uart_read.o)
 .debug_frame   0x0000052c       0x2c ../edge_bsp/\libhal_bsp.a(altera_avalon_jtag_uart_write.o)
 .debug_frame   0x00000558       0x48 ../edge_bsp/\libhal_bsp.a(alt_close.o)
 .debug_frame   0x000005a0       0x2c ../edge_bsp/\libhal_bsp.a(alt_dcache_flush_all.o)
 .debug_frame   0x000005cc       0x2c ../edge_bsp/\libhal_bsp.a(alt_dev.o)
 .debug_frame   0x000005f8       0x48 ../edge_bsp/\libhal_bsp.a(alt_dev_llist_insert.o)
 .debug_frame   0x00000640       0x2c ../edge_bsp/\libhal_bsp.a(alt_do_ctors.o)
 .debug_frame   0x0000066c       0x2c ../edge_bsp/\libhal_bsp.a(alt_do_dtors.o)
 .debug_frame   0x00000698       0x2c ../edge_bsp/\libhal_bsp.a(alt_icache_flush_all.o)
 .debug_frame   0x000006c4       0x4c ../edge_bsp/\libhal_bsp.a(alt_io_redirect.o)
 .debug_frame   0x00000710       0x68 ../edge_bsp/\libhal_bsp.a(alt_open.o)
 .debug_frame   0x00000778       0x30 ../edge_bsp/\libhal_bsp.a(alt_release_fd.o)
 .debug_frame   0x000007a8       0x2c ../edge_bsp/\libhal_bsp.a(altera_nios2_qsys_irq.o)
 .debug_frame   0x000007d4       0x2c ../edge_bsp/\libhal_bsp.a(alt_find_dev.o)
 .debug_frame   0x00000800       0x2c ../edge_bsp/\libhal_bsp.a(alt_find_file.o)
 .debug_frame   0x0000082c       0x30 ../edge_bsp/\libhal_bsp.a(alt_get_fd.o)
 .debug_frame   0x0000085c       0x20 d:/quatur_edu/nios2eds/bin/gnu/h-i686-mingw32/bin/../lib/gcc/nios2-elf/4.1.2/../../../../nios2-elf/lib/mno-hw-mul\libsmallc.a(lib_a-atexit.o)
 .debug_frame   0x0000087c       0x2c d:/quatur_edu/nios2eds/bin/gnu/h-i686-mingw32/bin/../lib/gcc/nios2-elf/4.1.2/../../../../nios2-elf/lib/mno-hw-mul\libsmallc.a(lib_a-exit.o)
 .debug_frame   0x000008a8       0x20 d:/quatur_edu/nios2eds/bin/gnu/h-i686-mingw32/bin/../lib/gcc/nios2-elf/4.1.2/../../../../nios2-elf/lib/mno-hw-mul\libsmallc.a(lib_a-memcmp.o)
 .debug_frame   0x000008c8       0x34 d:/quatur_edu/nios2eds/bin/gnu/h-i686-mingw32/bin/../lib/gcc/nios2-elf/4.1.2/../../../../nios2-elf/lib/mno-hw-mul\libsmallc.a(lib_a-__atexit.o)
 .debug_frame   0x000008fc       0x4c d:/quatur_edu/nios2eds/bin/gnu/h-i686-mingw32/bin/../lib/gcc/nios2-elf/4.1.2/../../../../nios2-elf/lib/mno-hw-mul\libsmallc.a(lib_a-__call_atexit.o)
 .debug_frame   0x00000948       0x48 ../edge_bsp/\libhal_bsp.a(alt_exit.o)

.debug_str      0x00000000      0xdc5
 *(.debug_str)
 .debug_str     0x00000000       0x1d obj/default/main.o
 .debug_str     0x0000001d      0x406 d:/quatur_edu/nios2eds/bin/gnu/h-i686-mingw32/bin/../lib/gcc/nios2-elf/4.1.2/../../../../nios2-elf/lib/mno-hw-mul\libsmallc.a(lib_a-printf.o)
                                0x466 (size before relaxing)
 .debug_str     0x00000423       0x48 d:/quatur_edu/nios2eds/bin/gnu/h-i686-mingw32/bin/../lib/gcc/nios2-elf/4.1.2/../../../../nios2-elf/lib/mno-hw-mul\libsmallc.a(lib_a-puts.o)
                                0x450 (size before relaxing)
 .debug_str     0x0000046b       0xe2 d:/quatur_edu/nios2eds/bin/gnu/h-i686-mingw32/bin/../lib/gcc/nios2-elf/4.1.2/../../../../nios2-elf/lib/mno-hw-mul\libsmallc.a(lib_a-strlen.o)
                                0x184 (size before relaxing)
 .debug_str     0x0000054d      0x168 d:/quatur_edu/nios2eds/bin/gnu/h-i686-mingw32/bin/../lib/gcc/nios2-elf/4.1.2/../../../../nios2-elf/lib/mno-hw-mul\libsmallc.a(lib_a-vfprintf.o)
                                0x5af (size before relaxing)
 .debug_str     0x000006b5       0x70 d:/quatur_edu/nios2eds/bin/gnu/h-i686-mingw32/bin/../lib/gcc/nios2-elf/4.1.2/../../../../nios2-elf/lib/mno-hw-mul\libsmallc.a(lib_a-fvwrite_small_dev.o)
                                0x46a (size before relaxing)
 .debug_str     0x00000725       0xf8 d:/quatur_edu/nios2eds/bin/gnu/h-i686-mingw32/bin/../lib/gcc/nios2-elf/4.1.2/../../../../nios2-elf/lib/mno-hw-mul\libsmallc.a(lib_a-impure.o)
                                0x45d (size before relaxing)
 .debug_str     0x0000081d       0x4f d:/quatur_edu/nios2eds/bin/gnu/h-i686-mingw32/bin/../lib/gcc/nios2-elf/4.1.2/../../../../nios2-elf/lib/mno-hw-mul\libsmallc.a(lib_a-writer.o)
                                0x451 (size before relaxing)
 .debug_str     0x0000086c       0x40 d:/quatur_edu/nios2eds/bin/gnu/h-i686-mingw32/bin/../lib/gcc/nios2-elf/4.1.2/../../../../nios2-elf/lib/mno-hw-mul\libsmallc.a(lib_a-int_errno.o)
                                0x177 (size before relaxing)
 .debug_str     0x000008ac      0x10b d:/quatur_edu/nios2eds/bin/gnu/h-i686-mingw32/bin/../lib/gcc/nios2-elf/4.1.2/mno-hw-mul\libgcc.a(lib2-divmod.o)
                                0x1b4 (size before relaxing)
 .debug_str     0x000009b7       0x37 d:/quatur_edu/nios2eds/bin/gnu/h-i686-mingw32/bin/../lib/gcc/nios2-elf/4.1.2/mno-hw-mul\libgcc.a(lib2-mul.o)
                                0x175 (size before relaxing)
 .debug_str     0x000009ee       0x18 ../edge_bsp/\libhal_bsp.a(alt_iic.o)
 .debug_str     0x00000a06       0x1a ../edge_bsp/\libhal_bsp.a(alt_iic_isr_register.o)
 .debug_str     0x00000a20       0x12 ../edge_bsp/\libhal_bsp.a(alt_irq_handler.o)
 .debug_str     0x00000a32       0x12 ../edge_bsp/\libhal_bsp.a(alt_load.o)
 .debug_str     0x00000a44       0x12 ../edge_bsp/\libhal_bsp.a(alt_main.o)
 .debug_str     0x00000a56       0x12 ../edge_bsp/\libhal_bsp.a(alt_write.o)
 .debug_str     0x00000a68       0x12 ../edge_bsp/\libhal_bsp.a(alt_sys_init.o)
 .debug_str     0x00000a7a       0x12 ../edge_bsp/\libhal_bsp.a(altera_avalon_jtag_uart_read.o)
 .debug_str     0x00000a8c       0x12 ../edge_bsp/\libhal_bsp.a(altera_avalon_jtag_uart_write.o)
 .debug_str     0x00000a9e       0x12 ../edge_bsp/\libhal_bsp.a(alt_close.o)
 .debug_str     0x00000ab0       0x12 ../edge_bsp/\libhal_bsp.a(alt_dcache_flush_all.o)
 .debug_str     0x00000ac2       0x12 ../edge_bsp/\libhal_bsp.a(alt_dev.o)
 .debug_str     0x00000ad4       0x12 ../edge_bsp/\libhal_bsp.a(alt_dev_llist_insert.o)
 .debug_str     0x00000ae6       0x12 ../edge_bsp/\libhal_bsp.a(alt_errno.o)
 .debug_str     0x00000af8       0x12 ../edge_bsp/\libhal_bsp.a(alt_icache_flush_all.o)
 .debug_str     0x00000b0a       0x12 ../edge_bsp/\libhal_bsp.a(alt_io_redirect.o)
 .debug_str     0x00000b1c       0x12 ../edge_bsp/\libhal_bsp.a(alt_open.o)
 .debug_str     0x00000b2e       0x12 ../edge_bsp/\libhal_bsp.a(altera_nios2_qsys_irq.o)
 .debug_str     0x00000b40       0x12 ../edge_bsp/\libhal_bsp.a(alt_find_dev.o)
 .debug_str     0x00000b52       0x12 ../edge_bsp/\libhal_bsp.a(alt_find_file.o)
 .debug_str     0x00000b64       0x12 ../edge_bsp/\libhal_bsp.a(alt_get_fd.o)
 .debug_str     0x00000b76       0xdb d:/quatur_edu/nios2eds/bin/gnu/h-i686-mingw32/bin/../lib/gcc/nios2-elf/4.1.2/../../../../nios2-elf/lib/mno-hw-mul\libsmallc.a(lib_a-atexit.o)
                                0x1e5 (size before relaxing)
 .debug_str     0x00000c51       0x41 d:/quatur_edu/nios2eds/bin/gnu/h-i686-mingw32/bin/../lib/gcc/nios2-elf/4.1.2/../../../../nios2-elf/lib/mno-hw-mul\libsmallc.a(lib_a-exit.o)
                                0x178 (size before relaxing)
 .debug_str     0x00000c92       0x45 d:/quatur_edu/nios2eds/bin/gnu/h-i686-mingw32/bin/../lib/gcc/nios2-elf/4.1.2/../../../../nios2-elf/lib/mno-hw-mul\libsmallc.a(lib_a-memcmp.o)
                                0x17e (size before relaxing)
 .debug_str     0x00000cd7       0x54 d:/quatur_edu/nios2eds/bin/gnu/h-i686-mingw32/bin/../lib/gcc/nios2-elf/4.1.2/../../../../nios2-elf/lib/mno-hw-mul\libsmallc.a(lib_a-__atexit.o)
                                0x467 (size before relaxing)
 .debug_str     0x00000d2b       0x7e d:/quatur_edu/nios2eds/bin/gnu/h-i686-mingw32/bin/../lib/gcc/nios2-elf/4.1.2/../../../../nios2-elf/lib/mno-hw-mul\libsmallc.a(lib_a-__call_atexit.o)
                                0x491 (size before relaxing)
 .debug_str     0x00000da9       0x1c ../edge_bsp/\libhal_bsp.a(alt_exit.o)

.debug_loc      0x00000000     0x1966
 *(.debug_loc)
 .debug_loc     0x00000000      0x12d obj/default/main.o
 .debug_loc     0x0000012d       0x8d d:/quatur_edu/nios2eds/bin/gnu/h-i686-mingw32/bin/../lib/gcc/nios2-elf/4.1.2/../../../../nios2-elf/lib/mno-hw-mul\libsmallc.a(lib_a-printf.o)
 .debug_loc     0x000001ba       0xa2 d:/quatur_edu/nios2eds/bin/gnu/h-i686-mingw32/bin/../lib/gcc/nios2-elf/4.1.2/../../../../nios2-elf/lib/mno-hw-mul\libsmallc.a(lib_a-puts.o)
 .debug_loc     0x0000025c       0x1e d:/quatur_edu/nios2eds/bin/gnu/h-i686-mingw32/bin/../lib/gcc/nios2-elf/4.1.2/../../../../nios2-elf/lib/mno-hw-mul\libsmallc.a(lib_a-strlen.o)
 .debug_loc     0x0000027a      0x878 d:/quatur_edu/nios2eds/bin/gnu/h-i686-mingw32/bin/../lib/gcc/nios2-elf/4.1.2/../../../../nios2-elf/lib/mno-hw-mul\libsmallc.a(lib_a-vfprintf.o)
 .debug_loc     0x00000af2      0x162 d:/quatur_edu/nios2eds/bin/gnu/h-i686-mingw32/bin/../lib/gcc/nios2-elf/4.1.2/../../../../nios2-elf/lib/mno-hw-mul\libsmallc.a(lib_a-fvwrite_small_dev.o)
 .debug_loc     0x00000c54       0x97 d:/quatur_edu/nios2eds/bin/gnu/h-i686-mingw32/bin/../lib/gcc/nios2-elf/4.1.2/../../../../nios2-elf/lib/mno-hw-mul\libsmallc.a(lib_a-writer.o)
 .debug_loc     0x00000ceb      0x1d2 d:/quatur_edu/nios2eds/bin/gnu/h-i686-mingw32/bin/../lib/gcc/nios2-elf/4.1.2/mno-hw-mul\libgcc.a(lib2-divmod.o)
 .debug_loc     0x00000ebd       0x4f d:/quatur_edu/nios2eds/bin/gnu/h-i686-mingw32/bin/../lib/gcc/nios2-elf/4.1.2/mno-hw-mul\libgcc.a(lib2-mul.o)
 .debug_loc     0x00000f0c       0xac ../edge_bsp/\libhal_bsp.a(alt_iic.o)
 .debug_loc     0x00000fb8       0x2b ../edge_bsp/\libhal_bsp.a(alt_iic_isr_register.o)
 .debug_loc     0x00000fe3       0x2b ../edge_bsp/\libhal_bsp.a(alt_irq_handler.o)
 .debug_loc     0x0000100e       0x56 ../edge_bsp/\libhal_bsp.a(alt_load.o)
 .debug_loc     0x00001064       0x2b ../edge_bsp/\libhal_bsp.a(alt_main.o)
 .debug_loc     0x0000108f       0x56 ../edge_bsp/\libhal_bsp.a(alt_write.o)
 .debug_loc     0x000010e5       0x81 ../edge_bsp/\libhal_bsp.a(alt_sys_init.o)
 .debug_loc     0x00001166       0x56 ../edge_bsp/\libhal_bsp.a(altera_avalon_jtag_uart_fd.o)
 .debug_loc     0x000011bc       0x2b ../edge_bsp/\libhal_bsp.a(altera_avalon_jtag_uart_read.o)
 .debug_loc     0x000011e7       0x2b ../edge_bsp/\libhal_bsp.a(altera_avalon_jtag_uart_write.o)
 .debug_loc     0x00001212       0x56 ../edge_bsp/\libhal_bsp.a(alt_close.o)
 .debug_loc     0x00001268       0x2b ../edge_bsp/\libhal_bsp.a(alt_dcache_flush_all.o)
 .debug_loc     0x00001293       0x2b ../edge_bsp/\libhal_bsp.a(alt_dev.o)
 .debug_loc     0x000012be       0x56 ../edge_bsp/\libhal_bsp.a(alt_dev_llist_insert.o)
 .debug_loc     0x00001314       0x2b ../edge_bsp/\libhal_bsp.a(alt_do_ctors.o)
 .debug_loc     0x0000133f       0x2b ../edge_bsp/\libhal_bsp.a(alt_do_dtors.o)
 .debug_loc     0x0000136a       0x2b ../edge_bsp/\libhal_bsp.a(alt_icache_flush_all.o)
 .debug_loc     0x00001395       0x56 ../edge_bsp/\libhal_bsp.a(alt_io_redirect.o)
 .debug_loc     0x000013eb       0x81 ../edge_bsp/\libhal_bsp.a(alt_open.o)
 .debug_loc     0x0000146c       0x2b ../edge_bsp/\libhal_bsp.a(alt_release_fd.o)
 .debug_loc     0x00001497       0x2b ../edge_bsp/\libhal_bsp.a(altera_nios2_qsys_irq.o)
 .debug_loc     0x000014c2       0x2b ../edge_bsp/\libhal_bsp.a(alt_find_dev.o)
 .debug_loc     0x000014ed       0x2b ../edge_bsp/\libhal_bsp.a(alt_find_file.o)
 .debug_loc     0x00001518       0x2b ../edge_bsp/\libhal_bsp.a(alt_get_fd.o)
 .debug_loc     0x00001543       0x1e d:/quatur_edu/nios2eds/bin/gnu/h-i686-mingw32/bin/../lib/gcc/nios2-elf/4.1.2/../../../../nios2-elf/lib/mno-hw-mul\libsmallc.a(lib_a-atexit.o)
 .debug_loc     0x00001561       0x3d d:/quatur_edu/nios2eds/bin/gnu/h-i686-mingw32/bin/../lib/gcc/nios2-elf/4.1.2/../../../../nios2-elf/lib/mno-hw-mul\libsmallc.a(lib_a-exit.o)
 .debug_loc     0x0000159e       0x70 d:/quatur_edu/nios2eds/bin/gnu/h-i686-mingw32/bin/../lib/gcc/nios2-elf/4.1.2/../../../../nios2-elf/lib/mno-hw-mul\libsmallc.a(lib_a-memcmp.o)
 .debug_loc     0x0000160e      0x141 d:/quatur_edu/nios2eds/bin/gnu/h-i686-mingw32/bin/../lib/gcc/nios2-elf/4.1.2/../../../../nios2-elf/lib/mno-hw-mul\libsmallc.a(lib_a-__atexit.o)
 .debug_loc     0x0000174f      0x1c1 d:/quatur_edu/nios2eds/bin/gnu/h-i686-mingw32/bin/../lib/gcc/nios2-elf/4.1.2/../../../../nios2-elf/lib/mno-hw-mul\libsmallc.a(lib_a-__call_atexit.o)
 .debug_loc     0x00001910       0x56 ../edge_bsp/\libhal_bsp.a(alt_exit.o)

.debug_macinfo
 *(.debug_macinfo)

.debug_weaknames
 *(.debug_weaknames)

.debug_funcnames
 *(.debug_funcnames)

.debug_typenames
 *(.debug_typenames)

.debug_varnames
 *(.debug_varnames)

.debug_alt_sim_info
                0x00000000       0x10
 *(.debug_alt_sim_info)
 .debug_alt_sim_info
                0x00000000       0x10 ../edge_bsp//obj/HAL/src/crt0.o
                0x00008000                __alt_data_end = 0x8000
                0x00008000                PROVIDE (__alt_stack_pointer, __alt_data_end)
                0x00002fcc                PROVIDE (__alt_stack_limit, __alt_stack_base)
                0x00002fcc                PROVIDE (__alt_heap_start, end)
                0x00008000                PROVIDE (__alt_heap_limit, 0x8000)
OUTPUT(doan_soc.elf elf32-littlenios2)

.debug_ranges   0x00000000      0x1d0
 .debug_ranges  0x00000000       0x20 ../edge_bsp//obj/HAL/src/crt0.o
 .debug_ranges  0x00000020      0x140 d:/quatur_edu/nios2eds/bin/gnu/h-i686-mingw32/bin/../lib/gcc/nios2-elf/4.1.2/../../../../nios2-elf/lib/mno-hw-mul\libsmallc.a(lib_a-vfprintf.o)
 .debug_ranges  0x00000160       0x28 ../edge_bsp/\libhal_bsp.a(alt_irq_entry.o)
 .debug_ranges  0x00000188       0x30 ../edge_bsp/\libhal_bsp.a(alt_exception_entry.o)
 .debug_ranges  0x000001b8       0x18 d:/quatur_edu/nios2eds/bin/gnu/h-i686-mingw32/bin/../lib/gcc/nios2-elf/4.1.2/../../../../nios2-elf/lib/mno-hw-mul\libsmallc.a(lib_a-__call_atexit.o)
