Archive member included because of file (symbol)

c:/altera/13.0sp1/nios2eds/bin/gnu/h-i686-mingw32/bin/../lib/gcc/nios2-elf/4.1.2/../../../../nios2-elf/lib/mno-hw-mul\libsmallc.a(lib_a-puts.o)
                              obj/default/main.o (puts)
c:/altera/13.0sp1/nios2eds/bin/gnu/h-i686-mingw32/bin/../lib/gcc/nios2-elf/4.1.2/../../../../nios2-elf/lib/mno-hw-mul\libsmallc.a(lib_a-strlen.o)
                              c:/altera/13.0sp1/nios2eds/bin/gnu/h-i686-mingw32/bin/../lib/gcc/nios2-elf/4.1.2/../../../../nios2-elf/lib/mno-hw-mul\libsmallc.a(lib_a-puts.o) (strlen)
c:/altera/13.0sp1/nios2eds/bin/gnu/h-i686-mingw32/bin/../lib/gcc/nios2-elf/4.1.2/../../../../nios2-elf/lib/mno-hw-mul\libsmallc.a(lib_a-fvwrite_small_dev.o)
                              c:/altera/13.0sp1/nios2eds/bin/gnu/h-i686-mingw32/bin/../lib/gcc/nios2-elf/4.1.2/../../../../nios2-elf/lib/mno-hw-mul\libsmallc.a(lib_a-puts.o) (__sfvwrite_small_dev)
c:/altera/13.0sp1/nios2eds/bin/gnu/h-i686-mingw32/bin/../lib/gcc/nios2-elf/4.1.2/../../../../nios2-elf/lib/mno-hw-mul\libsmallc.a(lib_a-impure.o)
                              c:/altera/13.0sp1/nios2eds/bin/gnu/h-i686-mingw32/bin/../lib/gcc/nios2-elf/4.1.2/../../../../nios2-elf/lib/mno-hw-mul\libsmallc.a(lib_a-puts.o) (_impure_ptr)
c:/altera/13.0sp1/nios2eds/bin/gnu/h-i686-mingw32/bin/../lib/gcc/nios2-elf/4.1.2/../../../../nios2-elf/lib/mno-hw-mul\libsmallc.a(lib_a-writer.o)
                              c:/altera/13.0sp1/nios2eds/bin/gnu/h-i686-mingw32/bin/../lib/gcc/nios2-elf/4.1.2/../../../../nios2-elf/lib/mno-hw-mul\libsmallc.a(lib_a-fvwrite_small_dev.o) (_write_r)
c:/altera/13.0sp1/nios2eds/bin/gnu/h-i686-mingw32/bin/../lib/gcc/nios2-elf/4.1.2/../../../../nios2-elf/lib/mno-hw-mul\libsmallc.a(lib_a-int_errno.o)
                              c:/altera/13.0sp1/nios2eds/bin/gnu/h-i686-mingw32/bin/../lib/gcc/nios2-elf/4.1.2/../../../../nios2-elf/lib/mno-hw-mul\libsmallc.a(lib_a-writer.o) (errno)
../doan_soc_bsp/\libhal_bsp.a(alt_iic.o)
                              obj/default/main.o (alt_ic_isr_register)
../doan_soc_bsp/\libhal_bsp.a(alt_iic_isr_register.o)
                              ../doan_soc_bsp/\libhal_bsp.a(alt_iic.o) (alt_iic_isr_register)
../doan_soc_bsp/\libhal_bsp.a(alt_irq_entry.o)
                              ../doan_soc_bsp/\libhal_bsp.a(alt_iic_isr_register.o) (alt_irq_entry)
../doan_soc_bsp/\libhal_bsp.a(alt_irq_handler.o)
                              ../doan_soc_bsp/\libhal_bsp.a(alt_iic_isr_register.o) (alt_irq_handler)
../doan_soc_bsp/\libhal_bsp.a(alt_irq_vars.o)
                              ../doan_soc_bsp/\libhal_bsp.a(alt_iic.o) (alt_irq_active)
../doan_soc_bsp/\libhal_bsp.a(alt_load.o)
                              ../doan_soc_bsp//obj/HAL/src/crt0.o (alt_load)
../doan_soc_bsp/\libhal_bsp.a(alt_main.o)
                              ../doan_soc_bsp//obj/HAL/src/crt0.o (alt_main)
../doan_soc_bsp/\libhal_bsp.a(alt_write.o)
                              c:/altera/13.0sp1/nios2eds/bin/gnu/h-i686-mingw32/bin/../lib/gcc/nios2-elf/4.1.2/../../../../nios2-elf/lib/mno-hw-mul\libsmallc.a(lib_a-writer.o) (write)
../doan_soc_bsp/\libhal_bsp.a(alt_sys_init.o)
                              ../doan_soc_bsp/\libhal_bsp.a(alt_main.o) (alt_irq_init)
../doan_soc_bsp/\libhal_bsp.a(altera_avalon_jtag_uart_fd.o)
                              ../doan_soc_bsp/\libhal_bsp.a(alt_sys_init.o) (altera_avalon_jtag_uart_read_fd)
../doan_soc_bsp/\libhal_bsp.a(altera_avalon_jtag_uart_read.o)
                              ../doan_soc_bsp/\libhal_bsp.a(altera_avalon_jtag_uart_fd.o) (altera_avalon_jtag_uart_read)
../doan_soc_bsp/\libhal_bsp.a(altera_avalon_jtag_uart_write.o)
                              ../doan_soc_bsp/\libhal_bsp.a(altera_avalon_jtag_uart_fd.o) (altera_avalon_jtag_uart_write)
../doan_soc_bsp/\libhal_bsp.a(alt_close.o)
                              ../doan_soc_bsp/\libhal_bsp.a(alt_main.o) (close)
../doan_soc_bsp/\libhal_bsp.a(alt_dcache_flush_all.o)
                              ../doan_soc_bsp/\libhal_bsp.a(alt_load.o) (alt_dcache_flush_all)
../doan_soc_bsp/\libhal_bsp.a(alt_dev.o)
                              ../doan_soc_bsp/\libhal_bsp.a(alt_sys_init.o) (alt_dev_list)
../doan_soc_bsp/\libhal_bsp.a(alt_dev_llist_insert.o)
                              ../doan_soc_bsp/\libhal_bsp.a(alt_sys_init.o) (alt_dev_llist_insert)
../doan_soc_bsp/\libhal_bsp.a(alt_do_ctors.o)
                              ../doan_soc_bsp/\libhal_bsp.a(alt_main.o) (_do_ctors)
../doan_soc_bsp/\libhal_bsp.a(alt_do_dtors.o)
                              ../doan_soc_bsp/\libhal_bsp.a(alt_main.o) (_do_dtors)
../doan_soc_bsp/\libhal_bsp.a(alt_errno.o)
                              ../doan_soc_bsp/\libhal_bsp.a(alt_write.o) (alt_errno)
../doan_soc_bsp/\libhal_bsp.a(alt_exception_entry.o)
                              ../doan_soc_bsp/\libhal_bsp.a(alt_irq_entry.o) (alt_exception)
../doan_soc_bsp/\libhal_bsp.a(alt_icache_flush_all.o)
                              ../doan_soc_bsp/\libhal_bsp.a(alt_load.o) (alt_icache_flush_all)
../doan_soc_bsp/\libhal_bsp.a(alt_io_redirect.o)
                              ../doan_soc_bsp/\libhal_bsp.a(alt_main.o) (alt_io_redirect)
../doan_soc_bsp/\libhal_bsp.a(alt_open.o)
                              ../doan_soc_bsp/\libhal_bsp.a(alt_io_redirect.o) (open)
../doan_soc_bsp/\libhal_bsp.a(alt_release_fd.o)
                              ../doan_soc_bsp/\libhal_bsp.a(alt_close.o) (alt_release_fd)
../doan_soc_bsp/\libhal_bsp.a(altera_nios2_qsys_irq.o)
                              ../doan_soc_bsp/\libhal_bsp.a(alt_sys_init.o) (altera_nios2_qsys_irq_init)
../doan_soc_bsp/\libhal_bsp.a(alt_find_dev.o)
                              ../doan_soc_bsp/\libhal_bsp.a(alt_open.o) (alt_find_dev)
../doan_soc_bsp/\libhal_bsp.a(alt_find_file.o)
                              ../doan_soc_bsp/\libhal_bsp.a(alt_open.o) (alt_find_file)
../doan_soc_bsp/\libhal_bsp.a(alt_get_fd.o)
                              ../doan_soc_bsp/\libhal_bsp.a(alt_open.o) (alt_get_fd)
c:/altera/13.0sp1/nios2eds/bin/gnu/h-i686-mingw32/bin/../lib/gcc/nios2-elf/4.1.2/../../../../nios2-elf/lib/mno-hw-mul\libsmallc.a(lib_a-atexit.o)
                              ../doan_soc_bsp/\libhal_bsp.a(alt_main.o) (atexit)
c:/altera/13.0sp1/nios2eds/bin/gnu/h-i686-mingw32/bin/../lib/gcc/nios2-elf/4.1.2/../../../../nios2-elf/lib/mno-hw-mul\libsmallc.a(lib_a-exit.o)
                              ../doan_soc_bsp/\libhal_bsp.a(alt_main.o) (exit)
c:/altera/13.0sp1/nios2eds/bin/gnu/h-i686-mingw32/bin/../lib/gcc/nios2-elf/4.1.2/../../../../nios2-elf/lib/mno-hw-mul\libsmallc.a(lib_a-memcmp.o)
                              ../doan_soc_bsp/\libhal_bsp.a(alt_find_dev.o) (memcmp)
c:/altera/13.0sp1/nios2eds/bin/gnu/h-i686-mingw32/bin/../lib/gcc/nios2-elf/4.1.2/../../../../nios2-elf/lib/mno-hw-mul\libsmallc.a(lib_a-__atexit.o)
                              c:/altera/13.0sp1/nios2eds/bin/gnu/h-i686-mingw32/bin/../lib/gcc/nios2-elf/4.1.2/../../../../nios2-elf/lib/mno-hw-mul\libsmallc.a(lib_a-atexit.o) (__register_exitproc)
c:/altera/13.0sp1/nios2eds/bin/gnu/h-i686-mingw32/bin/../lib/gcc/nios2-elf/4.1.2/../../../../nios2-elf/lib/mno-hw-mul\libsmallc.a(lib_a-__call_atexit.o)
                              c:/altera/13.0sp1/nios2eds/bin/gnu/h-i686-mingw32/bin/../lib/gcc/nios2-elf/4.1.2/../../../../nios2-elf/lib/mno-hw-mul\libsmallc.a(lib_a-exit.o) (__call_exitprocs)
c:/altera/13.0sp1/nios2eds/bin/gnu/h-i686-mingw32/bin/../lib/gcc/nios2-elf/4.1.2/mno-hw-mul\libgcc.a(lib2-mul.o)
                              ../doan_soc_bsp/\libhal_bsp.a(alt_write.o) (__mulsi3)
../doan_soc_bsp/\libhal_bsp.a(alt_exit.o)
                              c:/altera/13.0sp1/nios2eds/bin/gnu/h-i686-mingw32/bin/../lib/gcc/nios2-elf/4.1.2/../../../../nios2-elf/lib/mno-hw-mul\libsmallc.a(lib_a-exit.o) (_exit)

Allocating common symbols
Common symbol       size              file

alt_irq             0x100             ../doan_soc_bsp/\libhal_bsp.a(alt_irq_handler.o)
errno               0x4               c:/altera/13.0sp1/nios2eds/bin/gnu/h-i686-mingw32/bin/../lib/gcc/nios2-elf/4.1.2/../../../../nios2-elf/lib/mno-hw-mul\libsmallc.a(lib_a-int_errno.o)
_atexit0            0x8c              c:/altera/13.0sp1/nios2eds/bin/gnu/h-i686-mingw32/bin/../lib/gcc/nios2-elf/4.1.2/../../../../nios2-elf/lib/mno-hw-mul\libsmallc.a(lib_a-atexit.o)

Memory Configuration

Name             Origin             Length             Attributes
reset            0x00000000         0x00000020
onchip_memory2_0 0x00000020         0x00007fe0
*default*        0x00000000         0xffffffff

Linker script and memory map

LOAD ../doan_soc_bsp//obj/HAL/src/crt0.o
LOAD obj/default/main.o
LOAD c:/altera/13.0sp1/nios2eds/bin/gnu/h-i686-mingw32/bin/../lib/gcc/nios2-elf/4.1.2/../../../../nios2-elf/lib/mno-hw-mul\libstdc++.a
LOAD c:/altera/13.0sp1/nios2eds/bin/gnu/h-i686-mingw32/bin/../lib/gcc/nios2-elf/4.1.2/../../../../nios2-elf/lib/mno-hw-mul\libm.a
LOAD c:/altera/13.0sp1/nios2eds/bin/gnu/h-i686-mingw32/bin/../lib/gcc/nios2-elf/4.1.2/mno-hw-mul\libgcc.a
START GROUP
LOAD c:/altera/13.0sp1/nios2eds/bin/gnu/h-i686-mingw32/bin/../lib/gcc/nios2-elf/4.1.2/../../../../nios2-elf/lib/mno-hw-mul\libsmallc.a
LOAD c:/altera/13.0sp1/nios2eds/bin/gnu/h-i686-mingw32/bin/../lib/gcc/nios2-elf/4.1.2/mno-hw-mul\libgcc.a
LOAD ../doan_soc_bsp/\libhal_bsp.a
END GROUP
LOAD c:/altera/13.0sp1/nios2eds/bin/gnu/h-i686-mingw32/bin/../lib/gcc/nios2-elf/4.1.2/mno-hw-mul\libgcc.a
                0x00000000                __alt_mem_onchip_memory2_0 = 0x0

.entry          0x00000000       0x20
 *(.entry)
 .entry         0x00000000       0x20 ../doan_soc_bsp//obj/HAL/src/crt0.o
                0x00000000                __reset

.exceptions     0x00000020      0x194
                0x00000020                PROVIDE (__ram_exceptions_start, ABSOLUTE (.))
                0x00000020                . = ALIGN (0x20)
 *(.irq)
 *(.exceptions.entry.label)
 .exceptions.entry.label
                0x00000020        0x0 ../doan_soc_bsp/\libhal_bsp.a(alt_irq_entry.o)
                0x00000020                alt_irq_entry
 .exceptions.entry.label
                0x00000020        0x0 ../doan_soc_bsp/\libhal_bsp.a(alt_exception_entry.o)
                0x00000020                alt_exception
 *(.exceptions.entry.user)
 *(.exceptions.entry)
 .exceptions.entry
                0x00000020       0x54 ../doan_soc_bsp/\libhal_bsp.a(alt_exception_entry.o)
 *(.exceptions.irqtest.user)
 *(.exceptions.irqtest)
 .exceptions.irqtest
                0x00000074       0x10 ../doan_soc_bsp/\libhal_bsp.a(alt_irq_entry.o)
 *(.exceptions.irqhandler.user)
 *(.exceptions.irqhandler)
 .exceptions.irqhandler
                0x00000084        0x4 ../doan_soc_bsp/\libhal_bsp.a(alt_irq_entry.o)
 *(.exceptions.irqreturn.user)
 *(.exceptions.irqreturn)
 .exceptions.irqreturn
                0x00000088        0x4 ../doan_soc_bsp/\libhal_bsp.a(alt_irq_entry.o)
 *(.exceptions.notirq.label)
 .exceptions.notirq.label
                0x0000008c        0x0 ../doan_soc_bsp/\libhal_bsp.a(alt_irq_entry.o)
 *(.exceptions.notirq.user)
 *(.exceptions.notirq)
 .exceptions.notirq
                0x0000008c        0x8 ../doan_soc_bsp/\libhal_bsp.a(alt_exception_entry.o)
 *(.exceptions.soft.user)
 *(.exceptions.soft)
 *(.exceptions.unknown.user)
 *(.exceptions.unknown)
 .exceptions.unknown
                0x00000094        0x4 ../doan_soc_bsp/\libhal_bsp.a(alt_exception_entry.o)
 *(.exceptions.exit.label)
 .exceptions.exit.label
                0x00000098        0x0 ../doan_soc_bsp/\libhal_bsp.a(alt_irq_entry.o)
 .exceptions.exit.label
                0x00000098        0x0 ../doan_soc_bsp/\libhal_bsp.a(alt_exception_entry.o)
 *(.exceptions.exit.user)
 *(.exceptions.exit)
 .exceptions.exit
                0x00000098       0x54 ../doan_soc_bsp/\libhal_bsp.a(alt_exception_entry.o)
 *(.exceptions)
 .exceptions    0x000000ec       0xc8 ../doan_soc_bsp/\libhal_bsp.a(alt_irq_handler.o)
                0x000000ec                alt_irq_handler
                0x000001b4                PROVIDE (__ram_exceptions_end, ABSOLUTE (.))
                0x00000020                PROVIDE (__flash_exceptions_start, LOADADDR (.exceptions))

.text           0x000001b4     0x1b88
                0x000001b4                PROVIDE (stext, ABSOLUTE (.))
 *(.interp)
 *(.hash)
 *(.dynsym)
 *(.dynstr)
 *(.gnu.version)
 *(.gnu.version_d)
 *(.gnu.version_r)
 *(.rel.init)
 *(.rela.init)
 *(.rel.text .rel.text.* .rel.gnu.linkonce.t.*)
 *(.rela.text .rela.text.* .rela.gnu.linkonce.t.*)
 *(.rel.fini)
 *(.rela.fini)
 *(.rel.rodata .rel.rodata.* .rel.gnu.linkonce.r.*)
 *(.rela.rodata .rela.rodata.* .rela.gnu.linkonce.r.*)
 *(.rel.data .rel.data.* .rel.gnu.linkonce.d.*)
 *(.rela.data .rela.data.* .rela.gnu.linkonce.d.*)
 *(.rel.tdata .rel.tdata.* .rel.gnu.linkonce.td.*)
 *(.rela.tdata .rela.tdata.* .rela.gnu.linkonce.td.*)
 *(.rel.tbss .rel.tbss.* .rel.gnu.linkonce.tb.*)
 *(.rela.tbss .rela.tbss.* .rela.gnu.linkonce.tb.*)
 *(.rel.ctors)
 *(.rela.ctors)
 *(.rel.dtors)
 *(.rela.dtors)
 *(.rel.got)
 *(.rela.got)
 *(.rel.sdata .rel.sdata.* .rel.gnu.linkonce.s.*)
 *(.rela.sdata .rela.sdata.* .rela.gnu.linkonce.s.*)
 *(.rel.sbss .rel.sbss.* .rel.gnu.linkonce.sb.*)
 *(.rela.sbss .rela.sbss.* .rela.gnu.linkonce.sb.*)
 *(.rel.sdata2 .rel.sdata2.* .rel.gnu.linkonce.s2.*)
 *(.rela.sdata2 .rela.sdata2.* .rela.gnu.linkonce.s2.*)
 *(.rel.sbss2 .rel.sbss2.* .rel.gnu.linkonce.sb2.*)
 *(.rela.sbss2 .rela.sbss2.* .rela.gnu.linkonce.sb2.*)
 *(.rel.bss .rel.bss.* .rel.gnu.linkonce.b.*)
 *(.rela.bss .rela.bss.* .rela.gnu.linkonce.b.*)
 *(.rel.plt)
 *(.rela.plt)
 *(.rel.dyn)
 *(.init)
 *(.plt)
 *(.text .stub .text.* .gnu.linkonce.t.*)
 .text          0x000001b4       0x3c ../doan_soc_bsp//obj/HAL/src/crt0.o
                0x000001b4                _start
 .text          0x000001f0      0x190 obj/default/main.o
                0x000001f0                uart_wrapped_handler
                0x00000240                edge_detect_done_handler
                0x00000280                custom_logic_irq_handler
                0x000002e8                custom_logic_init
                0x00000314                main
 .text          0x00000380       0xa4 c:/altera/13.0sp1/nios2eds/bin/gnu/h-i686-mingw32/bin/../lib/gcc/nios2-elf/4.1.2/../../../../nios2-elf/lib/mno-hw-mul\libsmallc.a(lib_a-puts.o)
                0x00000380                _puts_r
                0x00000410                puts
 .text          0x00000424       0x20 c:/altera/13.0sp1/nios2eds/bin/gnu/h-i686-mingw32/bin/../lib/gcc/nios2-elf/4.1.2/../../../../nios2-elf/lib/mno-hw-mul\libsmallc.a(lib_a-strlen.o)
                0x00000424                strlen
 .text          0x00000444       0xbc c:/altera/13.0sp1/nios2eds/bin/gnu/h-i686-mingw32/bin/../lib/gcc/nios2-elf/4.1.2/../../../../nios2-elf/lib/mno-hw-mul\libsmallc.a(lib_a-fvwrite_small_dev.o)
                0x00000444                __sfvwrite_small_dev
 .text          0x00000500        0x0 c:/altera/13.0sp1/nios2eds/bin/gnu/h-i686-mingw32/bin/../lib/gcc/nios2-elf/4.1.2/../../../../nios2-elf/lib/mno-hw-mul\libsmallc.a(lib_a-impure.o)
 .text          0x00000500       0x78 c:/altera/13.0sp1/nios2eds/bin/gnu/h-i686-mingw32/bin/../lib/gcc/nios2-elf/4.1.2/../../../../nios2-elf/lib/mno-hw-mul\libsmallc.a(lib_a-writer.o)
                0x00000500                _write_r
 .text          0x00000578        0x0 c:/altera/13.0sp1/nios2eds/bin/gnu/h-i686-mingw32/bin/../lib/gcc/nios2-elf/4.1.2/../../../../nios2-elf/lib/mno-hw-mul\libsmallc.a(lib_a-int_errno.o)
 .text          0x00000578      0x1d4 ../doan_soc_bsp/\libhal_bsp.a(alt_iic.o)
                0x00000578                alt_ic_isr_register
                0x000005c8                alt_ic_irq_enable
                0x00000664                alt_ic_irq_disable
                0x00000704                alt_ic_irq_enabled
 .text          0x0000074c       0xf8 ../doan_soc_bsp/\libhal_bsp.a(alt_iic_isr_register.o)
                0x0000074c                alt_iic_isr_register
 .text          0x00000844        0x0 ../doan_soc_bsp/\libhal_bsp.a(alt_irq_entry.o)
 .text          0x00000844        0x0 ../doan_soc_bsp/\libhal_bsp.a(alt_irq_handler.o)
 .text          0x00000844        0x0 ../doan_soc_bsp/\libhal_bsp.a(alt_irq_vars.o)
 .text          0x00000844       0xec ../doan_soc_bsp/\libhal_bsp.a(alt_load.o)
                0x00000844                alt_load
 .text          0x00000930       0x6c ../doan_soc_bsp/\libhal_bsp.a(alt_main.o)
                0x00000930                alt_main
 .text          0x0000099c      0x184 ../doan_soc_bsp/\libhal_bsp.a(alt_write.o)
                0x0000099c                write
 .text          0x00000b20       0x9c ../doan_soc_bsp/\libhal_bsp.a(alt_sys_init.o)
                0x00000b20                alt_irq_init
                0x00000b54                alt_sys_init
 .text          0x00000bbc       0xb0 ../doan_soc_bsp/\libhal_bsp.a(altera_avalon_jtag_uart_fd.o)
                0x00000bbc                altera_avalon_jtag_uart_read_fd
                0x00000c14                altera_avalon_jtag_uart_write_fd
 .text          0x00000c6c      0x104 ../doan_soc_bsp/\libhal_bsp.a(altera_avalon_jtag_uart_read.o)
                0x00000c6c                altera_avalon_jtag_uart_read
 .text          0x00000d70       0xa4 ../doan_soc_bsp/\libhal_bsp.a(altera_avalon_jtag_uart_write.o)
                0x00000d70                altera_avalon_jtag_uart_write
 .text          0x00000e14      0x160 ../doan_soc_bsp/\libhal_bsp.a(alt_close.o)
                0x00000e14                close
 .text          0x00000f74       0x1c ../doan_soc_bsp/\libhal_bsp.a(alt_dcache_flush_all.o)
                0x00000f74                alt_dcache_flush_all
 .text          0x00000f90       0x2c ../doan_soc_bsp/\libhal_bsp.a(alt_dev.o)
 .text          0x00000fbc      0x114 ../doan_soc_bsp/\libhal_bsp.a(alt_dev_llist_insert.o)
                0x00000fbc                alt_dev_llist_insert
 .text          0x000010d0       0x64 ../doan_soc_bsp/\libhal_bsp.a(alt_do_ctors.o)
                0x000010d0                _do_ctors
 .text          0x00001134       0x64 ../doan_soc_bsp/\libhal_bsp.a(alt_do_dtors.o)
                0x00001134                _do_dtors
 .text          0x00001198        0x0 ../doan_soc_bsp/\libhal_bsp.a(alt_errno.o)
 .text          0x00001198        0x0 ../doan_soc_bsp/\libhal_bsp.a(alt_exception_entry.o)
 .text          0x00001198       0x1c ../doan_soc_bsp/\libhal_bsp.a(alt_icache_flush_all.o)
                0x00001198                alt_icache_flush_all
 .text          0x000011b4      0x150 ../doan_soc_bsp/\libhal_bsp.a(alt_io_redirect.o)
                0x0000128c                alt_io_redirect
 .text          0x00001304      0x2e4 ../doan_soc_bsp/\libhal_bsp.a(alt_open.o)
                0x000013fc                open
 .text          0x000015e8       0x78 ../doan_soc_bsp/\libhal_bsp.a(alt_release_fd.o)
                0x000015e8                alt_release_fd
 .text          0x00001660       0x20 ../doan_soc_bsp/\libhal_bsp.a(altera_nios2_qsys_irq.o)
                0x00001660                altera_nios2_qsys_irq_init
 .text          0x00001680       0x94 ../doan_soc_bsp/\libhal_bsp.a(alt_find_dev.o)
                0x00001680                alt_find_dev
 .text          0x00001714      0x120 ../doan_soc_bsp/\libhal_bsp.a(alt_find_file.o)
                0x00001714                alt_find_file
 .text          0x00001834       0xd0 ../doan_soc_bsp/\libhal_bsp.a(alt_get_fd.o)
                0x00001834                alt_get_fd
 .text          0x00001904       0x14 c:/altera/13.0sp1/nios2eds/bin/gnu/h-i686-mingw32/bin/../lib/gcc/nios2-elf/4.1.2/../../../../nios2-elf/lib/mno-hw-mul\libsmallc.a(lib_a-atexit.o)
                0x00001904                atexit
 .text          0x00001918       0x20 c:/altera/13.0sp1/nios2eds/bin/gnu/h-i686-mingw32/bin/../lib/gcc/nios2-elf/4.1.2/../../../../nios2-elf/lib/mno-hw-mul\libsmallc.a(lib_a-exit.o)
                0x00001918                exit
 .text          0x00001938       0x3c c:/altera/13.0sp1/nios2eds/bin/gnu/h-i686-mingw32/bin/../lib/gcc/nios2-elf/4.1.2/../../../../nios2-elf/lib/mno-hw-mul\libsmallc.a(lib_a-memcmp.o)
                0x00001938                memcmp
 .text          0x00001974      0x16c c:/altera/13.0sp1/nios2eds/bin/gnu/h-i686-mingw32/bin/../lib/gcc/nios2-elf/4.1.2/../../../../nios2-elf/lib/mno-hw-mul\libsmallc.a(lib_a-__atexit.o)
                0x00001974                __register_exitproc
 .text          0x00001ae0      0x1c0 c:/altera/13.0sp1/nios2eds/bin/gnu/h-i686-mingw32/bin/../lib/gcc/nios2-elf/4.1.2/../../../../nios2-elf/lib/mno-hw-mul\libsmallc.a(lib_a-__call_atexit.o)
                0x00001ae4                __call_exitprocs
 .text          0x00001ca0       0x38 c:/altera/13.0sp1/nios2eds/bin/gnu/h-i686-mingw32/bin/../lib/gcc/nios2-elf/4.1.2/mno-hw-mul\libgcc.a(lib2-mul.o)
                0x00001ca0                __mulsi3
 .text          0x00001cd8       0x60 ../doan_soc_bsp/\libhal_bsp.a(alt_exit.o)
                0x00001d18                _exit
 *(.gnu.warning.*)
 *(.fini)
                0x00001d38                PROVIDE (__etext, ABSOLUTE (.))
                0x00001d38                PROVIDE (_etext, ABSOLUTE (.))
                0x00001d38                PROVIDE (etext, ABSOLUTE (.))
 *(.eh_frame_hdr)
                0x00001d38                . = ALIGN (0x4)
                0x00001d38                PROVIDE (__preinit_array_start, ABSOLUTE (.))
 *(.preinit_array)
                0x00001d38                PROVIDE (__preinit_array_end, ABSOLUTE (.))
                0x00001d38                PROVIDE (__init_array_start, ABSOLUTE (.))
 *(.init_array)
                0x00001d38                PROVIDE (__init_array_end, ABSOLUTE (.))
                0x00001d38                PROVIDE (__fini_array_start, ABSOLUTE (.))
 *(.fini_array)
                0x00001d38                PROVIDE (__fini_array_end, ABSOLUTE (.))
 *(.eh_frame)
 *(.gcc_except_table)
 *(.dynamic)
                0x00001d38                PROVIDE (__CTOR_LIST__, ABSOLUTE (.))
 *(.ctors)
 *(SORT(.ctors.*))
 .ctors.65535   0x00001d38        0x4 c:/altera/13.0sp1/nios2eds/bin/gnu/h-i686-mingw32/bin/../lib/gcc/nios2-elf/4.1.2/../../../../nios2-elf/lib/mno-hw-mul\libsmallc.a(lib_a-__call_atexit.o)
                0x00001d3c                PROVIDE (__CTOR_END__, ABSOLUTE (.))
                0x00001d3c                PROVIDE (__DTOR_LIST__, ABSOLUTE (.))
 *(.dtors)
 *(SORT(.dtors.*))
                0x00001d3c                PROVIDE (__DTOR_END__, ABSOLUTE (.))
 *(.jcr)
                0x00001d3c                . = ALIGN (0x4)

.rodata         0x00001d3c       0xcc
                0x00001d3c                PROVIDE (__ram_rodata_start, ABSOLUTE (.))
                0x00001d3c                . = ALIGN (0x4)
 *(.rodata .rodata.* .gnu.linkonce.r.*)
 .rodata        0x00001d3c       0x94 obj/default/main.o
 .rodata.str1.4
                0x00001dd0        0x4 c:/altera/13.0sp1/nios2eds/bin/gnu/h-i686-mingw32/bin/../lib/gcc/nios2-elf/4.1.2/../../../../nios2-elf/lib/mno-hw-mul\libsmallc.a(lib_a-puts.o)
 .rodata        0x00001dd4       0x14 ../doan_soc_bsp/\libhal_bsp.a(alt_main.o)
 .rodata        0x00001de8       0x14 ../doan_soc_bsp/\libhal_bsp.a(alt_sys_init.o)
 .rodata        0x00001dfc        0xc ../doan_soc_bsp/\libhal_bsp.a(alt_dev.o)
 *(.rodata1)
                0x00001e08                . = ALIGN (0x4)
                0x00001e08                PROVIDE (__ram_rodata_end, ABSOLUTE (.))
                0x00001d3c                PROVIDE (__flash_rodata_start, LOADADDR (.rodata))

.rwdata         0x00001e08      0x2d8 load address 0x000020e0
                0x00001e08                PROVIDE (__ram_rwdata_start, ABSOLUTE (.))
                0x00001e08                . = ALIGN (0x4)
 *(.got.plt)
 *(.got)
 *(.data1)
 *(.data .data.* .gnu.linkonce.d.*)
 .data          0x00001e08        0x0 ../doan_soc_bsp//obj/HAL/src/crt0.o
 .data          0x00001e08        0x0 obj/default/main.o
 .data          0x00001e08        0x0 c:/altera/13.0sp1/nios2eds/bin/gnu/h-i686-mingw32/bin/../lib/gcc/nios2-elf/4.1.2/../../../../nios2-elf/lib/mno-hw-mul\libsmallc.a(lib_a-puts.o)
 .data          0x00001e08        0x0 c:/altera/13.0sp1/nios2eds/bin/gnu/h-i686-mingw32/bin/../lib/gcc/nios2-elf/4.1.2/../../../../nios2-elf/lib/mno-hw-mul\libsmallc.a(lib_a-strlen.o)
 .data          0x00001e08        0x0 c:/altera/13.0sp1/nios2eds/bin/gnu/h-i686-mingw32/bin/../lib/gcc/nios2-elf/4.1.2/../../../../nios2-elf/lib/mno-hw-mul\libsmallc.a(lib_a-fvwrite_small_dev.o)
 .data          0x00001e08       0xe0 c:/altera/13.0sp1/nios2eds/bin/gnu/h-i686-mingw32/bin/../lib/gcc/nios2-elf/4.1.2/../../../../nios2-elf/lib/mno-hw-mul\libsmallc.a(lib_a-impure.o)
 .data          0x00001ee8        0x0 c:/altera/13.0sp1/nios2eds/bin/gnu/h-i686-mingw32/bin/../lib/gcc/nios2-elf/4.1.2/../../../../nios2-elf/lib/mno-hw-mul\libsmallc.a(lib_a-writer.o)
 .data          0x00001ee8        0x0 c:/altera/13.0sp1/nios2eds/bin/gnu/h-i686-mingw32/bin/../lib/gcc/nios2-elf/4.1.2/../../../../nios2-elf/lib/mno-hw-mul\libsmallc.a(lib_a-int_errno.o)
 .data          0x00001ee8        0x0 ../doan_soc_bsp/\libhal_bsp.a(alt_iic.o)
 .data          0x00001ee8        0x0 ../doan_soc_bsp/\libhal_bsp.a(alt_iic_isr_register.o)
 .data          0x00001ee8        0x0 ../doan_soc_bsp/\libhal_bsp.a(alt_irq_entry.o)
 .data          0x00001ee8        0x0 ../doan_soc_bsp/\libhal_bsp.a(alt_irq_handler.o)
 .data          0x00001ee8        0x0 ../doan_soc_bsp/\libhal_bsp.a(alt_irq_vars.o)
 .data          0x00001ee8        0x0 ../doan_soc_bsp/\libhal_bsp.a(alt_load.o)
 .data          0x00001ee8        0x0 ../doan_soc_bsp/\libhal_bsp.a(alt_main.o)
 .data          0x00001ee8        0x0 ../doan_soc_bsp/\libhal_bsp.a(alt_write.o)
 .data          0x00001ee8       0x2c ../doan_soc_bsp/\libhal_bsp.a(alt_sys_init.o)
 .data          0x00001f14        0x0 ../doan_soc_bsp/\libhal_bsp.a(altera_avalon_jtag_uart_fd.o)
 .data          0x00001f14        0x0 ../doan_soc_bsp/\libhal_bsp.a(altera_avalon_jtag_uart_read.o)
 .data          0x00001f14        0x0 ../doan_soc_bsp/\libhal_bsp.a(altera_avalon_jtag_uart_write.o)
 .data          0x00001f14        0x0 ../doan_soc_bsp/\libhal_bsp.a(alt_close.o)
 .data          0x00001f14        0x0 ../doan_soc_bsp/\libhal_bsp.a(alt_dcache_flush_all.o)
 .data          0x00001f14      0x1a8 ../doan_soc_bsp/\libhal_bsp.a(alt_dev.o)
                0x00001f14                alt_dev_null
                0x00001f3c                alt_fd_list
 .data          0x000020bc        0x0 ../doan_soc_bsp/\libhal_bsp.a(alt_dev_llist_insert.o)
 .data          0x000020bc        0x0 ../doan_soc_bsp/\libhal_bsp.a(alt_do_ctors.o)
 .data          0x000020bc        0x0 ../doan_soc_bsp/\libhal_bsp.a(alt_do_dtors.o)
 .data          0x000020bc        0x0 ../doan_soc_bsp/\libhal_bsp.a(alt_errno.o)
 .data          0x000020bc        0x0 ../doan_soc_bsp/\libhal_bsp.a(alt_exception_entry.o)
 .data          0x000020bc        0x0 ../doan_soc_bsp/\libhal_bsp.a(alt_icache_flush_all.o)
 .data          0x000020bc        0x0 ../doan_soc_bsp/\libhal_bsp.a(alt_io_redirect.o)
 .data          0x000020bc        0x0 ../doan_soc_bsp/\libhal_bsp.a(alt_open.o)
 .data          0x000020bc        0x0 ../doan_soc_bsp/\libhal_bsp.a(alt_release_fd.o)
 .data          0x000020bc        0x0 ../doan_soc_bsp/\libhal_bsp.a(altera_nios2_qsys_irq.o)
 .data          0x000020bc        0x0 ../doan_soc_bsp/\libhal_bsp.a(alt_find_dev.o)
 .data          0x000020bc        0x0 ../doan_soc_bsp/\libhal_bsp.a(alt_find_file.o)
 .data          0x000020bc        0x0 ../doan_soc_bsp/\libhal_bsp.a(alt_get_fd.o)
 .data          0x000020bc        0x0 c:/altera/13.0sp1/nios2eds/bin/gnu/h-i686-mingw32/bin/../lib/gcc/nios2-elf/4.1.2/../../../../nios2-elf/lib/mno-hw-mul\libsmallc.a(lib_a-atexit.o)
 .data          0x000020bc        0x0 c:/altera/13.0sp1/nios2eds/bin/gnu/h-i686-mingw32/bin/../lib/gcc/nios2-elf/4.1.2/../../../../nios2-elf/lib/mno-hw-mul\libsmallc.a(lib_a-exit.o)
 .data          0x000020bc        0x0 c:/altera/13.0sp1/nios2eds/bin/gnu/h-i686-mingw32/bin/../lib/gcc/nios2-elf/4.1.2/../../../../nios2-elf/lib/mno-hw-mul\libsmallc.a(lib_a-memcmp.o)
 .data          0x000020bc        0x0 c:/altera/13.0sp1/nios2eds/bin/gnu/h-i686-mingw32/bin/../lib/gcc/nios2-elf/4.1.2/../../../../nios2-elf/lib/mno-hw-mul\libsmallc.a(lib_a-__atexit.o)
 .data          0x000020bc        0x0 c:/altera/13.0sp1/nios2eds/bin/gnu/h-i686-mingw32/bin/../lib/gcc/nios2-elf/4.1.2/../../../../nios2-elf/lib/mno-hw-mul\libsmallc.a(lib_a-__call_atexit.o)
 .data          0x000020bc        0x0 c:/altera/13.0sp1/nios2eds/bin/gnu/h-i686-mingw32/bin/../lib/gcc/nios2-elf/4.1.2/mno-hw-mul\libgcc.a(lib2-mul.o)
 .data          0x000020bc        0x0 ../doan_soc_bsp/\libhal_bsp.a(alt_exit.o)
                0x0000a0bc                _gp = ABSOLUTE ((. + 0x8000))
                0x0000a0bc                PROVIDE (gp, _gp)
 *(.rwdata .rwdata.*)
 *(.sdata .sdata.* .gnu.linkonce.s.*)
 .sdata         0x000020bc        0x8 c:/altera/13.0sp1/nios2eds/bin/gnu/h-i686-mingw32/bin/../lib/gcc/nios2-elf/4.1.2/../../../../nios2-elf/lib/mno-hw-mul\libsmallc.a(lib_a-impure.o)
                0x000020bc                _impure_ptr
                0x000020c0                _global_impure_ptr
 .sdata         0x000020c4        0x4 ../doan_soc_bsp/\libhal_bsp.a(alt_irq_vars.o)
                0x000020c4                alt_priority_mask
 .sdata         0x000020c8       0x14 ../doan_soc_bsp/\libhal_bsp.a(alt_dev.o)
                0x000020c8                alt_fs_list
                0x000020d0                alt_dev_list
                0x000020d8                alt_max_fd
 .sdata         0x000020dc        0x4 ../doan_soc_bsp/\libhal_bsp.a(alt_errno.o)
                0x000020dc                alt_errno
 *(.sdata2 .sdata2.* .gnu.linkonce.s2.*)
                0x000020e0                . = ALIGN (0x4)
                0x000020e0                _edata = ABSOLUTE (.)
                0x000020e0                PROVIDE (edata, ABSOLUTE (.))
                0x000020e0                PROVIDE (__ram_rwdata_end, ABSOLUTE (.))
                0x000020e0                PROVIDE (__flash_rwdata_start, LOADADDR (.rwdata))

.bss            0x000023b8      0x1a0
                0x000023b8                __bss_start = ABSOLUTE (.)
                0x000023b8                PROVIDE (__sbss_start, ABSOLUTE (.))
                0x000023b8                PROVIDE (___sbss_start, ABSOLUTE (.))
 *(.dynsbss)
 *(.sbss .sbss.* .gnu.linkonce.sb.*)
 .sbss          0x000023b8        0x4 c:/altera/13.0sp1/nios2eds/bin/gnu/h-i686-mingw32/bin/../lib/gcc/nios2-elf/4.1.2/../../../../nios2-elf/lib/mno-hw-mul\libsmallc.a(lib_a-int_errno.o)
                0x000023b8                errno
 .sbss          0x000023bc        0x4 ../doan_soc_bsp/\libhal_bsp.a(alt_irq_vars.o)
                0x000023bc                alt_irq_active
 .sbss          0x000023c0        0xc ../doan_soc_bsp/\libhal_bsp.a(alt_main.o)
                0x000023c0                alt_argc
                0x000023c4                alt_argv
                0x000023c8                alt_envp
 *(.sbss2 .sbss2.* .gnu.linkonce.sb2.*)
 *(.scommon)
                0x000023cc                PROVIDE (__sbss_end, ABSOLUTE (.))
                0x000023cc                PROVIDE (___sbss_end, ABSOLUTE (.))
 *(.dynbss)
 *(.bss .bss.* .gnu.linkonce.b.*)
 .bss           0x000023cc        0x0 ../doan_soc_bsp//obj/HAL/src/crt0.o
 .bss           0x000023cc        0x0 obj/default/main.o
 .bss           0x000023cc        0x0 c:/altera/13.0sp1/nios2eds/bin/gnu/h-i686-mingw32/bin/../lib/gcc/nios2-elf/4.1.2/../../../../nios2-elf/lib/mno-hw-mul\libsmallc.a(lib_a-puts.o)
 .bss           0x000023cc        0x0 c:/altera/13.0sp1/nios2eds/bin/gnu/h-i686-mingw32/bin/../lib/gcc/nios2-elf/4.1.2/../../../../nios2-elf/lib/mno-hw-mul\libsmallc.a(lib_a-strlen.o)
 .bss           0x000023cc        0x0 c:/altera/13.0sp1/nios2eds/bin/gnu/h-i686-mingw32/bin/../lib/gcc/nios2-elf/4.1.2/../../../../nios2-elf/lib/mno-hw-mul\libsmallc.a(lib_a-fvwrite_small_dev.o)
 .bss           0x000023cc        0x0 c:/altera/13.0sp1/nios2eds/bin/gnu/h-i686-mingw32/bin/../lib/gcc/nios2-elf/4.1.2/../../../../nios2-elf/lib/mno-hw-mul\libsmallc.a(lib_a-impure.o)
 .bss           0x000023cc        0x0 c:/altera/13.0sp1/nios2eds/bin/gnu/h-i686-mingw32/bin/../lib/gcc/nios2-elf/4.1.2/../../../../nios2-elf/lib/mno-hw-mul\libsmallc.a(lib_a-writer.o)
 .bss           0x000023cc        0x0 c:/altera/13.0sp1/nios2eds/bin/gnu/h-i686-mingw32/bin/../lib/gcc/nios2-elf/4.1.2/../../../../nios2-elf/lib/mno-hw-mul\libsmallc.a(lib_a-int_errno.o)
 .bss           0x000023cc        0x0 ../doan_soc_bsp/\libhal_bsp.a(alt_iic.o)
 .bss           0x000023cc        0x0 ../doan_soc_bsp/\libhal_bsp.a(alt_iic_isr_register.o)
 .bss           0x000023cc        0x0 ../doan_soc_bsp/\libhal_bsp.a(alt_irq_entry.o)
 .bss           0x000023cc        0x0 ../doan_soc_bsp/\libhal_bsp.a(alt_irq_handler.o)
 .bss           0x000023cc        0x0 ../doan_soc_bsp/\libhal_bsp.a(alt_irq_vars.o)
 .bss           0x000023cc        0x0 ../doan_soc_bsp/\libhal_bsp.a(alt_load.o)
 .bss           0x000023cc        0x0 ../doan_soc_bsp/\libhal_bsp.a(alt_main.o)
 .bss           0x000023cc        0x0 ../doan_soc_bsp/\libhal_bsp.a(alt_write.o)
 .bss           0x000023cc        0x0 ../doan_soc_bsp/\libhal_bsp.a(alt_sys_init.o)
 .bss           0x000023cc        0x0 ../doan_soc_bsp/\libhal_bsp.a(altera_avalon_jtag_uart_fd.o)
 .bss           0x000023cc        0x0 ../doan_soc_bsp/\libhal_bsp.a(altera_avalon_jtag_uart_read.o)
 .bss           0x000023cc        0x0 ../doan_soc_bsp/\libhal_bsp.a(altera_avalon_jtag_uart_write.o)
 .bss           0x000023cc        0x0 ../doan_soc_bsp/\libhal_bsp.a(alt_close.o)
 .bss           0x000023cc        0x0 ../doan_soc_bsp/\libhal_bsp.a(alt_dcache_flush_all.o)
 .bss           0x000023cc        0x0 ../doan_soc_bsp/\libhal_bsp.a(alt_dev.o)
 .bss           0x000023cc        0x0 ../doan_soc_bsp/\libhal_bsp.a(alt_dev_llist_insert.o)
 .bss           0x000023cc        0x0 ../doan_soc_bsp/\libhal_bsp.a(alt_do_ctors.o)
 .bss           0x000023cc        0x0 ../doan_soc_bsp/\libhal_bsp.a(alt_do_dtors.o)
 .bss           0x000023cc        0x0 ../doan_soc_bsp/\libhal_bsp.a(alt_errno.o)
 .bss           0x000023cc        0x0 ../doan_soc_bsp/\libhal_bsp.a(alt_exception_entry.o)
 .bss           0x000023cc        0x0 ../doan_soc_bsp/\libhal_bsp.a(alt_icache_flush_all.o)
 .bss           0x000023cc        0x0 ../doan_soc_bsp/\libhal_bsp.a(alt_io_redirect.o)
 .bss           0x000023cc        0x0 ../doan_soc_bsp/\libhal_bsp.a(alt_open.o)
 .bss           0x000023cc        0x0 ../doan_soc_bsp/\libhal_bsp.a(alt_release_fd.o)
 .bss           0x000023cc        0x0 ../doan_soc_bsp/\libhal_bsp.a(altera_nios2_qsys_irq.o)
 .bss           0x000023cc        0x0 ../doan_soc_bsp/\libhal_bsp.a(alt_find_dev.o)
 .bss           0x000023cc        0x0 ../doan_soc_bsp/\libhal_bsp.a(alt_find_file.o)
 .bss           0x000023cc        0x0 ../doan_soc_bsp/\libhal_bsp.a(alt_get_fd.o)
 .bss           0x000023cc        0x0 c:/altera/13.0sp1/nios2eds/bin/gnu/h-i686-mingw32/bin/../lib/gcc/nios2-elf/4.1.2/../../../../nios2-elf/lib/mno-hw-mul\libsmallc.a(lib_a-atexit.o)
 .bss           0x000023cc        0x0 c:/altera/13.0sp1/nios2eds/bin/gnu/h-i686-mingw32/bin/../lib/gcc/nios2-elf/4.1.2/../../../../nios2-elf/lib/mno-hw-mul\libsmallc.a(lib_a-exit.o)
 .bss           0x000023cc        0x0 c:/altera/13.0sp1/nios2eds/bin/gnu/h-i686-mingw32/bin/../lib/gcc/nios2-elf/4.1.2/../../../../nios2-elf/lib/mno-hw-mul\libsmallc.a(lib_a-memcmp.o)
 .bss           0x000023cc        0x0 c:/altera/13.0sp1/nios2eds/bin/gnu/h-i686-mingw32/bin/../lib/gcc/nios2-elf/4.1.2/../../../../nios2-elf/lib/mno-hw-mul\libsmallc.a(lib_a-__atexit.o)
 .bss           0x000023cc        0x0 c:/altera/13.0sp1/nios2eds/bin/gnu/h-i686-mingw32/bin/../lib/gcc/nios2-elf/4.1.2/../../../../nios2-elf/lib/mno-hw-mul\libsmallc.a(lib_a-__call_atexit.o)
 .bss           0x000023cc        0x0 c:/altera/13.0sp1/nios2eds/bin/gnu/h-i686-mingw32/bin/../lib/gcc/nios2-elf/4.1.2/mno-hw-mul\libgcc.a(lib2-mul.o)
 .bss           0x000023cc        0x0 ../doan_soc_bsp/\libhal_bsp.a(alt_exit.o)
 *(COMMON)
 COMMON         0x000023cc      0x100 ../doan_soc_bsp/\libhal_bsp.a(alt_irq_handler.o)
                0x000023cc                alt_irq
 COMMON         0x000024cc       0x8c c:/altera/13.0sp1/nios2eds/bin/gnu/h-i686-mingw32/bin/../lib/gcc/nios2-elf/4.1.2/../../../../nios2-elf/lib/mno-hw-mul\libsmallc.a(lib_a-atexit.o)
                0x000024cc                _atexit0
                0x00002558                . = ALIGN (0x4)
                0x00002558                __bss_end = ABSOLUTE (.)

.onchip_memory2_0
                0x00002558        0x0
                0x00002558                PROVIDE (_alt_partition_onchip_memory2_0_start, ABSOLUTE (.))
 *(.onchip_memory2_0. onchip_memory2_0.*)
                0x00002558                . = ALIGN (0x4)
                0x00002558                PROVIDE (_alt_partition_onchip_memory2_0_end, ABSOLUTE (.))
                0x00002558                _end = ABSOLUTE (.)
                0x00002558                end = ABSOLUTE (.)
                0x00002558                __alt_stack_base = ABSOLUTE (.)
                0x00002558                PROVIDE (_alt_partition_onchip_memory2_0_load_addr, LOADADDR (.onchip_memory2_0))

.stab
 *(.stab)

.stabstr
 *(.stabstr)

.stab.excl
 *(.stab.excl)

.stab.exclstr
 *(.stab.exclstr)

.stab.index
 *(.stab.index)

.stab.indexstr
 *(.stab.indexstr)

.comment        0x00000000       0x26
 *(.comment)
 .comment       0x00000000       0x26 obj/default/main.o
                                 0x27 (size before relaxing)
 .comment       0x00000000       0x27 c:/altera/13.0sp1/nios2eds/bin/gnu/h-i686-mingw32/bin/../lib/gcc/nios2-elf/4.1.2/../../../../nios2-elf/lib/mno-hw-mul\libsmallc.a(lib_a-puts.o)
 .comment       0x00000000       0x27 c:/altera/13.0sp1/nios2eds/bin/gnu/h-i686-mingw32/bin/../lib/gcc/nios2-elf/4.1.2/../../../../nios2-elf/lib/mno-hw-mul\libsmallc.a(lib_a-strlen.o)
 .comment       0x00000000       0x27 c:/altera/13.0sp1/nios2eds/bin/gnu/h-i686-mingw32/bin/../lib/gcc/nios2-elf/4.1.2/../../../../nios2-elf/lib/mno-hw-mul\libsmallc.a(lib_a-fvwrite_small_dev.o)
 .comment       0x00000000       0x27 c:/altera/13.0sp1/nios2eds/bin/gnu/h-i686-mingw32/bin/../lib/gcc/nios2-elf/4.1.2/../../../../nios2-elf/lib/mno-hw-mul\libsmallc.a(lib_a-impure.o)
 .comment       0x00000000       0x27 c:/altera/13.0sp1/nios2eds/bin/gnu/h-i686-mingw32/bin/../lib/gcc/nios2-elf/4.1.2/../../../../nios2-elf/lib/mno-hw-mul\libsmallc.a(lib_a-writer.o)
 .comment       0x00000000       0x27 c:/altera/13.0sp1/nios2eds/bin/gnu/h-i686-mingw32/bin/../lib/gcc/nios2-elf/4.1.2/../../../../nios2-elf/lib/mno-hw-mul\libsmallc.a(lib_a-int_errno.o)
 .comment       0x00000000       0x27 ../doan_soc_bsp/\libhal_bsp.a(alt_iic.o)
 .comment       0x00000000       0x27 ../doan_soc_bsp/\libhal_bsp.a(alt_iic_isr_register.o)
 .comment       0x00000000       0x27 ../doan_soc_bsp/\libhal_bsp.a(alt_irq_handler.o)
 .comment       0x00000000       0x27 ../doan_soc_bsp/\libhal_bsp.a(alt_irq_vars.o)
 .comment       0x00000000       0x27 ../doan_soc_bsp/\libhal_bsp.a(alt_load.o)
 .comment       0x00000000       0x27 ../doan_soc_bsp/\libhal_bsp.a(alt_main.o)
 .comment       0x00000000       0x27 ../doan_soc_bsp/\libhal_bsp.a(alt_write.o)
 .comment       0x00000000       0x27 ../doan_soc_bsp/\libhal_bsp.a(alt_sys_init.o)
 .comment       0x00000000       0x27 ../doan_soc_bsp/\libhal_bsp.a(altera_avalon_jtag_uart_fd.o)
 .comment       0x00000000       0x27 ../doan_soc_bsp/\libhal_bsp.a(altera_avalon_jtag_uart_read.o)
 .comment       0x00000000       0x27 ../doan_soc_bsp/\libhal_bsp.a(altera_avalon_jtag_uart_write.o)
 .comment       0x00000000       0x27 ../doan_soc_bsp/\libhal_bsp.a(alt_close.o)
 .comment       0x00000000       0x27 ../doan_soc_bsp/\libhal_bsp.a(alt_dcache_flush_all.o)
 .comment       0x00000000       0x27 ../doan_soc_bsp/\libhal_bsp.a(alt_dev.o)
 .comment       0x00000000       0x27 ../doan_soc_bsp/\libhal_bsp.a(alt_dev_llist_insert.o)
 .comment       0x00000000       0x27 ../doan_soc_bsp/\libhal_bsp.a(alt_do_ctors.o)
 .comment       0x00000000       0x27 ../doan_soc_bsp/\libhal_bsp.a(alt_do_dtors.o)
 .comment       0x00000000       0x27 ../doan_soc_bsp/\libhal_bsp.a(alt_errno.o)
 .comment       0x00000000       0x27 ../doan_soc_bsp/\libhal_bsp.a(alt_icache_flush_all.o)
 .comment       0x00000000       0x27 ../doan_soc_bsp/\libhal_bsp.a(alt_io_redirect.o)
 .comment       0x00000000       0x27 ../doan_soc_bsp/\libhal_bsp.a(alt_open.o)
 .comment       0x00000000       0x27 ../doan_soc_bsp/\libhal_bsp.a(alt_release_fd.o)
 .comment       0x00000000       0x27 ../doan_soc_bsp/\libhal_bsp.a(altera_nios2_qsys_irq.o)
 .comment       0x00000000       0x27 ../doan_soc_bsp/\libhal_bsp.a(alt_find_dev.o)
 .comment       0x00000000       0x27 ../doan_soc_bsp/\libhal_bsp.a(alt_find_file.o)
 .comment       0x00000000       0x27 ../doan_soc_bsp/\libhal_bsp.a(alt_get_fd.o)
 .comment       0x00000000       0x27 c:/altera/13.0sp1/nios2eds/bin/gnu/h-i686-mingw32/bin/../lib/gcc/nios2-elf/4.1.2/../../../../nios2-elf/lib/mno-hw-mul\libsmallc.a(lib_a-atexit.o)
 .comment       0x00000000       0x27 c:/altera/13.0sp1/nios2eds/bin/gnu/h-i686-mingw32/bin/../lib/gcc/nios2-elf/4.1.2/../../../../nios2-elf/lib/mno-hw-mul\libsmallc.a(lib_a-exit.o)
 .comment       0x00000000       0x27 c:/altera/13.0sp1/nios2eds/bin/gnu/h-i686-mingw32/bin/../lib/gcc/nios2-elf/4.1.2/../../../../nios2-elf/lib/mno-hw-mul\libsmallc.a(lib_a-memcmp.o)
 .comment       0x00000000       0x27 c:/altera/13.0sp1/nios2eds/bin/gnu/h-i686-mingw32/bin/../lib/gcc/nios2-elf/4.1.2/../../../../nios2-elf/lib/mno-hw-mul\libsmallc.a(lib_a-__atexit.o)
 .comment       0x00000000       0x27 c:/altera/13.0sp1/nios2eds/bin/gnu/h-i686-mingw32/bin/../lib/gcc/nios2-elf/4.1.2/../../../../nios2-elf/lib/mno-hw-mul\libsmallc.a(lib_a-__call_atexit.o)
 .comment       0x00000000       0x27 c:/altera/13.0sp1/nios2eds/bin/gnu/h-i686-mingw32/bin/../lib/gcc/nios2-elf/4.1.2/mno-hw-mul\libgcc.a(lib2-mul.o)
 .comment       0x00000000       0x27 ../doan_soc_bsp/\libhal_bsp.a(alt_exit.o)

.debug
 *(.debug)

.line
 *(.line)

.debug_srcinfo
 *(.debug_srcinfo)

.debug_sfnames
 *(.debug_sfnames)

.debug_aranges  0x00000000      0x518
 *(.debug_aranges)
 .debug_aranges
                0x00000000       0x28 ../doan_soc_bsp//obj/HAL/src/crt0.o
 .debug_aranges
                0x00000028       0x20 obj/default/main.o
 .debug_aranges
                0x00000048       0x20 c:/altera/13.0sp1/nios2eds/bin/gnu/h-i686-mingw32/bin/../lib/gcc/nios2-elf/4.1.2/../../../../nios2-elf/lib/mno-hw-mul\libsmallc.a(lib_a-puts.o)
 .debug_aranges
                0x00000068       0x20 c:/altera/13.0sp1/nios2eds/bin/gnu/h-i686-mingw32/bin/../lib/gcc/nios2-elf/4.1.2/../../../../nios2-elf/lib/mno-hw-mul\libsmallc.a(lib_a-strlen.o)
 .debug_aranges
                0x00000088       0x20 c:/altera/13.0sp1/nios2eds/bin/gnu/h-i686-mingw32/bin/../lib/gcc/nios2-elf/4.1.2/../../../../nios2-elf/lib/mno-hw-mul\libsmallc.a(lib_a-fvwrite_small_dev.o)
 .debug_aranges
                0x000000a8       0x20 c:/altera/13.0sp1/nios2eds/bin/gnu/h-i686-mingw32/bin/../lib/gcc/nios2-elf/4.1.2/../../../../nios2-elf/lib/mno-hw-mul\libsmallc.a(lib_a-writer.o)
 .debug_aranges
                0x000000c8       0x20 ../doan_soc_bsp/\libhal_bsp.a(alt_iic.o)
 .debug_aranges
                0x000000e8       0x20 ../doan_soc_bsp/\libhal_bsp.a(alt_iic_isr_register.o)
 .debug_aranges
                0x00000108       0x30 ../doan_soc_bsp/\libhal_bsp.a(alt_irq_entry.o)
 .debug_aranges
                0x00000138       0x28 ../doan_soc_bsp/\libhal_bsp.a(alt_irq_handler.o)
 .debug_aranges
                0x00000160       0x20 ../doan_soc_bsp/\libhal_bsp.a(alt_load.o)
 .debug_aranges
                0x00000180       0x20 ../doan_soc_bsp/\libhal_bsp.a(alt_main.o)
 .debug_aranges
                0x000001a0       0x20 ../doan_soc_bsp/\libhal_bsp.a(alt_write.o)
 .debug_aranges
                0x000001c0       0x20 ../doan_soc_bsp/\libhal_bsp.a(alt_sys_init.o)
 .debug_aranges
                0x000001e0       0x20 ../doan_soc_bsp/\libhal_bsp.a(altera_avalon_jtag_uart_fd.o)
 .debug_aranges
                0x00000200       0x20 ../doan_soc_bsp/\libhal_bsp.a(altera_avalon_jtag_uart_read.o)
 .debug_aranges
                0x00000220       0x20 ../doan_soc_bsp/\libhal_bsp.a(altera_avalon_jtag_uart_write.o)
 .debug_aranges
                0x00000240       0x20 ../doan_soc_bsp/\libhal_bsp.a(alt_close.o)
 .debug_aranges
                0x00000260       0x20 ../doan_soc_bsp/\libhal_bsp.a(alt_dcache_flush_all.o)
 .debug_aranges
                0x00000280       0x20 ../doan_soc_bsp/\libhal_bsp.a(alt_dev.o)
 .debug_aranges
                0x000002a0       0x20 ../doan_soc_bsp/\libhal_bsp.a(alt_dev_llist_insert.o)
 .debug_aranges
                0x000002c0       0x20 ../doan_soc_bsp/\libhal_bsp.a(alt_do_ctors.o)
 .debug_aranges
                0x000002e0       0x20 ../doan_soc_bsp/\libhal_bsp.a(alt_do_dtors.o)
 .debug_aranges
                0x00000300       0x38 ../doan_soc_bsp/\libhal_bsp.a(alt_exception_entry.o)
 .debug_aranges
                0x00000338       0x20 ../doan_soc_bsp/\libhal_bsp.a(alt_icache_flush_all.o)
 .debug_aranges
                0x00000358       0x20 ../doan_soc_bsp/\libhal_bsp.a(alt_io_redirect.o)
 .debug_aranges
                0x00000378       0x20 ../doan_soc_bsp/\libhal_bsp.a(alt_open.o)
 .debug_aranges
                0x00000398       0x20 ../doan_soc_bsp/\libhal_bsp.a(alt_release_fd.o)
 .debug_aranges
                0x000003b8       0x20 ../doan_soc_bsp/\libhal_bsp.a(altera_nios2_qsys_irq.o)
 .debug_aranges
                0x000003d8       0x20 ../doan_soc_bsp/\libhal_bsp.a(alt_find_dev.o)
 .debug_aranges
                0x000003f8       0x20 ../doan_soc_bsp/\libhal_bsp.a(alt_find_file.o)
 .debug_aranges
                0x00000418       0x20 ../doan_soc_bsp/\libhal_bsp.a(alt_get_fd.o)
 .debug_aranges
                0x00000438       0x20 c:/altera/13.0sp1/nios2eds/bin/gnu/h-i686-mingw32/bin/../lib/gcc/nios2-elf/4.1.2/../../../../nios2-elf/lib/mno-hw-mul\libsmallc.a(lib_a-atexit.o)
 .debug_aranges
                0x00000458       0x20 c:/altera/13.0sp1/nios2eds/bin/gnu/h-i686-mingw32/bin/../lib/gcc/nios2-elf/4.1.2/../../../../nios2-elf/lib/mno-hw-mul\libsmallc.a(lib_a-exit.o)
 .debug_aranges
                0x00000478       0x20 c:/altera/13.0sp1/nios2eds/bin/gnu/h-i686-mingw32/bin/../lib/gcc/nios2-elf/4.1.2/../../../../nios2-elf/lib/mno-hw-mul\libsmallc.a(lib_a-memcmp.o)
 .debug_aranges
                0x00000498       0x20 c:/altera/13.0sp1/nios2eds/bin/gnu/h-i686-mingw32/bin/../lib/gcc/nios2-elf/4.1.2/../../../../nios2-elf/lib/mno-hw-mul\libsmallc.a(lib_a-__atexit.o)
 .debug_aranges
                0x000004b8       0x20 c:/altera/13.0sp1/nios2eds/bin/gnu/h-i686-mingw32/bin/../lib/gcc/nios2-elf/4.1.2/../../../../nios2-elf/lib/mno-hw-mul\libsmallc.a(lib_a-__call_atexit.o)
 .debug_aranges
                0x000004d8       0x20 c:/altera/13.0sp1/nios2eds/bin/gnu/h-i686-mingw32/bin/../lib/gcc/nios2-elf/4.1.2/mno-hw-mul\libgcc.a(lib2-mul.o)
 .debug_aranges
                0x000004f8       0x20 ../doan_soc_bsp/\libhal_bsp.a(alt_exit.o)

.debug_pubnames
                0x00000000      0x731
 *(.debug_pubnames)
 .debug_pubnames
                0x00000000       0x84 obj/default/main.o
 .debug_pubnames
                0x00000084       0x27 c:/altera/13.0sp1/nios2eds/bin/gnu/h-i686-mingw32/bin/../lib/gcc/nios2-elf/4.1.2/../../../../nios2-elf/lib/mno-hw-mul\libsmallc.a(lib_a-puts.o)
 .debug_pubnames
                0x000000ab       0x1d c:/altera/13.0sp1/nios2eds/bin/gnu/h-i686-mingw32/bin/../lib/gcc/nios2-elf/4.1.2/../../../../nios2-elf/lib/mno-hw-mul\libsmallc.a(lib_a-strlen.o)
 .debug_pubnames
                0x000000c8       0x2b c:/altera/13.0sp1/nios2eds/bin/gnu/h-i686-mingw32/bin/../lib/gcc/nios2-elf/4.1.2/../../../../nios2-elf/lib/mno-hw-mul\libsmallc.a(lib_a-fvwrite_small_dev.o)
 .debug_pubnames
                0x000000f3       0x39 c:/altera/13.0sp1/nios2eds/bin/gnu/h-i686-mingw32/bin/../lib/gcc/nios2-elf/4.1.2/../../../../nios2-elf/lib/mno-hw-mul\libsmallc.a(lib_a-impure.o)
 .debug_pubnames
                0x0000012c       0x1f c:/altera/13.0sp1/nios2eds/bin/gnu/h-i686-mingw32/bin/../lib/gcc/nios2-elf/4.1.2/../../../../nios2-elf/lib/mno-hw-mul\libsmallc.a(lib_a-writer.o)
 .debug_pubnames
                0x0000014b       0x1c c:/altera/13.0sp1/nios2eds/bin/gnu/h-i686-mingw32/bin/../lib/gcc/nios2-elf/4.1.2/../../../../nios2-elf/lib/mno-hw-mul\libsmallc.a(lib_a-int_errno.o)
 .debug_pubnames
                0x00000167       0x6e ../doan_soc_bsp/\libhal_bsp.a(alt_iic.o)
 .debug_pubnames
                0x000001d5       0x2b ../doan_soc_bsp/\libhal_bsp.a(alt_iic_isr_register.o)
 .debug_pubnames
                0x00000200       0x32 ../doan_soc_bsp/\libhal_bsp.a(alt_irq_handler.o)
 .debug_pubnames
                0x00000232       0x3b ../doan_soc_bsp/\libhal_bsp.a(alt_irq_vars.o)
 .debug_pubnames
                0x0000026d       0x1f ../doan_soc_bsp/\libhal_bsp.a(alt_load.o)
 .debug_pubnames
                0x0000028c       0x46 ../doan_soc_bsp/\libhal_bsp.a(alt_main.o)
 .debug_pubnames
                0x000002d2       0x1c ../doan_soc_bsp/\libhal_bsp.a(alt_write.o)
 .debug_pubnames
                0x000002ee       0x34 ../doan_soc_bsp/\libhal_bsp.a(alt_sys_init.o)
 .debug_pubnames
                0x00000322       0x5b ../doan_soc_bsp/\libhal_bsp.a(altera_avalon_jtag_uart_fd.o)
 .debug_pubnames
                0x0000037d       0x33 ../doan_soc_bsp/\libhal_bsp.a(altera_avalon_jtag_uart_read.o)
 .debug_pubnames
                0x000003b0       0x34 ../doan_soc_bsp/\libhal_bsp.a(altera_avalon_jtag_uart_write.o)
 .debug_pubnames
                0x000003e4       0x1c ../doan_soc_bsp/\libhal_bsp.a(alt_close.o)
 .debug_pubnames
                0x00000400       0x2b ../doan_soc_bsp/\libhal_bsp.a(alt_dcache_flush_all.o)
 .debug_pubnames
                0x0000042b       0x63 ../doan_soc_bsp/\libhal_bsp.a(alt_dev.o)
 .debug_pubnames
                0x0000048e       0x2b ../doan_soc_bsp/\libhal_bsp.a(alt_dev_llist_insert.o)
 .debug_pubnames
                0x000004b9       0x20 ../doan_soc_bsp/\libhal_bsp.a(alt_do_ctors.o)
 .debug_pubnames
                0x000004d9       0x20 ../doan_soc_bsp/\libhal_bsp.a(alt_do_dtors.o)
 .debug_pubnames
                0x000004f9       0x20 ../doan_soc_bsp/\libhal_bsp.a(alt_errno.o)
 .debug_pubnames
                0x00000519       0x2b ../doan_soc_bsp/\libhal_bsp.a(alt_icache_flush_all.o)
 .debug_pubnames
                0x00000544       0x26 ../doan_soc_bsp/\libhal_bsp.a(alt_io_redirect.o)
 .debug_pubnames
                0x0000056a       0x1b ../doan_soc_bsp/\libhal_bsp.a(alt_open.o)
 .debug_pubnames
                0x00000585       0x25 ../doan_soc_bsp/\libhal_bsp.a(alt_release_fd.o)
 .debug_pubnames
                0x000005aa       0x31 ../doan_soc_bsp/\libhal_bsp.a(altera_nios2_qsys_irq.o)
 .debug_pubnames
                0x000005db       0x23 ../doan_soc_bsp/\libhal_bsp.a(alt_find_dev.o)
 .debug_pubnames
                0x000005fe       0x24 ../doan_soc_bsp/\libhal_bsp.a(alt_find_file.o)
 .debug_pubnames
                0x00000622       0x21 ../doan_soc_bsp/\libhal_bsp.a(alt_get_fd.o)
 .debug_pubnames
                0x00000643       0x2a c:/altera/13.0sp1/nios2eds/bin/gnu/h-i686-mingw32/bin/../lib/gcc/nios2-elf/4.1.2/../../../../nios2-elf/lib/mno-hw-mul\libsmallc.a(lib_a-atexit.o)
 .debug_pubnames
                0x0000066d       0x1b c:/altera/13.0sp1/nios2eds/bin/gnu/h-i686-mingw32/bin/../lib/gcc/nios2-elf/4.1.2/../../../../nios2-elf/lib/mno-hw-mul\libsmallc.a(lib_a-exit.o)
 .debug_pubnames
                0x00000688       0x1d c:/altera/13.0sp1/nios2eds/bin/gnu/h-i686-mingw32/bin/../lib/gcc/nios2-elf/4.1.2/../../../../nios2-elf/lib/mno-hw-mul\libsmallc.a(lib_a-memcmp.o)
 .debug_pubnames
                0x000006a5       0x2a c:/altera/13.0sp1/nios2eds/bin/gnu/h-i686-mingw32/bin/../lib/gcc/nios2-elf/4.1.2/../../../../nios2-elf/lib/mno-hw-mul\libsmallc.a(lib_a-__atexit.o)
 .debug_pubnames
                0x000006cf       0x27 c:/altera/13.0sp1/nios2eds/bin/gnu/h-i686-mingw32/bin/../lib/gcc/nios2-elf/4.1.2/../../../../nios2-elf/lib/mno-hw-mul\libsmallc.a(lib_a-__call_atexit.o)
 .debug_pubnames
                0x000006f6       0x1f c:/altera/13.0sp1/nios2eds/bin/gnu/h-i686-mingw32/bin/../lib/gcc/nios2-elf/4.1.2/mno-hw-mul\libgcc.a(lib2-mul.o)
 .debug_pubnames
                0x00000715       0x1c ../doan_soc_bsp/\libhal_bsp.a(alt_exit.o)

.debug_info     0x00000000     0x86e6
 *(.debug_info .gnu.linkonce.wi.*)
 .debug_info    0x00000000       0x58 ../doan_soc_bsp//obj/HAL/src/crt0.o
 .debug_info    0x00000058      0x1f7 obj/default/main.o
 .debug_info    0x0000024f      0x685 c:/altera/13.0sp1/nios2eds/bin/gnu/h-i686-mingw32/bin/../lib/gcc/nios2-elf/4.1.2/../../../../nios2-elf/lib/mno-hw-mul\libsmallc.a(lib_a-puts.o)
 .debug_info    0x000008d4       0xc2 c:/altera/13.0sp1/nios2eds/bin/gnu/h-i686-mingw32/bin/../lib/gcc/nios2-elf/4.1.2/../../../../nios2-elf/lib/mno-hw-mul\libsmallc.a(lib_a-strlen.o)
 .debug_info    0x00000996      0x68e c:/altera/13.0sp1/nios2eds/bin/gnu/h-i686-mingw32/bin/../lib/gcc/nios2-elf/4.1.2/../../../../nios2-elf/lib/mno-hw-mul\libsmallc.a(lib_a-fvwrite_small_dev.o)
 .debug_info    0x00001024      0x636 c:/altera/13.0sp1/nios2eds/bin/gnu/h-i686-mingw32/bin/../lib/gcc/nios2-elf/4.1.2/../../../../nios2-elf/lib/mno-hw-mul\libsmallc.a(lib_a-impure.o)
 .debug_info    0x0000165a      0x68c c:/altera/13.0sp1/nios2eds/bin/gnu/h-i686-mingw32/bin/../lib/gcc/nios2-elf/4.1.2/../../../../nios2-elf/lib/mno-hw-mul\libsmallc.a(lib_a-writer.o)
 .debug_info    0x00001ce6       0x8c c:/altera/13.0sp1/nios2eds/bin/gnu/h-i686-mingw32/bin/../lib/gcc/nios2-elf/4.1.2/../../../../nios2-elf/lib/mno-hw-mul\libsmallc.a(lib_a-int_errno.o)
 .debug_info    0x00001d72      0x470 ../doan_soc_bsp/\libhal_bsp.a(alt_iic.o)
 .debug_info    0x000021e2      0x2f1 ../doan_soc_bsp/\libhal_bsp.a(alt_iic_isr_register.o)
 .debug_info    0x000024d3       0x61 ../doan_soc_bsp/\libhal_bsp.a(alt_irq_entry.o)
 .debug_info    0x00002534      0x252 ../doan_soc_bsp/\libhal_bsp.a(alt_irq_handler.o)
 .debug_info    0x00002786      0x144 ../doan_soc_bsp/\libhal_bsp.a(alt_irq_vars.o)
 .debug_info    0x000028ca      0x26a ../doan_soc_bsp/\libhal_bsp.a(alt_load.o)
 .debug_info    0x00002b34      0x202 ../doan_soc_bsp/\libhal_bsp.a(alt_main.o)
 .debug_info    0x00002d36      0x670 ../doan_soc_bsp/\libhal_bsp.a(alt_write.o)
 .debug_info    0x000033a6      0x556 ../doan_soc_bsp/\libhal_bsp.a(alt_sys_init.o)
 .debug_info    0x000038fc      0x596 ../doan_soc_bsp/\libhal_bsp.a(altera_avalon_jtag_uart_fd.o)
 .debug_info    0x00003e92      0x2e6 ../doan_soc_bsp/\libhal_bsp.a(altera_avalon_jtag_uart_read.o)
 .debug_info    0x00004178      0x2c3 ../doan_soc_bsp/\libhal_bsp.a(altera_avalon_jtag_uart_write.o)
 .debug_info    0x0000443b      0x444 ../doan_soc_bsp/\libhal_bsp.a(alt_close.o)
 .debug_info    0x0000487f      0x139 ../doan_soc_bsp/\libhal_bsp.a(alt_dcache_flush_all.o)
 .debug_info    0x000049b8      0x65c ../doan_soc_bsp/\libhal_bsp.a(alt_dev.o)
 .debug_info    0x00005014      0x294 ../doan_soc_bsp/\libhal_bsp.a(alt_dev_llist_insert.o)
 .debug_info    0x000052a8       0xec ../doan_soc_bsp/\libhal_bsp.a(alt_do_ctors.o)
 .debug_info    0x00005394       0xeb ../doan_soc_bsp/\libhal_bsp.a(alt_do_dtors.o)
 .debug_info    0x0000547f      0x141 ../doan_soc_bsp/\libhal_bsp.a(alt_errno.o)
 .debug_info    0x000055c0       0x67 ../doan_soc_bsp/\libhal_bsp.a(alt_exception_entry.o)
 .debug_info    0x00005627      0x139 ../doan_soc_bsp/\libhal_bsp.a(alt_icache_flush_all.o)
 .debug_info    0x00005760      0x672 ../doan_soc_bsp/\libhal_bsp.a(alt_io_redirect.o)
 .debug_info    0x00005dd2      0x502 ../doan_soc_bsp/\libhal_bsp.a(alt_open.o)
 .debug_info    0x000062d4      0x3cf ../doan_soc_bsp/\libhal_bsp.a(alt_release_fd.o)
 .debug_info    0x000066a3      0x140 ../doan_soc_bsp/\libhal_bsp.a(altera_nios2_qsys_irq.o)
 .debug_info    0x000067e3      0x3f5 ../doan_soc_bsp/\libhal_bsp.a(alt_find_dev.o)
 .debug_info    0x00006bd8      0x3fc ../doan_soc_bsp/\libhal_bsp.a(alt_find_file.o)
 .debug_info    0x00006fd4      0x43d ../doan_soc_bsp/\libhal_bsp.a(alt_get_fd.o)
 .debug_info    0x00007411      0x186 c:/altera/13.0sp1/nios2eds/bin/gnu/h-i686-mingw32/bin/../lib/gcc/nios2-elf/4.1.2/../../../../nios2-elf/lib/mno-hw-mul\libsmallc.a(lib_a-atexit.o)
 .debug_info    0x00007597       0x9f c:/altera/13.0sp1/nios2eds/bin/gnu/h-i686-mingw32/bin/../lib/gcc/nios2-elf/4.1.2/../../../../nios2-elf/lib/mno-hw-mul\libsmallc.a(lib_a-exit.o)
 .debug_info    0x00007636       0xef c:/altera/13.0sp1/nios2eds/bin/gnu/h-i686-mingw32/bin/../lib/gcc/nios2-elf/4.1.2/../../../../nios2-elf/lib/mno-hw-mul\libsmallc.a(lib_a-memcmp.o)
 .debug_info    0x00007725      0x68f c:/altera/13.0sp1/nios2eds/bin/gnu/h-i686-mingw32/bin/../lib/gcc/nios2-elf/4.1.2/../../../../nios2-elf/lib/mno-hw-mul\libsmallc.a(lib_a-__atexit.o)
 .debug_info    0x00007db4      0x6d5 c:/altera/13.0sp1/nios2eds/bin/gnu/h-i686-mingw32/bin/../lib/gcc/nios2-elf/4.1.2/../../../../nios2-elf/lib/mno-hw-mul\libsmallc.a(lib_a-__call_atexit.o)
 .debug_info    0x00008489       0xf3 c:/altera/13.0sp1/nios2eds/bin/gnu/h-i686-mingw32/bin/../lib/gcc/nios2-elf/4.1.2/mno-hw-mul\libgcc.a(lib2-mul.o)
 .debug_info    0x0000857c      0x16a ../doan_soc_bsp/\libhal_bsp.a(alt_exit.o)

.debug_abbrev   0x00000000     0x2085
 *(.debug_abbrev)
 .debug_abbrev  0x00000000       0x12 ../doan_soc_bsp//obj/HAL/src/crt0.o
 .debug_abbrev  0x00000012       0x9b obj/default/main.o
 .debug_abbrev  0x000000ad      0x180 c:/altera/13.0sp1/nios2eds/bin/gnu/h-i686-mingw32/bin/../lib/gcc/nios2-elf/4.1.2/../../../../nios2-elf/lib/mno-hw-mul\libsmallc.a(lib_a-puts.o)
 .debug_abbrev  0x0000022d       0x7a c:/altera/13.0sp1/nios2eds/bin/gnu/h-i686-mingw32/bin/../lib/gcc/nios2-elf/4.1.2/../../../../nios2-elf/lib/mno-hw-mul\libsmallc.a(lib_a-strlen.o)
 .debug_abbrev  0x000002a7      0x179 c:/altera/13.0sp1/nios2eds/bin/gnu/h-i686-mingw32/bin/../lib/gcc/nios2-elf/4.1.2/../../../../nios2-elf/lib/mno-hw-mul\libsmallc.a(lib_a-fvwrite_small_dev.o)
 .debug_abbrev  0x00000420      0x13f c:/altera/13.0sp1/nios2eds/bin/gnu/h-i686-mingw32/bin/../lib/gcc/nios2-elf/4.1.2/../../../../nios2-elf/lib/mno-hw-mul\libsmallc.a(lib_a-impure.o)
 .debug_abbrev  0x0000055f      0x16c c:/altera/13.0sp1/nios2eds/bin/gnu/h-i686-mingw32/bin/../lib/gcc/nios2-elf/4.1.2/../../../../nios2-elf/lib/mno-hw-mul\libsmallc.a(lib_a-writer.o)
 .debug_abbrev  0x000006cb       0x3b c:/altera/13.0sp1/nios2eds/bin/gnu/h-i686-mingw32/bin/../lib/gcc/nios2-elf/4.1.2/../../../../nios2-elf/lib/mno-hw-mul\libsmallc.a(lib_a-int_errno.o)
 .debug_abbrev  0x00000706      0x134 ../doan_soc_bsp/\libhal_bsp.a(alt_iic.o)
 .debug_abbrev  0x0000083a      0x14e ../doan_soc_bsp/\libhal_bsp.a(alt_iic_isr_register.o)
 .debug_abbrev  0x00000988       0x12 ../doan_soc_bsp/\libhal_bsp.a(alt_irq_entry.o)
 .debug_abbrev  0x0000099a      0x10c ../doan_soc_bsp/\libhal_bsp.a(alt_irq_handler.o)
 .debug_abbrev  0x00000aa6       0x44 ../doan_soc_bsp/\libhal_bsp.a(alt_irq_vars.o)
 .debug_abbrev  0x00000aea       0x88 ../doan_soc_bsp/\libhal_bsp.a(alt_load.o)
 .debug_abbrev  0x00000b72       0xb7 ../doan_soc_bsp/\libhal_bsp.a(alt_main.o)
 .debug_abbrev  0x00000c29      0x100 ../doan_soc_bsp/\libhal_bsp.a(alt_write.o)
 .debug_abbrev  0x00000d29      0x121 ../doan_soc_bsp/\libhal_bsp.a(alt_sys_init.o)
 .debug_abbrev  0x00000e4a       0xcb ../doan_soc_bsp/\libhal_bsp.a(altera_avalon_jtag_uart_fd.o)
 .debug_abbrev  0x00000f15       0xb6 ../doan_soc_bsp/\libhal_bsp.a(altera_avalon_jtag_uart_read.o)
 .debug_abbrev  0x00000fcb       0xb4 ../doan_soc_bsp/\libhal_bsp.a(altera_avalon_jtag_uart_write.o)
 .debug_abbrev  0x0000107f       0xfb ../doan_soc_bsp/\libhal_bsp.a(alt_close.o)
 .debug_abbrev  0x0000117a       0x3f ../doan_soc_bsp/\libhal_bsp.a(alt_dcache_flush_all.o)
 .debug_abbrev  0x000011b9       0xc7 ../doan_soc_bsp/\libhal_bsp.a(alt_dev.o)
 .debug_abbrev  0x00001280       0xf6 ../doan_soc_bsp/\libhal_bsp.a(alt_dev_llist_insert.o)
 .debug_abbrev  0x00001376       0x76 ../doan_soc_bsp/\libhal_bsp.a(alt_do_ctors.o)
 .debug_abbrev  0x000013ec       0x76 ../doan_soc_bsp/\libhal_bsp.a(alt_do_dtors.o)
 .debug_abbrev  0x00001462       0x5e ../doan_soc_bsp/\libhal_bsp.a(alt_errno.o)
 .debug_abbrev  0x000014c0       0x12 ../doan_soc_bsp/\libhal_bsp.a(alt_exception_entry.o)
 .debug_abbrev  0x000014d2       0x3f ../doan_soc_bsp/\libhal_bsp.a(alt_icache_flush_all.o)
 .debug_abbrev  0x00001511       0xf0 ../doan_soc_bsp/\libhal_bsp.a(alt_io_redirect.o)
 .debug_abbrev  0x00001601      0x112 ../doan_soc_bsp/\libhal_bsp.a(alt_open.o)
 .debug_abbrev  0x00001713       0xc1 ../doan_soc_bsp/\libhal_bsp.a(alt_release_fd.o)
 .debug_abbrev  0x000017d4       0x3f ../doan_soc_bsp/\libhal_bsp.a(altera_nios2_qsys_irq.o)
 .debug_abbrev  0x00001813       0xcf ../doan_soc_bsp/\libhal_bsp.a(alt_find_dev.o)
 .debug_abbrev  0x000018e2       0xcf ../doan_soc_bsp/\libhal_bsp.a(alt_find_file.o)
 .debug_abbrev  0x000019b1       0xfb ../doan_soc_bsp/\libhal_bsp.a(alt_get_fd.o)
 .debug_abbrev  0x00001aac       0xc6 c:/altera/13.0sp1/nios2eds/bin/gnu/h-i686-mingw32/bin/../lib/gcc/nios2-elf/4.1.2/../../../../nios2-elf/lib/mno-hw-mul\libsmallc.a(lib_a-atexit.o)
 .debug_abbrev  0x00001b72       0x4e c:/altera/13.0sp1/nios2eds/bin/gnu/h-i686-mingw32/bin/../lib/gcc/nios2-elf/4.1.2/../../../../nios2-elf/lib/mno-hw-mul\libsmallc.a(lib_a-exit.o)
 .debug_abbrev  0x00001bc0       0x7c c:/altera/13.0sp1/nios2eds/bin/gnu/h-i686-mingw32/bin/../lib/gcc/nios2-elf/4.1.2/../../../../nios2-elf/lib/mno-hw-mul\libsmallc.a(lib_a-memcmp.o)
 .debug_abbrev  0x00001c3c      0x196 c:/altera/13.0sp1/nios2eds/bin/gnu/h-i686-mingw32/bin/../lib/gcc/nios2-elf/4.1.2/../../../../nios2-elf/lib/mno-hw-mul\libsmallc.a(lib_a-__atexit.o)
 .debug_abbrev  0x00001dd2      0x1c6 c:/altera/13.0sp1/nios2eds/bin/gnu/h-i686-mingw32/bin/../lib/gcc/nios2-elf/4.1.2/../../../../nios2-elf/lib/mno-hw-mul\libsmallc.a(lib_a-__call_atexit.o)
 .debug_abbrev  0x00001f98       0x7b c:/altera/13.0sp1/nios2eds/bin/gnu/h-i686-mingw32/bin/../lib/gcc/nios2-elf/4.1.2/mno-hw-mul\libgcc.a(lib2-mul.o)
 .debug_abbrev  0x00002013       0x72 ../doan_soc_bsp/\libhal_bsp.a(alt_exit.o)

.debug_line     0x00000000     0x5aa5
 *(.debug_line)
 .debug_line    0x00000000       0x66 ../doan_soc_bsp//obj/HAL/src/crt0.o
 .debug_line    0x00000066      0x2e3 obj/default/main.o
 .debug_line    0x00000349      0x2b2 c:/altera/13.0sp1/nios2eds/bin/gnu/h-i686-mingw32/bin/../lib/gcc/nios2-elf/4.1.2/../../../../nios2-elf/lib/mno-hw-mul\libsmallc.a(lib_a-puts.o)
 .debug_line    0x000005fb      0x250 c:/altera/13.0sp1/nios2eds/bin/gnu/h-i686-mingw32/bin/../lib/gcc/nios2-elf/4.1.2/../../../../nios2-elf/lib/mno-hw-mul\libsmallc.a(lib_a-strlen.o)
 .debug_line    0x0000084b      0x2a9 c:/altera/13.0sp1/nios2eds/bin/gnu/h-i686-mingw32/bin/../lib/gcc/nios2-elf/4.1.2/../../../../nios2-elf/lib/mno-hw-mul\libsmallc.a(lib_a-fvwrite_small_dev.o)
 .debug_line    0x00000af4      0x230 c:/altera/13.0sp1/nios2eds/bin/gnu/h-i686-mingw32/bin/../lib/gcc/nios2-elf/4.1.2/../../../../nios2-elf/lib/mno-hw-mul\libsmallc.a(lib_a-impure.o)
 .debug_line    0x00000d24      0x29d c:/altera/13.0sp1/nios2eds/bin/gnu/h-i686-mingw32/bin/../lib/gcc/nios2-elf/4.1.2/../../../../nios2-elf/lib/mno-hw-mul\libsmallc.a(lib_a-writer.o)
 .debug_line    0x00000fc1      0x1e2 c:/altera/13.0sp1/nios2eds/bin/gnu/h-i686-mingw32/bin/../lib/gcc/nios2-elf/4.1.2/../../../../nios2-elf/lib/mno-hw-mul\libsmallc.a(lib_a-int_errno.o)
 .debug_line    0x000011a3      0x2c8 ../doan_soc_bsp/\libhal_bsp.a(alt_iic.o)
 .debug_line    0x0000146b      0x249 ../doan_soc_bsp/\libhal_bsp.a(alt_iic_isr_register.o)
 .debug_line    0x000016b4       0x6b ../doan_soc_bsp/\libhal_bsp.a(alt_irq_entry.o)
 .debug_line    0x0000171f      0x248 ../doan_soc_bsp/\libhal_bsp.a(alt_irq_handler.o)
 .debug_line    0x00001967       0x72 ../doan_soc_bsp/\libhal_bsp.a(alt_irq_vars.o)
 .debug_line    0x000019d9      0x217 ../doan_soc_bsp/\libhal_bsp.a(alt_load.o)
 .debug_line    0x00001bf0      0x2ca ../doan_soc_bsp/\libhal_bsp.a(alt_main.o)
 .debug_line    0x00001eba      0x2c9 ../doan_soc_bsp/\libhal_bsp.a(alt_write.o)
 .debug_line    0x00002183      0x2a6 ../doan_soc_bsp/\libhal_bsp.a(alt_sys_init.o)
 .debug_line    0x00002429      0x1d7 ../doan_soc_bsp/\libhal_bsp.a(altera_avalon_jtag_uart_fd.o)
 .debug_line    0x00002600      0x343 ../doan_soc_bsp/\libhal_bsp.a(altera_avalon_jtag_uart_read.o)
 .debug_line    0x00002943      0x304 ../doan_soc_bsp/\libhal_bsp.a(altera_avalon_jtag_uart_write.o)
 .debug_line    0x00002c47      0x299 ../doan_soc_bsp/\libhal_bsp.a(alt_close.o)
 .debug_line    0x00002ee0      0x1b5 ../doan_soc_bsp/\libhal_bsp.a(alt_dcache_flush_all.o)
 .debug_line    0x00003095      0x254 ../doan_soc_bsp/\libhal_bsp.a(alt_dev.o)
 .debug_line    0x000032e9      0x25a ../doan_soc_bsp/\libhal_bsp.a(alt_dev_llist_insert.o)
 .debug_line    0x00003543       0x83 ../doan_soc_bsp/\libhal_bsp.a(alt_do_ctors.o)
 .debug_line    0x000035c6       0x83 ../doan_soc_bsp/\libhal_bsp.a(alt_do_dtors.o)
 .debug_line    0x00003649      0x1aa ../doan_soc_bsp/\libhal_bsp.a(alt_errno.o)
 .debug_line    0x000037f3       0xab ../doan_soc_bsp/\libhal_bsp.a(alt_exception_entry.o)
 .debug_line    0x0000389e      0x1b5 ../doan_soc_bsp/\libhal_bsp.a(alt_icache_flush_all.o)
 .debug_line    0x00003a53      0x2b4 ../doan_soc_bsp/\libhal_bsp.a(alt_io_redirect.o)
 .debug_line    0x00003d07      0x2ff ../doan_soc_bsp/\libhal_bsp.a(alt_open.o)
 .debug_line    0x00004006       0xed ../doan_soc_bsp/\libhal_bsp.a(alt_release_fd.o)
 .debug_line    0x000040f3      0x1ce ../doan_soc_bsp/\libhal_bsp.a(altera_nios2_qsys_irq.o)
 .debug_line    0x000042c1      0x26b ../doan_soc_bsp/\libhal_bsp.a(alt_find_dev.o)
 .debug_line    0x0000452c      0x27c ../doan_soc_bsp/\libhal_bsp.a(alt_find_file.o)
 .debug_line    0x000047a8      0x297 ../doan_soc_bsp/\libhal_bsp.a(alt_get_fd.o)
 .debug_line    0x00004a3f      0x203 c:/altera/13.0sp1/nios2eds/bin/gnu/h-i686-mingw32/bin/../lib/gcc/nios2-elf/4.1.2/../../../../nios2-elf/lib/mno-hw-mul\libsmallc.a(lib_a-atexit.o)
 .debug_line    0x00004c42      0x223 c:/altera/13.0sp1/nios2eds/bin/gnu/h-i686-mingw32/bin/../lib/gcc/nios2-elf/4.1.2/../../../../nios2-elf/lib/mno-hw-mul\libsmallc.a(lib_a-exit.o)
 .debug_line    0x00004e65      0x270 c:/altera/13.0sp1/nios2eds/bin/gnu/h-i686-mingw32/bin/../lib/gcc/nios2-elf/4.1.2/../../../../nios2-elf/lib/mno-hw-mul\libsmallc.a(lib_a-memcmp.o)
 .debug_line    0x000050d5      0x350 c:/altera/13.0sp1/nios2eds/bin/gnu/h-i686-mingw32/bin/../lib/gcc/nios2-elf/4.1.2/../../../../nios2-elf/lib/mno-hw-mul\libsmallc.a(lib_a-__atexit.o)
 .debug_line    0x00005425      0x360 c:/altera/13.0sp1/nios2eds/bin/gnu/h-i686-mingw32/bin/../lib/gcc/nios2-elf/4.1.2/../../../../nios2-elf/lib/mno-hw-mul\libsmallc.a(lib_a-__call_atexit.o)
 .debug_line    0x00005785      0x11a c:/altera/13.0sp1/nios2eds/bin/gnu/h-i686-mingw32/bin/../lib/gcc/nios2-elf/4.1.2/mno-hw-mul\libgcc.a(lib2-mul.o)
 .debug_line    0x0000589f      0x206 ../doan_soc_bsp/\libhal_bsp.a(alt_exit.o)

.debug_frame    0x00000000      0x844
 *(.debug_frame)
 .debug_frame   0x00000000       0x9c obj/default/main.o
 .debug_frame   0x0000009c       0x3c c:/altera/13.0sp1/nios2eds/bin/gnu/h-i686-mingw32/bin/../lib/gcc/nios2-elf/4.1.2/../../../../nios2-elf/lib/mno-hw-mul\libsmallc.a(lib_a-puts.o)
 .debug_frame   0x000000d8       0x20 c:/altera/13.0sp1/nios2eds/bin/gnu/h-i686-mingw32/bin/../lib/gcc/nios2-elf/4.1.2/../../../../nios2-elf/lib/mno-hw-mul\libsmallc.a(lib_a-strlen.o)
 .debug_frame   0x000000f8       0x30 c:/altera/13.0sp1/nios2eds/bin/gnu/h-i686-mingw32/bin/../lib/gcc/nios2-elf/4.1.2/../../../../nios2-elf/lib/mno-hw-mul\libsmallc.a(lib_a-fvwrite_small_dev.o)
 .debug_frame   0x00000128       0x2c c:/altera/13.0sp1/nios2eds/bin/gnu/h-i686-mingw32/bin/../lib/gcc/nios2-elf/4.1.2/../../../../nios2-elf/lib/mno-hw-mul\libsmallc.a(lib_a-writer.o)
 .debug_frame   0x00000154       0x80 ../doan_soc_bsp/\libhal_bsp.a(alt_iic.o)
 .debug_frame   0x000001d4       0x2c ../doan_soc_bsp/\libhal_bsp.a(alt_iic_isr_register.o)
 .debug_frame   0x00000200       0x2c ../doan_soc_bsp/\libhal_bsp.a(alt_irq_handler.o)
 .debug_frame   0x0000022c       0x48 ../doan_soc_bsp/\libhal_bsp.a(alt_load.o)
 .debug_frame   0x00000274       0x2c ../doan_soc_bsp/\libhal_bsp.a(alt_main.o)
 .debug_frame   0x000002a0       0x48 ../doan_soc_bsp/\libhal_bsp.a(alt_write.o)
 .debug_frame   0x000002e8       0x64 ../doan_soc_bsp/\libhal_bsp.a(alt_sys_init.o)
 .debug_frame   0x0000034c       0x48 ../doan_soc_bsp/\libhal_bsp.a(altera_avalon_jtag_uart_fd.o)
 .debug_frame   0x00000394       0x2c ../doan_soc_bsp/\libhal_bsp.a(altera_avalon_jtag_uart_read.o)
 .debug_frame   0x000003c0       0x2c ../doan_soc_bsp/\libhal_bsp.a(altera_avalon_jtag_uart_write.o)
 .debug_frame   0x000003ec       0x48 ../doan_soc_bsp/\libhal_bsp.a(alt_close.o)
 .debug_frame   0x00000434       0x2c ../doan_soc_bsp/\libhal_bsp.a(alt_dcache_flush_all.o)
 .debug_frame   0x00000460       0x2c ../doan_soc_bsp/\libhal_bsp.a(alt_dev.o)
 .debug_frame   0x0000048c       0x48 ../doan_soc_bsp/\libhal_bsp.a(alt_dev_llist_insert.o)
 .debug_frame   0x000004d4       0x2c ../doan_soc_bsp/\libhal_bsp.a(alt_do_ctors.o)
 .debug_frame   0x00000500       0x2c ../doan_soc_bsp/\libhal_bsp.a(alt_do_dtors.o)
 .debug_frame   0x0000052c       0x2c ../doan_soc_bsp/\libhal_bsp.a(alt_icache_flush_all.o)
 .debug_frame   0x00000558       0x4c ../doan_soc_bsp/\libhal_bsp.a(alt_io_redirect.o)
 .debug_frame   0x000005a4       0x68 ../doan_soc_bsp/\libhal_bsp.a(alt_open.o)
 .debug_frame   0x0000060c       0x30 ../doan_soc_bsp/\libhal_bsp.a(alt_release_fd.o)
 .debug_frame   0x0000063c       0x2c ../doan_soc_bsp/\libhal_bsp.a(altera_nios2_qsys_irq.o)
 .debug_frame   0x00000668       0x2c ../doan_soc_bsp/\libhal_bsp.a(alt_find_dev.o)
 .debug_frame   0x00000694       0x2c ../doan_soc_bsp/\libhal_bsp.a(alt_find_file.o)
 .debug_frame   0x000006c0       0x30 ../doan_soc_bsp/\libhal_bsp.a(alt_get_fd.o)
 .debug_frame   0x000006f0       0x20 c:/altera/13.0sp1/nios2eds/bin/gnu/h-i686-mingw32/bin/../lib/gcc/nios2-elf/4.1.2/../../../../nios2-elf/lib/mno-hw-mul\libsmallc.a(lib_a-atexit.o)
 .debug_frame   0x00000710       0x2c c:/altera/13.0sp1/nios2eds/bin/gnu/h-i686-mingw32/bin/../lib/gcc/nios2-elf/4.1.2/../../../../nios2-elf/lib/mno-hw-mul\libsmallc.a(lib_a-exit.o)
 .debug_frame   0x0000073c       0x20 c:/altera/13.0sp1/nios2eds/bin/gnu/h-i686-mingw32/bin/../lib/gcc/nios2-elf/4.1.2/../../../../nios2-elf/lib/mno-hw-mul\libsmallc.a(lib_a-memcmp.o)
 .debug_frame   0x0000075c       0x34 c:/altera/13.0sp1/nios2eds/bin/gnu/h-i686-mingw32/bin/../lib/gcc/nios2-elf/4.1.2/../../../../nios2-elf/lib/mno-hw-mul\libsmallc.a(lib_a-__atexit.o)
 .debug_frame   0x00000790       0x4c c:/altera/13.0sp1/nios2eds/bin/gnu/h-i686-mingw32/bin/../lib/gcc/nios2-elf/4.1.2/../../../../nios2-elf/lib/mno-hw-mul\libsmallc.a(lib_a-__call_atexit.o)
 .debug_frame   0x000007dc       0x20 c:/altera/13.0sp1/nios2eds/bin/gnu/h-i686-mingw32/bin/../lib/gcc/nios2-elf/4.1.2/mno-hw-mul\libgcc.a(lib2-mul.o)
 .debug_frame   0x000007fc       0x48 ../doan_soc_bsp/\libhal_bsp.a(alt_exit.o)

.debug_str      0x00000000      0xb7f
 *(.debug_str)
 .debug_str     0x00000000       0x12 obj/default/main.o
 .debug_str     0x00000012      0x3f1 c:/altera/13.0sp1/nios2eds/bin/gnu/h-i686-mingw32/bin/../lib/gcc/nios2-elf/4.1.2/../../../../nios2-elf/lib/mno-hw-mul\libsmallc.a(lib_a-puts.o)
                                0x450 (size before relaxing)
 .debug_str     0x00000403       0xe2 c:/altera/13.0sp1/nios2eds/bin/gnu/h-i686-mingw32/bin/../lib/gcc/nios2-elf/4.1.2/../../../../nios2-elf/lib/mno-hw-mul\libsmallc.a(lib_a-strlen.o)
                                0x184 (size before relaxing)
 .debug_str     0x000004e5       0x70 c:/altera/13.0sp1/nios2eds/bin/gnu/h-i686-mingw32/bin/../lib/gcc/nios2-elf/4.1.2/../../../../nios2-elf/lib/mno-hw-mul\libsmallc.a(lib_a-fvwrite_small_dev.o)
                                0x46a (size before relaxing)
 .debug_str     0x00000555       0xf8 c:/altera/13.0sp1/nios2eds/bin/gnu/h-i686-mingw32/bin/../lib/gcc/nios2-elf/4.1.2/../../../../nios2-elf/lib/mno-hw-mul\libsmallc.a(lib_a-impure.o)
                                0x45d (size before relaxing)
 .debug_str     0x0000064d       0x4f c:/altera/13.0sp1/nios2eds/bin/gnu/h-i686-mingw32/bin/../lib/gcc/nios2-elf/4.1.2/../../../../nios2-elf/lib/mno-hw-mul\libsmallc.a(lib_a-writer.o)
                                0x451 (size before relaxing)
 .debug_str     0x0000069c       0x40 c:/altera/13.0sp1/nios2eds/bin/gnu/h-i686-mingw32/bin/../lib/gcc/nios2-elf/4.1.2/../../../../nios2-elf/lib/mno-hw-mul\libsmallc.a(lib_a-int_errno.o)
                                0x177 (size before relaxing)
 .debug_str     0x000006dc       0x18 ../doan_soc_bsp/\libhal_bsp.a(alt_iic.o)
 .debug_str     0x000006f4       0x1a ../doan_soc_bsp/\libhal_bsp.a(alt_iic_isr_register.o)
 .debug_str     0x0000070e       0x12 ../doan_soc_bsp/\libhal_bsp.a(alt_irq_handler.o)
 .debug_str     0x00000720       0x12 ../doan_soc_bsp/\libhal_bsp.a(alt_load.o)
 .debug_str     0x00000732       0x12 ../doan_soc_bsp/\libhal_bsp.a(alt_main.o)
 .debug_str     0x00000744       0x12 ../doan_soc_bsp/\libhal_bsp.a(alt_write.o)
 .debug_str     0x00000756       0x12 ../doan_soc_bsp/\libhal_bsp.a(alt_sys_init.o)
 .debug_str     0x00000768       0x12 ../doan_soc_bsp/\libhal_bsp.a(altera_avalon_jtag_uart_read.o)
 .debug_str     0x0000077a       0x12 ../doan_soc_bsp/\libhal_bsp.a(altera_avalon_jtag_uart_write.o)
 .debug_str     0x0000078c       0x12 ../doan_soc_bsp/\libhal_bsp.a(alt_close.o)
 .debug_str     0x0000079e       0x12 ../doan_soc_bsp/\libhal_bsp.a(alt_dcache_flush_all.o)
 .debug_str     0x000007b0       0x12 ../doan_soc_bsp/\libhal_bsp.a(alt_dev.o)
 .debug_str     0x000007c2       0x12 ../doan_soc_bsp/\libhal_bsp.a(alt_dev_llist_insert.o)
 .debug_str     0x000007d4       0x12 ../doan_soc_bsp/\libhal_bsp.a(alt_errno.o)
 .debug_str     0x000007e6       0x12 ../doan_soc_bsp/\libhal_bsp.a(alt_icache_flush_all.o)
 .debug_str     0x000007f8       0x12 ../doan_soc_bsp/\libhal_bsp.a(alt_io_redirect.o)
 .debug_str     0x0000080a       0x12 ../doan_soc_bsp/\libhal_bsp.a(alt_open.o)
 .debug_str     0x0000081c       0x12 ../doan_soc_bsp/\libhal_bsp.a(altera_nios2_qsys_irq.o)
 .debug_str     0x0000082e       0x12 ../doan_soc_bsp/\libhal_bsp.a(alt_find_dev.o)
 .debug_str     0x00000840       0x12 ../doan_soc_bsp/\libhal_bsp.a(alt_find_file.o)
 .debug_str     0x00000852       0x12 ../doan_soc_bsp/\libhal_bsp.a(alt_get_fd.o)
 .debug_str     0x00000864       0xdb c:/altera/13.0sp1/nios2eds/bin/gnu/h-i686-mingw32/bin/../lib/gcc/nios2-elf/4.1.2/../../../../nios2-elf/lib/mno-hw-mul\libsmallc.a(lib_a-atexit.o)
                                0x1e5 (size before relaxing)
 .debug_str     0x0000093f       0x41 c:/altera/13.0sp1/nios2eds/bin/gnu/h-i686-mingw32/bin/../lib/gcc/nios2-elf/4.1.2/../../../../nios2-elf/lib/mno-hw-mul\libsmallc.a(lib_a-exit.o)
                                0x178 (size before relaxing)
 .debug_str     0x00000980       0x45 c:/altera/13.0sp1/nios2eds/bin/gnu/h-i686-mingw32/bin/../lib/gcc/nios2-elf/4.1.2/../../../../nios2-elf/lib/mno-hw-mul\libsmallc.a(lib_a-memcmp.o)
                                0x17e (size before relaxing)
 .debug_str     0x000009c5       0x54 c:/altera/13.0sp1/nios2eds/bin/gnu/h-i686-mingw32/bin/../lib/gcc/nios2-elf/4.1.2/../../../../nios2-elf/lib/mno-hw-mul\libsmallc.a(lib_a-__atexit.o)
                                0x467 (size before relaxing)
 .debug_str     0x00000a19       0x7e c:/altera/13.0sp1/nios2eds/bin/gnu/h-i686-mingw32/bin/../lib/gcc/nios2-elf/4.1.2/../../../../nios2-elf/lib/mno-hw-mul\libsmallc.a(lib_a-__call_atexit.o)
                                0x491 (size before relaxing)
 .debug_str     0x00000a97       0xcc c:/altera/13.0sp1/nios2eds/bin/gnu/h-i686-mingw32/bin/../lib/gcc/nios2-elf/4.1.2/mno-hw-mul\libgcc.a(lib2-mul.o)
                                0x175 (size before relaxing)
 .debug_str     0x00000b63       0x1c ../doan_soc_bsp/\libhal_bsp.a(alt_exit.o)

.debug_loc      0x00000000      0xe39
 *(.debug_loc)
 .debug_loc     0x00000000       0xd7 obj/default/main.o
 .debug_loc     0x000000d7       0xa2 c:/altera/13.0sp1/nios2eds/bin/gnu/h-i686-mingw32/bin/../lib/gcc/nios2-elf/4.1.2/../../../../nios2-elf/lib/mno-hw-mul\libsmallc.a(lib_a-puts.o)
 .debug_loc     0x00000179       0x1e c:/altera/13.0sp1/nios2eds/bin/gnu/h-i686-mingw32/bin/../lib/gcc/nios2-elf/4.1.2/../../../../nios2-elf/lib/mno-hw-mul\libsmallc.a(lib_a-strlen.o)
 .debug_loc     0x00000197      0x162 c:/altera/13.0sp1/nios2eds/bin/gnu/h-i686-mingw32/bin/../lib/gcc/nios2-elf/4.1.2/../../../../nios2-elf/lib/mno-hw-mul\libsmallc.a(lib_a-fvwrite_small_dev.o)
 .debug_loc     0x000002f9       0x97 c:/altera/13.0sp1/nios2eds/bin/gnu/h-i686-mingw32/bin/../lib/gcc/nios2-elf/4.1.2/../../../../nios2-elf/lib/mno-hw-mul\libsmallc.a(lib_a-writer.o)
 .debug_loc     0x00000390       0xac ../doan_soc_bsp/\libhal_bsp.a(alt_iic.o)
 .debug_loc     0x0000043c       0x2b ../doan_soc_bsp/\libhal_bsp.a(alt_iic_isr_register.o)
 .debug_loc     0x00000467       0x2b ../doan_soc_bsp/\libhal_bsp.a(alt_irq_handler.o)
 .debug_loc     0x00000492       0x56 ../doan_soc_bsp/\libhal_bsp.a(alt_load.o)
 .debug_loc     0x000004e8       0x2b ../doan_soc_bsp/\libhal_bsp.a(alt_main.o)
 .debug_loc     0x00000513       0x56 ../doan_soc_bsp/\libhal_bsp.a(alt_write.o)
 .debug_loc     0x00000569       0x81 ../doan_soc_bsp/\libhal_bsp.a(alt_sys_init.o)
 .debug_loc     0x000005ea       0x56 ../doan_soc_bsp/\libhal_bsp.a(altera_avalon_jtag_uart_fd.o)
 .debug_loc     0x00000640       0x2b ../doan_soc_bsp/\libhal_bsp.a(altera_avalon_jtag_uart_read.o)
 .debug_loc     0x0000066b       0x2b ../doan_soc_bsp/\libhal_bsp.a(altera_avalon_jtag_uart_write.o)
 .debug_loc     0x00000696       0x56 ../doan_soc_bsp/\libhal_bsp.a(alt_close.o)
 .debug_loc     0x000006ec       0x2b ../doan_soc_bsp/\libhal_bsp.a(alt_dcache_flush_all.o)
 .debug_loc     0x00000717       0x2b ../doan_soc_bsp/\libhal_bsp.a(alt_dev.o)
 .debug_loc     0x00000742       0x56 ../doan_soc_bsp/\libhal_bsp.a(alt_dev_llist_insert.o)
 .debug_loc     0x00000798       0x2b ../doan_soc_bsp/\libhal_bsp.a(alt_do_ctors.o)
 .debug_loc     0x000007c3       0x2b ../doan_soc_bsp/\libhal_bsp.a(alt_do_dtors.o)
 .debug_loc     0x000007ee       0x2b ../doan_soc_bsp/\libhal_bsp.a(alt_icache_flush_all.o)
 .debug_loc     0x00000819       0x56 ../doan_soc_bsp/\libhal_bsp.a(alt_io_redirect.o)
 .debug_loc     0x0000086f       0x81 ../doan_soc_bsp/\libhal_bsp.a(alt_open.o)
 .debug_loc     0x000008f0       0x2b ../doan_soc_bsp/\libhal_bsp.a(alt_release_fd.o)
 .debug_loc     0x0000091b       0x2b ../doan_soc_bsp/\libhal_bsp.a(altera_nios2_qsys_irq.o)
 .debug_loc     0x00000946       0x2b ../doan_soc_bsp/\libhal_bsp.a(alt_find_dev.o)
 .debug_loc     0x00000971       0x2b ../doan_soc_bsp/\libhal_bsp.a(alt_find_file.o)
 .debug_loc     0x0000099c       0x2b ../doan_soc_bsp/\libhal_bsp.a(alt_get_fd.o)
 .debug_loc     0x000009c7       0x1e c:/altera/13.0sp1/nios2eds/bin/gnu/h-i686-mingw32/bin/../lib/gcc/nios2-elf/4.1.2/../../../../nios2-elf/lib/mno-hw-mul\libsmallc.a(lib_a-atexit.o)
 .debug_loc     0x000009e5       0x3d c:/altera/13.0sp1/nios2eds/bin/gnu/h-i686-mingw32/bin/../lib/gcc/nios2-elf/4.1.2/../../../../nios2-elf/lib/mno-hw-mul\libsmallc.a(lib_a-exit.o)
 .debug_loc     0x00000a22       0x70 c:/altera/13.0sp1/nios2eds/bin/gnu/h-i686-mingw32/bin/../lib/gcc/nios2-elf/4.1.2/../../../../nios2-elf/lib/mno-hw-mul\libsmallc.a(lib_a-memcmp.o)
 .debug_loc     0x00000a92      0x141 c:/altera/13.0sp1/nios2eds/bin/gnu/h-i686-mingw32/bin/../lib/gcc/nios2-elf/4.1.2/../../../../nios2-elf/lib/mno-hw-mul\libsmallc.a(lib_a-__atexit.o)
 .debug_loc     0x00000bd3      0x1c1 c:/altera/13.0sp1/nios2eds/bin/gnu/h-i686-mingw32/bin/../lib/gcc/nios2-elf/4.1.2/../../../../nios2-elf/lib/mno-hw-mul\libsmallc.a(lib_a-__call_atexit.o)
 .debug_loc     0x00000d94       0x4f c:/altera/13.0sp1/nios2eds/bin/gnu/h-i686-mingw32/bin/../lib/gcc/nios2-elf/4.1.2/mno-hw-mul\libgcc.a(lib2-mul.o)
 .debug_loc     0x00000de3       0x56 ../doan_soc_bsp/\libhal_bsp.a(alt_exit.o)

.debug_macinfo
 *(.debug_macinfo)

.debug_weaknames
 *(.debug_weaknames)

.debug_funcnames
 *(.debug_funcnames)

.debug_typenames
 *(.debug_typenames)

.debug_varnames
 *(.debug_varnames)

.debug_alt_sim_info
                0x00000000       0x10
 *(.debug_alt_sim_info)
 .debug_alt_sim_info
                0x00000000       0x10 ../doan_soc_bsp//obj/HAL/src/crt0.o
                0x00008000                __alt_data_end = 0x8000
                0x00008000                PROVIDE (__alt_stack_pointer, __alt_data_end)
                0x00002558                PROVIDE (__alt_stack_limit, __alt_stack_base)
                0x00002558                PROVIDE (__alt_heap_start, end)
                0x00008000                PROVIDE (__alt_heap_limit, 0x8000)
OUTPUT(doan_soc.elf elf32-littlenios2)

.debug_ranges   0x00000000       0x90
 .debug_ranges  0x00000000       0x20 ../doan_soc_bsp//obj/HAL/src/crt0.o
 .debug_ranges  0x00000020       0x28 ../doan_soc_bsp/\libhal_bsp.a(alt_irq_entry.o)
 .debug_ranges  0x00000048       0x30 ../doan_soc_bsp/\libhal_bsp.a(alt_exception_entry.o)
 .debug_ranges  0x00000078       0x18 c:/altera/13.0sp1/nios2eds/bin/gnu/h-i686-mingw32/bin/../lib/gcc/nios2-elf/4.1.2/../../../../nios2-elf/lib/mno-hw-mul\libsmallc.a(lib_a-__call_atexit.o)
